WAVE3_ALL_UNKNOWN: launching bounded Wave 4
{
  "aggregate_charged_seconds": 78622.97840175602,
  "aggregate_wall_seconds": 28800.071624329023,
  "branches": {
    "32-overlap1": {
      "charged_slot_seconds": 7399.784689125023,
      "clauses": 139977,
      "cnf": "32-overlap1.cnf",
      "cnf_sha256": "377bb2ce701aafb45c4746ee8165ae8eccce8bb13a77b8491d6dc22a5380fa85",
      "commands": [
        [
          "/usr/bin/cadical",
          "-t",
          "7399",
          "/root/projects/maph/discovery/out/cover-23-6-2-wave4-20260807/32-overlap1.cnf"
        ]
      ],
      "solver_log": "32-overlap1.solver.log",
      "status": "UNKNOWN_SOLVER_LIMIT",
      "variables": 65228
    },
    "32-overlap2": {
      "charged_slot_seconds": 7399.784448763996,
      "clauses": 139977,
      "cnf": "32-overlap2.cnf",
      "cnf_sha256": "540bc6dd32ebb1d987b3dd158cd937738e058478510e3cf68d3a40b231ccdacb",
      "commands": [
        [
          "/usr/bin/cadical",
          "-t",
          "7399",
          "/root/projects/maph/discovery/out/cover-23-6-2-wave4-20260807/32-overlap2.cnf"
        ]
      ],
      "solver_log": "32-overlap2.solver.log",
      "status": "UNKNOWN_SOLVER_LIMIT",
      "variables": 65228
    }
  },
  "caps": {
    "branch_seconds": 7400,
    "core_seconds": 86400.0,
    "disk_bytes": 120259084288,
    "max_workers": 3,
    "memory_bytes": 10737418240,
    "system_disk_reserve_bytes": 5368709120,
    "wall_seconds": 28800.0
  },
  "checker": "/root/projects/maph/discovery/out/toolchain/drat-trim-v05.22.2023/drat-trim",
  "checker_sha256": "a48ebed7b4b6b373d3ddbeb3368dae7622a9e17bab7fe6eb751ab996757f9fbe",
  "claim_boundary": "SAT requires direct pair verification; UNSAT requires the external checker; limits or incomplete branches decide neither covering number",
  "command": [
    "discovery/cover_23_6_2_bounded_experiment.py",
    "--execute",
    "--branches",
    "32-overlap1",
    "32-overlap2",
    "--core-hours",
    "24",
    "--wall-hours",
    "8",
    "--prior-core-seconds",
    "63800",
    "--prior-wall-seconds",
    "21400",
    "--branch-seconds",
    "7400",
    "--max-workers",
    "3",
    "--memory-gib",
    "10",
    "--disk-gib",
    "112",
    "--solver",
    "/usr/bin/cadical",
    "--checker",
    "discovery/out/toolchain/drat-trim-v05.22.2023/drat-trim",
    "--output",
    "discovery/out/cover-23-6-2-wave4-20260807"
  ],
  "coordinator_cpu_seconds": 23.409266137,
  "current_charged_slot_seconds": 14799.569137889019,
  "current_wall_seconds": 7400.071624329023,
  "finished_utc": "2026-08-07T08:16:09Z",
  "frozen_inputs": {
    "/root/projects/maph/discovery/cover_23_6_2_bounded_experiment.py": "441e3ab70f470c5b47be4482811b1c8ea4f1a85edfd64c692ffc68f16fbdd6b6",
    "/root/projects/maph/discovery/cover_23_6_2_encoding.md": "6449d2eaa41d2f92ef8867fb9bf507796f239427444f5cc3f5989a3d59dde618",
    "/root/projects/maph/discovery/cover_23_6_2_excess_spectral.md": "1dd8ec1aac0e393f095b055c974ee73190abfa91268d06115a1994a377d1350d",
    "/root/projects/maph/discovery/cover_23_6_2_sat.py": "5571ebcf4b8d57baacd4de62c487ef6875b9bce2b426f5a59311058f54592999",
    "/root/projects/maph/discovery/cover_23_6_2_star_cases.py": "67e8be55c5d16ccefedde0a4c6723192c6de48af8edb56ceadebb4800bb9253e"
  },
  "known_output_bytes": 5934955,
  "peak_known_output_bytes": 5934955,
  "peak_rss_bytes": 599113728,
  "prior_consumption": {
    "core_seconds": 63800.0,
    "wall_seconds": 21400.0
  },
  "python": "3.12.3 (main, Jun 19 2026, 12:46:00) [GCC 13.3.0]",
  "selected_branches": [
    "32-overlap1",
    "32-overlap2"
  ],
  "solver": "/usr/bin/cadical",
  "solver_sha256": "7b73df0a6d9cf3c751a1948300e5baff8e82c4d39bcd88f0c063b5f5cfb8b33e",
  "started_utc": "2026-08-07T06:12:49Z",
  "status": "INCOMPLETE"
}
