c --- [ banner ] -------------------------------------------------------------
c 
c CaDiCaL SAT Solver
c Copyright (c) 2016-2023 A. Biere, M. Fleury, N. Froleyks, K. Fazekas, F. Pollitt
c 
c Version 1.7.3
c g++-13.2.0
c Feb 11 2024 04:08:27
c 
c --- [ limit ] --------------------------------------------------------------
c 
c setting time limit to 28658 seconds real time (due to '-t 28658')
c 
c --- [ parsing input ] ------------------------------------------------------
c 
c reading DIMACS file from '/root/projects/maph/discovery/out/cover-23-6-2-bounded-decision-20260807/222-double-share.cnf'
c opening file to read '/root/projects/maph/discovery/out/cover-23-6-2-bounded-decision-20260807/222-double-share.cnf'
c found 'p cnf 65228 139977' header
c parsed 139977 clauses in 0.05 seconds process time
c closing file '/root/projects/maph/discovery/out/cover-23-6-2-bounded-decision-20260807/222-double-share.cnf'
c 
c --- [ options ] ------------------------------------------------------------
c 
c all options are set to their default value
c 
c --- [ solving ] ------------------------------------------------------------
c 
c time measured in process time since initialization
c 
c  seconds  reductions  redundant  irredundant
c         MB    restarts       trail       variables
c          level   conflicts       glue         remaining
c 
c *  0.05 28  0 0   0    0    0  0% 0 124195 57315 88%
c {  0.05 29  0 0   0    0    0  0% 0 124195 57315 88%
c i  0.05 29 25 0   0    8    4 22% 3 124195 56860 87%
c i  0.05 29 27 0   0   12    7 22% 3 124195 56858 87%
c i  0.06 30 44 0  22  182  151 21% 5 124195 56766 87%
c i  0.07 30 39 0  36  288  246 21% 4 124195 56704 87%
c i  0.07 30 39 0  36  289  246 21% 4 124195 56583 87%
c -  0.08 30 39 1  36  300  253 20% 4 114517 56583 87%
c i  0.11 30 39 1 103  926  773 20% 5 114517 56490 87%
c -  0.14 35 38 2 103  939  735 20% 5 114174 56480 87%
c }  0.14 35 37 2 104 1001  786 20% 5 114174 56480 87%
c [  0.14 35  0 2 104 1001  786  0% 0 114174 56480 87%
c O  0.14 35 24 2 104 1002  787 22% 6 114174 56480 87%
c -  0.21 35 51 3 104 1890 1464 31% 20 114174 56480 87%
c s  0.30 40 66 3 105 2235 1744 13% 23 109884 56480 87%
c v  0.32 40 66 3 105 2235 1744 13% 23 109882 56480 87%
c w  0.33 40 66 3 105 2235 1743 13% 23 109882 56480 87%
c t  0.34 40 66 3 105 2235 1737 13% 23 109437 56086 86%
c e  0.43 41 66 3 105 2235  138 13% 23 33300 7747 12%
c s  0.44 44 66 3 105 2235  133 13% 23 33121 7747 12%
c 
c  seconds  reductions  redundant   irredundant
c         MB    restarts       trail      variables
c          level   conflicts       glue        remaining
c 
c e  0.45 44 66 3 105 2235  133 13% 23 33118 7719 12%
c ]  0.48 44 77 3 105 3002  861  7% 22 33118 7719 12%
c {  0.48 44 37 3 105 3002  861 23% 5 33118 7719 12%
c F  0.48 44 37 3 105 3003  862 23% 5 33118 7719 12%
c -  0.50 38 38 4 128 3159  985 20% 5 33118 7719 12%
c i  0.50 38 41 4 153 3263 1074 19% 5 33118 7705 12%
c -  0.55 38 42 5 417 4660 1735 11% 7 33014 7702 12%
c 3  0.58 40 44 5 497 5000 9670 10% 7 33014 7702 12%
c 2  0.60 40 44 5 497 5000 9850 10% 7 33014 7702 12%
c p  0.62 40 44 5 497 5000 17503 10% 7 33014 7672 12%
c #  0.68 40 48 5 685 6006 18366  8% 8 33014 7672 12%
c -  0.72 40 49 6 787 6460 3090 26% 8 32813 7672 12%
c }  0.73 40 46 6 874 7004 3453 17% 9 32813 7672 12%
c [  0.74 40 77 6 874 7004 3453 53% 22 32813 7672 12%
c -  0.81 40 85 7 875 8562 3396 47% 26 32813 7672 12%
c I  0.87 40 81 7 876 10007 4741 42% 26 32813 7672 12%
c s  0.90 40 76 7 877 10641 5242 39% 25 31985 7672 12%
c v  0.91 40 76 7 877 10641 5242 39% 25 31941 7672 12%
c w  0.91 40 76 7 877 10641 5240 39% 25 31941 7672 12%
c t  0.91 40 76 7 877 10641 5235 39% 25 31908 7672 12%
c 
c  seconds  reductions   redundant   irredundant
c         MB    restarts        trail      variables
c          level    conflicts       glue        remaining
c 
c e  0.92 40 76 7 877 10641 4171 39% 25 31632 7426 11%
c s  0.92 40 76 7 877 10641 4159 39% 25 31590 7426 11%
c e  0.93 40 76 7 877 10641 4158 39% 25 31589 7424 11%
c -  0.94 40 76 8 877 10964 3379 40% 25 31589 7424 11%
c -  1.06 40 86 9 879 13664 4078 38% 35 31589 7424 11%
c 3  1.13 40 88 9 879 15001 9608 38% 36 31589 7424 11%
c 3  1.13 40 88 9 879 15001 10412 38% 36 31589 7424 11%
c p  1.15 40 88 9 879 15001 17743 38% 36 31589 7404 11%
c d  1.15 40 88 9 879 15001 16871 38% 36 31504 7403 11%
c ]  1.16 40 88 9 879 15006 16875 38% 36 31504 7403 11%
c {  1.16 40 46 9 879 15006 16875 17% 9 31504 7403 11%
c B  1.16 40 46 9 880 15008 16877 17% 9 31504 7403 11%
c -  1.21 40 43 10 1042 16664 4936 17% 9 31504 7403 11%
c i  1.22 40 43 10 1107 17223 5392 18% 9 31504 7386 11%
c -  1.31 40 46 11 1431 19965 5378 20% 9 31411 7386 11%
c W  1.35 40 45 11 1482 21009 6302 20% 9 31411 7386 11%
c s  1.45 40 45 11 1794 23176 7797 21% 9 31366 7386 11%
c v  1.46 40 45 11 1794 23176 7797 21% 9 31010 7386 11%
c w  1.46 40 45 11 1794 23176 7794 21% 9 31010 7386 11%
c t  1.46 40 45 11 1794 23176 7785 21% 9 31002 7386 11%
c 
c  seconds  reductions     redundant  irredundant
c         MB     restarts         trail     variables
c          level      conflicts       glue       remaining
c 
c e  1.47 40 45 11 1794 23176 6883 21% 9 30929 7322 11%
c s  1.48 40 45 11 1794 23176 6852 21% 9 30911 7322 11%
c e  1.48 40 45 11 1794 23176 6852 21% 9 30910 7321 11%
c -  1.50 40 45 12 1837 23569 5635 21% 9 30910 7321 11%
c -  1.63 40 44 13 2233 27469 6757 21% 9 30910 7321 11%
c F  1.64 40 43 13 2233 28011 7164 20% 9 30910 7321 11%
c d  1.70 40 41 13 2364 30001 8758 20% 9 30910 7317 11%
c 3  1.70 40 41 13 2364 30001 11839 20% 9 30910 7317 11%
c d  1.71 40 41 13 2364 30001 12463 20% 9 30910 7316 11%
c 2  1.71 40 41 13 2364 30001 12459 20% 9 30910 7316 11%
c p  1.72 40 41 13 2364 30001 18601 20% 9 30910 7316 11%
c d  1.73 40 41 13 2364 30001 18591 20% 9 30909 7314 11%
c }  1.76 40 40 13 2416 31008 19418 20% 9 30909 7314 11%
c [  1.76 40 88 13 2416 31008 19418 38% 36 30909 7314 11%
c -  1.79 40 85 14 2416 31670 8107 37% 35 30909 7314 11%
c B  1.97 40 78 14 2419 36012 12265 37% 32 30909 7314 11%
c -  1.98 40 78 15 2419 36174 9164 37% 32 30909 7314 11%
c s  2.17 40 82 15 2422 39800 12344 38% 33 30898 7314 11%
c v  2.19 40 82 15 2422 39800 12344 38% 33 30867 7314 11%
c w  2.19 40 82 15 2422 39800 12341 38% 33 30867 7314 11%
c 
c  seconds  reductions      redundant   irredundant
c         MB     restarts          trail      variables
c          level      conflicts        glue        remaining
c 
c t  2.19 40 82 15 2422 39800 12340 38% 33 30866 7314 11%
c e  2.20 40 82 15 2422 39800 12182 38% 33 30792 7277 11%
c s  2.20 40 82 15 2422 39800 12163 38% 33 30723 7277 11%
c -  2.27 40 82 16 2422 40975 8579 38% 33 30723 7277 11%
c W  2.53 40 83 16 2423 45014 12406 39% 36 30723 7277 11%
c -  2.59 40 84 17 2424 46075 8895 39% 36 30723 7277 11%
c d  2.80 40 86 17 2424 50001 12549 39% 39 30723 7276 11%
c 3  2.81 40 86 17 2424 50001 14976 39% 39 30723 7276 11%
c 3  2.81 40 86 17 2424 50001 15972 39% 39 30723 7276 11%
c 2  2.82 40 86 17 2424 50001 15971 39% 39 30723 7276 11%
c p  2.83 40 86 17 2424 50001 22235 39% 39 30723 7276 11%
c -  2.93 40 85 18 2424 51475 9490 39% 40 30723 7276 11%
c O  3.11 40 83 18 2425 55016 12858 39% 40 30723 7276 11%
c -  3.22 40 82 19 2427 57178 9915 39% 39 30723 7276 11%
c s  3.39 40 83 19 2429 60581 13108 39% 39 30723 7276 11%
c v  3.41 40 83 19 2429 60581 13108 39% 39 30639 7276 11%
c w  3.41 40 83 19 2429 60581 13108 39% 39 30639 7276 11%
c e  3.42 40 83 19 2429 60581 13108 39% 39 30533 7213 11%
c s  3.42 40 83 19 2429 60581 13099 39% 39 30467 7213 11%
c e  3.43 40 83 19 2429 60581 13099 39% 39 30467 7212 11%
c 
c  seconds  reductions      redundant   irredundant
c         MB     restarts          trail      variables
c          level      conflicts        glue        remaining
c 
c ]  3.56 40 84 19 2431 63008 15422 39% 39 30467 7212 11%
c {  3.56 40 40 19 2431 63008 15422 20% 9 30467 7212 11%
c -  3.57 40 41 20 2447 63179 10411 20% 9 30467 7212 11%
c B  3.68 40 39 20 2693 66019 12927 20% 9 30467 7212 11%
c -  3.80 40 37 21 2827 69480 10161 20% 9 30467 7212 11%
c i  3.86 40 34 21 2828 71664 11751 20% 9 30467 7207 11%
c d  3.99 40 35 21 3450 75003 12191 20% 9 30452 7200 11%
c 3  3.99 40 35 21 3450 75003 15157 20% 9 30452 7200 11%
c 3  4.00 40 35 21 3450 75003 15810 20% 9 30452 7200 11%
c d  4.00 40 35 21 3450 75003 15801 20% 9 30452 7199 11%
c 2  4.00 40 35 21 3450 75003 15795 20% 9 30452 7199 11%
c p  4.02 40 35 21 3450 75003 21832 20% 9 30452 7196 11%
c -  4.05 40 34 22 3726 76080 9817 20% 10 30443 7196 11%
c W  4.12 40 34 22 4052 78031 11328 20% 10 30443 7196 11%
c -  4.29 40 34 23 4459 82980 12206 20% 10 30443 7196 11%
c s  4.39 40 34 23 4759 85528 14069 20% 10 30431 7196 11%
c v  4.40 40 34 23 4759 85528 14069 20% 10 30344 7196 11%
c w  4.41 40 34 23 4759 85528 14060 20% 10 30344 7196 11%
c t  4.41 40 34 23 4759 85528 14053 20% 10 30344 7196 11%
c e  4.41 40 34 23 4759 85528 14038 20% 10 30278 7143 11%
c 
c  seconds  reductions      redundant   irredundant
c         MB     restarts          trail      variables
c          level      conflicts        glue        remaining
c 
c s  4.42 40 34 23 4759 85528 14009 20% 10 30183 7143 11%
c e  4.42 40 34 23 4759 85528 13902 20% 10 30167 7131 11%
c -  4.58 40 34 24 5572 90181 13447 20% 10 30167 7131 11%
c #  4.62 40 34 24 5733 91032 14239 20% 10 30167 7131 11%
c -  4.93 40 35 25 6552 97682 14886 20% 10 30167 7131 11%
c i  5.06 40 35 25 6933 101015 17741 20% 10 30167 7130 11%
c d  5.24 40 36 25 7403 105003 21103 21% 10 30164 7094 11%
c d  5.24 40 36 25 7403 105003 21084 21% 10 30164 7093 11%
c 3  5.24 40 36 25 7403 105003 24329 21% 10 30164 7093 11%
c 3  5.25 40 36 25 7403 105003 25036 21% 10 30164 7093 11%
c d  5.25 40 36 25 7403 105003 25018 21% 10 30164 7091 11%
c 2  5.25 40 36 25 7403 105003 25011 21% 10 30164 7091 11%
c p  5.27 40 36 25 7403 105003 31517 21% 10 30164 7076 11%
c d  5.28 40 36 25 7403 105003 31205 21% 10 30087 7065 11%
c B  5.28 40 36 25 7403 105034 31230 21% 10 30087 7065 11%
c -  5.30 40 36 26 7415 105482 16015 21% 10 30087 7065 11%
c i  5.36 40 36 26 7540 107129 17254 21% 10 30087 7060 11%
c -  5.59 40 35 27 8455 113583 16123 20% 11 30072 7060 11%
c s  5.64 40 36 27 8545 114660 16705 21% 11 30048 7060 11%
c v  5.66 40 36 27 8545 114660 16705 21% 11 30043 7060 11%
c 
c  seconds  reductions       redundant   irredundant
c         MB     restarts           trail      variables
c          level      conflicts         glue        remaining
c 
c w  5.66 40 36 27 8545 114660 16698 21% 11 30043 7060 11%
c t  5.66 40 36 27 8545 114660 16691 21% 11 30043 7060 11%
c e  5.67 40 36 27 8545 114660 16642 21% 11 30027 7044 11%
c s  5.68 40 36 27 8545 114660 16606 21% 11 30008 7044 11%
c e  5.68 40 36 27 8545 114660 16606 21% 11 30006 7042 11%
c W  5.95 40 36 27 9115 120036 21362 21% 11 30006 7042 11%
c -  6.05 40 36 28 9309 121983 17384 21% 11 30006 7042 11%
c }  6.24 40 36 28 9740 127009 21855 21% 11 30006 7042 11%
c [  6.24 40 84 28 9740 127009 21855 39% 39 30006 7042 11%
c -  6.39 40 83 29 9740 130684 18379 39% 38 30006 7042 11%
c B  6.58 40 85 29 9745 136037 23292 38% 39 30006 7042 11%
c -  6.77 40 84 30 9747 139684 18497 38% 38 30006 7042 11%
c d  6.78 40 84 30 9747 140003 18700 38% 38 30006 7017 11%
c 3  6.79 40 84 30 9747 140003 22032 38% 38 30006 7017 11%
c 3  6.79 40 84 30 9747 140003 22858 38% 38 30006 7017 11%
c d  6.80 40 84 30 9747 140003 22813 38% 38 30006 7012 11%
c 2  6.80 40 84 30 9747 140003 22808 38% 38 30006 7012 11%
c p  6.82 40 84 30 9747 140003 28582 38% 38 30006 7011 11%
c d  6.82 40 84 30 9747 140003 28543 38% 38 30001 7005 11%
c s  7.23 40 84 30 9748 148121 35808 38% 38 29987 7005 11%
c 
c  seconds  reductions       redundant   irredundant
c         MB     restarts           trail      variables
c          level      conflicts         glue        remaining
c 
c v  7.25 40 84 30 9748 148121 35808 38% 38 29967 7005 11%
c w  7.26 40 84 30 9748 148121 35800 38% 38 29967 7005 11%
c t  7.26 40 84 30 9748 148121 35792 38% 38 29963 7005 11%
c e  7.27 40 84 30 9748 148121 34348 38% 38 29958 6997 11%
c s  7.28 40 84 30 9748 148121 34288 38% 38 29940 6997 11%
c -  7.36 40 84 31 9748 148985 18100 38% 38 29940 6997 11%
c W  7.68 40 83 31 9749 153038 21823 38% 39 29940 6997 11%
c -  7.95 40 81 32 9749 158586 18250 38% 38 29940 6997 11%
c -  8.58 40 79 33 9750 168487 19095 38% 39 29940 6997 11%
c I  8.75 40 78 33 9752 171039 21432 38% 39 29940 6997 11%
c -  9.11 40 78 34 9756 178687 19608 39% 39 29940 6997 11%
c d  9.19 40 78 34 9756 180003 20830 39% 40 29940 6990 11%
c p  9.21 40 78 34 9756 180003 30080 39% 40 29940 6990 11%
c d  9.21 40 78 34 9756 180003 30062 39% 40 29940 6988 11%
c s  9.52 40 77 34 9760 185872 35146 39% 40 29940 6988 11%
c v  9.55 40 77 34 9760 185872 35146 39% 40 29928 6988 11%
c w  9.56 40 77 34 9760 185872 35142 39% 40 29928 6988 11%
c t  9.56 40 77 34 9760 185872 35140 39% 40 29928 6988 11%
c e  9.56 40 77 34 9760 185872 35123 39% 40 29924 6982 11%
c s  9.57 40 77 34 9760 185872 35107 39% 40 29891 6982 11%
c 
c  seconds  reductions       redundant   irredundant
c         MB     restarts           trail      variables
c          level      conflicts         glue        remaining
c 
c -  9.78 40 76 35 9763 189187 19361 38% 40 29891 6982 11%
c B  9.83 40 75 35 9763 190040 20070 38% 40 29891 6982 11%
c - 10.45 40 79 36 9764 199988 19763 38% 42 29891 6982 11%
c W 11.19 40 79 36 9771 210041 28755 38% 45 29891 6982 11%
c - 11.27 40 78 37 9771 211089 20192 38% 45 29891 6982 11%
c - 12.10 40 78 38 9778 222491 20689 39% 47 29891 6982 11%
c d 12.28 40 78 38 9778 225007 23070 39% 47 29891 6981 11%
c 3 12.29 40 78 38 9778 225007 25882 39% 47 29891 6981 11%
c d 12.30 40 78 38 9778 225007 27039 39% 47 29891 6980 11%
c p 12.31 40 78 38 9778 225007 32541 39% 47 29891 6980 11%
c s 12.57 40 78 38 9779 227832 34819 39% 47 29891 6980 11%
c v 12.60 40 78 38 9779 227832 34819 39% 47 29844 6980 11%
c w 12.61 40 78 38 9779 227832 34816 39% 47 29844 6980 11%
c e 12.61 40 78 38 9779 227832 34802 39% 47 29839 6972 11%
c s 12.62 40 78 38 9779 227832 34793 39% 47 29832 6972 11%
c e 12.62 40 78 38 9779 227832 34793 39% 47 29831 6971 11%
c O 12.85 40 78 38 9779 231043 37732 39% 48 29831 6971 11%
c - 12.97 40 77 39 9779 234191 21974 38% 47 29831 6971 11%
c - 13.70 40 92 40 9780 246192 21579 38% 51 29831 6971 11%
c B 14.24 40 98 40 9781 253044 27852 37% 54 29831 6971 11%
c 
c  seconds   reductions       redundant   irredundant
c         MB      restarts           trail      variables
c           level      conflicts         glue        remaining
c 
c ] 14.34 40 100 40 9781 255011 29719 37% 54 29831 6971 11%
c { 14.34 40 36 40 9781 255011 29719 21% 11 29831 6971 11%
c - 14.55 40 37 41 10175 258495 23219 21% 11 29831 6971 11%
c - 14.99 40 35 42 12277 271098 22579 21% 11 29831 6971 11%
c s 15.06 40 34 42 12301 273975 24381 21% 11 29830 6971 11%
c v 15.09 40 34 42 12301 273975 24381 21% 11 29725 6971 11%
c w 15.10 40 34 42 12301 273975 24375 21% 11 29725 6971 11%
c t 15.10 40 34 42 12301 273975 24371 21% 11 29725 6971 11%
c e 15.10 40 34 42 12301 273975 24371 21% 11 29712 6958 11%
c s 15.12 40 34 42 12301 273975 24301 21% 11 29707 6958 11%
c d 15.15 40 34 42 12301 275007 24962 21% 11 29707 6943 11%
c 3 15.16 40 34 42 12301 275007 28798 21% 11 29707 6943 11%
c d 15.17 40 34 42 12301 275007 28785 21% 11 29707 6942 11%
c p 15.18 40 34 42 12301 275007 34419 21% 11 29707 6941 11%
c d 15.19 40 34 42 12301 275007 34329 21% 11 29704 6939 11%
c F 15.23 40 34 42 12370 276045 35109 21% 11 29704 6939 11%
c - 15.51 40 33 43 12746 283999 24078 21% 11 29704 6939 11%
c - 16.08 40 33 44 13966 297199 26076 21% 11 29704 6939 11%
c B 16.23 40 33 44 14276 300046 28534 21% 11 29704 6939 11%
c - 16.61 40 31 45 14474 310699 25759 20% 11 29704 6939 11%
c 
c  seconds  reductions        redundant   irredundant
c         MB      restarts           trail      variables
c          level       conflicts         glue        remaining
c 
c i 16.87 40 29 45 14479 317022 30219 20% 11 29704 6938 11%
c s 17.30 40 30 45 15459 324233 35858 20% 11 29692 6938 11%
c v 17.33 40 30 45 15459 324233 35858 20% 11 29553 6938 11%
c w 17.34 40 30 45 15459 324233 35852 20% 11 29553 6938 11%
c t 17.34 40 30 45 15459 324233 35847 20% 11 29552 6938 11%
c e 17.35 40 30 45 15459 324233 35033 20% 11 29508 6895 11%
c s 17.37 40 30 45 15459 324233 34975 20% 11 29498 6895 11%
c - 17.39 40 30 46 15459 324499 19372 11% 11 29498 6895 11%
c W 17.50 40 30 46 15496 325047 19744 15% 11 29498 6895 11%
c d 17.69 40 30 46 16496 330009 24033 21% 11 29498 6863 11%
c 3 17.70 40 30 46 16496 330009 27239 21% 11 29498 6863 11%
c d 17.71 40 30 46 16496 330009 28079 21% 11 29498 6860 11%
c p 17.73 40 30 46 16496 330009 33185 21% 11 29498 6858 11%
c d 17.73 40 30 46 16496 330009 32982 21% 11 29492 6853 11%
c - 18.16 40 30 47 17988 338599 25444 20% 11 29492 6853 11%
c # 18.98 40 32 47 20145 351048 36926 23% 11 29492 6853 11%
c - 19.06 40 32 48 20322 352999 28338 23% 11 29492 6853 11%
c i 19.33 40 31 48 20555 361736 35558 22% 11 29492 6851 11%
c - 19.76 40 32 49 21599 367699 29368 23% 11 29486 6851 11%
c B 20.15 40 32 49 23561 378051 38114 22% 12 29486 6851 11%
c 
c  seconds  reductions        redundant   irredundant
c         MB      restarts           trail      variables
c          level       conflicts         glue        remaining
c 
c s 20.24 40 32 49 23690 378755 38355 22% 12 29474 6851 11%
c v 20.27 40 32 49 23690 378755 38355 22% 12 29425 6851 11%
c w 20.28 40 32 49 23690 378755 38344 22% 12 29425 6851 11%
c t 20.28 40 32 49 23690 378755 38330 22% 12 29425 6851 11%
c e 20.29 40 32 49 23690 378755 38263 22% 12 29421 6843 10%
c s 20.31 40 32 49 23690 378755 38173 22% 12 29421 6843 10%
c - 20.54 40 32 50 24127 382703 30494 22% 12 29421 6843 10%
c d 20.81 40 32 50 25608 390013 36907 22% 12 29421 6820 10%
c 3 20.82 40 32 50 25608 390013 40367 22% 12 29421 6820 10%
c d 20.84 40 32 50 25608 390013 41113 22% 12 29421 6816 10%
c 2 20.84 40 32 50 25608 390013 41112 22% 12 29421 6816 10%
c p 20.86 40 32 50 25608 390013 45497 22% 12 29421 6816 10%
c d 20.86 40 32 50 25608 390013 45485 22% 12 29421 6813 10%
c - 21.15 40 31 51 27066 398004 30412 21% 12 29421 6813 10%
c W 21.55 40 30 51 27245 406052 37259 22% 12 29421 6813 10%
c - 21.86 40 31 52 28292 413604 30806 22% 12 29421 6813 10%
c - 22.41 40 31 53 29476 429505 32631 23% 12 29421 6813 10%
c F 22.54 40 30 53 29505 435054 37152 23% 12 29421 6813 10%
c s 22.72 40 31 53 29895 437672 39400 23% 12 29419 6813 10%
c v 22.74 40 31 53 29895 437672 39400 23% 12 29411 6813 10%
c 
c  seconds  reductions        redundant   irredundant
c         MB      restarts           trail      variables
c          level       conflicts         glue        remaining
c 
c w 22.76 40 31 53 29895 437672 39397 23% 12 29411 6813 10%
c t 22.76 40 31 53 29895 437672 39390 23% 12 29411 6813 10%
c e 22.76 40 31 53 29895 437672 39353 23% 12 29407 6808 10%
c s 22.78 40 31 53 29895 437672 39323 23% 12 29404 6808 10%
c - 23.15 40 31 54 30622 445705 33100 23% 12 29404 6808 10%
c d 23.62 40 32 54 31974 455013 41338 23% 12 29404 6790 10%
c 3 23.62 40 32 54 31974 455013 44599 23% 12 29404 6790 10%
c 3 23.63 40 32 54 31974 455013 45528 23% 12 29404 6790 10%
c d 23.63 40 32 54 31974 455013 45490 23% 12 29404 6785 10%
c p 23.65 40 32 54 31974 455013 49929 23% 12 29404 6785 10%
c d 23.65 40 32 54 31974 455013 49905 23% 12 29404 6781 10%
c - 23.88 40 32 55 33525 462205 34344 22% 12 29404 6781 10%
c B 24.06 40 32 55 34087 465055 36874 22% 12 29404 6781 10%
c - 24.50 40 31 56 34765 479005 34111 22% 12 29404 6781 10%
c W 25.30 40 30 56 35605 496057 48485 22% 12 29404 6781 10%
c - 25.31 40 30 57 35605 496106 34989 22% 12 29404 6781 10%
c s 25.47 40 29 57 35636 500995 38519 22% 12 29401 6781 10%
c v 25.50 40 29 57 35636 500995 38519 22% 12 29385 6781 10%
c w 25.52 40 29 57 35636 500995 38517 22% 12 29385 6781 10%
c t 25.52 40 29 57 35636 500995 38510 22% 12 29385 6781 10%
c 
c  seconds  reductions        redundant   irredundant
c         MB      restarts           trail      variables
c          level       conflicts         glue        remaining
c 
c e 25.52 40 29 57 35636 500995 38485 22% 12 29384 6778 10%
c s 25.54 40 29 57 35636 500995 38460 22% 12 29383 6778 10%
c } 25.94 40 29 57 36092 511012 47180 22% 12 29383 6778 10%
c [ 25.94 40 100 57 36092 511012 47180 41% 54 29383 6778 10%
c - 26.02 40 98 58 36092 513507 35176 41% 53 29383 6778 10%
c d 26.68 40 95 58 36092 525015 46090 41% 48 29383 6772 10%
c 3 26.69 40 95 58 36092 525015 49156 41% 48 29383 6772 10%
c d 26.70 40 95 58 36092 525015 49914 41% 48 29383 6770 10%
c 2 26.70 40 95 58 36092 525015 49913 41% 48 29383 6770 10%
c p 26.72 40 95 58 36092 525015 54375 41% 48 29383 6770 10%
c W 27.12 40 96 58 36092 528058 57214 41% 49 29383 6770 10%
c - 27.38 50 97 59 36092 531208 37606 41% 48 29383 6770 10%
c - 28.71 48 95 60 36099 549208 35919 41% 48 29383 6770 10%
c I 29.74 48 90 60 36105 561059 47038 42% 47 29383 6770 10%
c - 30.08 40 86 61 36107 567509 35457 41% 46 29383 6770 10%
c s 30.17 40 86 61 36107 568711 36475 41% 45 29381 6770 10%
c v 30.20 40 86 61 36107 568711 36475 41% 45 29347 6770 10%
c w 30.21 40 86 61 36107 568711 36473 41% 45 29347 6770 10%
c t 30.21 40 86 61 36107 568711 36472 41% 45 29347 6770 10%
c e 30.22 40 86 61 36107 568711 35320 41% 45 29339 6759 10%
c 
c  seconds  reductions        redundant   irredundant
c         MB      restarts           trail      variables
c          level       conflicts         glue        remaining
c 
c s 30.23 40 86 61 36107 568711 35279 41% 45 29337 6759 10%
c - 31.20 43 77 62 36114 586112 35399 40% 42 29337 6759 10%
c B 31.74 43 74 62 36121 595062 43676 39% 41 29337 6759 10%
c d 32.08 43 75 62 36122 600018 48283 40% 41 29337 6757 10%
c p 32.12 43 75 62 36122 600018 56641 40% 41 29337 6757 10%
c - 32.53 43 74 63 36122 605013 36844 40% 42 29337 6757 10%
c - 34.22 44 72 64 36124 624213 36955 40% 42 29337 6757 10%
c W 34.85 44 71 64 36128 630065 42346 40% 42 29337 6757 10%
c s 35.15 44 67 64 36134 640723 50931 38% 40 29337 6757 10%
c v 35.19 44 67 64 36134 640723 50931 38% 40 29323 6757 10%
c w 35.21 44 67 64 36134 640723 50929 38% 40 29323 6757 10%
c e 35.22 44 67 64 36134 640723 50924 38% 40 29319 6751 10%
c s 35.23 44 67 64 36134 640723 50891 38% 40 29316 6751 10%
c - 35.38 44 66 65 36136 643714 36322 37% 40 29316 6751 10%
c - 37.03 44 65 66 36144 663515 36347 39% 40 29316 6751 10%
c O 37.31 44 65 66 36145 666067 38417 39% 40 29316 6751 10%
c d 38.19 44 68 66 36152 680018 51606 39% 40 29316 6748 10%
c 3 38.19 44 68 66 36152 680018 54484 39% 40 29316 6748 10%
c d 38.21 44 68 66 36152 680018 55316 39% 40 29316 6747 10%
c p 38.23 44 68 66 36152 680018 59932 39% 40 29316 6747 10%
c 
c  seconds  reductions        redundant   irredundant
c         MB      restarts           trail      variables
c          level       conflicts         glue        remaining
c 
c - 38.46 44 69 67 36153 683615 38755 39% 40 29316 6747 10%
c B 39.84 44 70 67 36154 703068 57169 39% 40 29316 6747 10%
c - 39.92 45 70 68 36154 704018 39589 39% 40 29316 6747 10%
c s 40.99 45 69 68 36155 716991 51744 40% 40 29316 6747 10%
c v 41.02 45 69 68 36155 716991 51744 40% 40 29309 6747 10%
c w 41.05 45 69 68 36155 716991 51741 40% 40 29309 6747 10%
c e 41.05 45 69 68 36155 716991 51741 40% 40 29308 6746 10%
c s 41.07 45 69 68 36155 716991 51730 40% 40 29308 6746 10%
c ^ 41.07 45 69 68 36155 716991 51730 40% 40 29308 6746 10%
c - 41.80 45 69 69 36155 724722 40375 40% 40 29308 6746 10%
c W 43.69 45 69 69 36156 741069 55220 40% 42 29308 6746 10%
c - 44.24 45 69 70 36156 745722 39982 41% 42 29308 6746 10%
c p 46.47 45 67 70 36156 765020 64164 41% 42 29308 6746 10%
c - 46.74 55 67 71 36156 767022 40899 41% 43 29308 6746 10%
c I 48.29 55 66 71 36156 780072 52279 42% 44 29308 6746 10%
c - 48.99 55 67 72 36156 788622 42165 41% 44 29308 6746 10%
c s 49.84 55 67 72 36156 797521 50244 41% 44 29308 6746 10%
c v 49.88 55 67 72 36156 797521 50244 41% 44 29304 6746 10%
c w 49.91 55 67 72 36156 797521 50240 41% 44 29304 6746 10%
c e 49.93 55 67 72 36156 797521 23421 41% 44 29556 6338 10%
c 
c  seconds  reductions        redundant   irredundant
c         MB      restarts           trail      variables
c          level       conflicts         glue        remaining
c 
c s 49.94 55 67 72 36156 797521 23377 41% 44 29543 6338 10%
c - 50.80 55 68 73 36159 810525 27426 41% 44 29543 6338 10%
c B 51.37 55 69 73 36164 820073 36491 41% 44 29543 6338 10%
c - 52.37 55 71 74 36171 832725 36709 40% 45 29543 6338 10%
c p 54.38 55 70 74 36180 855020 64260 39% 45 29543 6338 10%
c - 54.42 55 70 75 36180 855225 39595 39% 45 29543 6338 10%
c W 55.20 55 69 75 36184 861077 45148 39% 45 29543 6338 10%
c - 56.73 55 68 76 36187 878025 40388 39% 45 29543 6338 10%
c - 58.71 55 67 77 36194 901126 42130 39% 45 29543 6338 10%
c O 58.88 55 67 77 36194 903080 43948 39% 45 29543 6338 10%
c - 59.67 55 58 78 36203 924526 41232 35% 40 29543 6338 10%
c B 60.46 55 50 78 36216 946082 60481 31% 35 29543 6338 10%
c - 60.62 55 51 79 36216 948227 41283 31% 35 29543 6338 10%
c p 60.80 55 52 79 36217 950021 49801 31% 35 29543 6338 10%
c - 62.97 55 56 80 36218 972231 42253 33% 39 29543 6338 10%
c W 65.10 55 57 80 36219 990085 57986 34% 41 29543 6338 10%
c - 65.72 65 57 81 36219 996533 42937 34% 41 29543 6338 10%
c - 67.89 55 58 82 36228 1021135 44224 35% 41 29543 6338 10%
c ] 68.08 55 59 82 36229 1023012 45964 35% 41 29543 6338 10%
c { 68.08 55 29 82 36229 1023012 45964 22% 12 29543 6338 10%
c 
c  seconds  reductions         redundant   irredundant
c         MB      restarts            trail      variables
c          level        conflicts         glue        remaining
c 
c s 68.50 55 29 82 36691 1030886 51016 21% 12 29541 6338 10%
c v 68.59 55 29 82 36691 1030886 51016 21% 12 29373 6338 10%
c w 68.62 55 29 82 36691 1030886 51005 21% 12 29373 6338 10%
c t 68.62 55 29 82 36691 1030886 51004 21% 12 29372 6338 10%
c s 68.66 55 29 82 36691 1030886 50672 21% 12 29372 6338 10%
c ^ 68.67 55 29 82 36691 1030886 50672 21% 12 29372 6338 10%
c # 68.89 55 29 82 36966 1035086 54157 21% 12 29372 6338 10%
c - 69.68 55 30 83 38103 1046038 43776 21% 12 29372 6338 10%
c d 69.89 55 30 83 38516 1050021 47430 21% 12 29372 6333 10%
c 3 69.90 55 30 83 38516 1050021 49933 21% 12 29372 6333 10%
c d 69.91 55 30 83 38516 1050021 50561 21% 12 29372 6332 10%
c 2 69.91 55 30 83 38516 1050021 50560 21% 12 29372 6332 10%
c p 69.92 55 30 83 38516 1050021 54309 21% 12 29372 6332 10%
c - 70.98 55 30 84 39766 1071238 47214 21% 12 29372 6332 10%
c B 71.39 55 30 84 41405 1081087 55867 20% 12 29372 6332 10%
c - 72.17 55 29 85 42274 1096738 48158 20% 12 29372 6332 10%
c - 72.95 55 26 86 42414 1122538 46293 20% 11 29372 6332 10%
c s 73.03 55 25 86 42423 1123805 46133 20% 11 29371 6332 10%
c v 73.06 55 25 86 42423 1123805 46133 20% 11 29346 6332 10%
c w 73.08 55 25 86 42423 1123805 46121 20% 11 29346 6332 10%
c 
c  seconds  reductions         redundant   irredundant
c         MB      restarts            trail      variables
c          level        conflicts         glue        remaining
c 
c t 73.08 55 25 86 42423 1123805 46113 20% 11 29346 6332 10%
c e 73.10 55 25 86 42423 1123805 45026 20% 11 29758 6126  9%
c s 73.13 55 25 86 42423 1123805 44942 20% 11 29738 6126  9%
c W 73.63 55 25 86 42597 1128092 48260 23% 11 29738 6126  9%
c - 74.60 55 26 87 46063 1148641 49531 21% 12 29738 6126  9%
c d 74.99 55 27 87 46704 1155021 55446 22% 12 29738 6117  9%
c 3 75.00 55 27 87 46704 1155021 57849 22% 12 29738 6117  9%
c 3 75.00 55 27 87 46704 1155021 58633 22% 12 29738 6117  9%
c d 75.01 55 27 87 46704 1155021 58624 22% 12 29738 6116  9%
c 2 75.02 55 27 87 46704 1155021 58622 22% 12 29738 6116  9%
c p 75.04 55 27 87 46704 1155021 62151 22% 12 29738 6116  9%
c d 75.04 55 27 87 46704 1155021 62141 22% 12 29738 6115  9%
c - 76.01 55 27 88 48639 1175041 52213 22% 12 29738 6115  9%
c F 76.04 55 27 88 48640 1176093 53087 22% 12 29738 6115  9%
c - 77.06 55 25 89 49502 1201741 49868 21% 12 29738 6115  9%
c s 78.03 55 25 89 52750 1224094 67098 21% 12 29733 6115  9%
c w 78.10 55 25 89 52750 1224094 67092 21% 12 29733 6115  9%
c t 78.10 55 25 89 52750 1224094 67090 21% 12 29733 6115  9%
c s 78.14 55 25 89 52750 1224094 66964 21% 12 29733 6115  9%
c B 78.18 55 25 89 52965 1225094 67785 21% 12 29733 6115  9%
c 
c  seconds  reductions         redundant   irredundant
c         MB      restarts            trail      variables
c          level        conflicts         glue        remaining
c 
c - 78.33 55 25 90 53731 1228742 51474 20% 12 29733 6115  9%
c - 80.07 55 28 91 57442 1256043 53157 21% 12 29733 6115  9%
c d 80.48 55 28 91 58090 1265023 61056 21% 12 29733 6113  9%
c 3 80.49 55 28 91 58090 1265023 64005 21% 12 29733 6113  9%
c p 80.52 55 28 91 58090 1265023 67390 21% 12 29733 6113  9%
c d 80.52 55 28 91 58090 1265023 67369 21% 12 29733 6111  9%
c W 81.28 55 28 91 60489 1275095 75827 21% 13 29733 6111  9%
c - 81.48 55 27 92 62398 1283644 52311 20% 13 29733 6111  9%
c - 82.76 55 27 93 65213 1311544 52419 20% 13 29733 6111  9%
c # 83.44 55 28 93 66123 1326096 64932 20% 13 29733 6111  9%
c s 83.65 55 28 93 66429 1329050 67249 20% 13 29728 6111  9%
c v 83.70 55 28 93 66429 1329050 67249 20% 13 29728 6111  9%
c w 83.72 55 28 93 66429 1329050 67246 20% 13 29728 6111  9%
c e 83.72 55 28 93 66429 1329050 67223 20% 13 29730 6110  9%
c s 83.76 55 28 93 66429 1329050 67189 20% 13 29728 6110  9%
c - 84.13 55 27 94 67441 1339745 53629 20% 13 29728 6110  9%
c - 85.44 55 27 95 69248 1368246 55094 21% 13 29728 6110  9%
c B 85.95 55 28 95 69944 1378098 63928 21% 12 29728 6110  9%
c d 86.13 55 28 95 70326 1380024 65741 21% 12 29728 6106  9%
c 3 86.14 55 28 95 70326 1380024 67601 21% 12 29728 6106  9%
c 
c  seconds  reductions         redundant   irredundant
c         MB      restarts            trail      variables
c          level        conflicts         glue        remaining
c 
c 3 86.14 55 28 95 70326 1380024 68242 21% 12 29728 6106  9%
c d 86.15 55 28 95 70326 1380024 68235 21% 12 29728 6105  9%
c 2 86.15 55 28 95 70326 1380024 68234 21% 12 29728 6105  9%
c p 86.17 55 28 95 70326 1380024 71979 21% 12 29728 6104  9%
c - 86.84 55 27 96 72347 1397048 56900 21% 13 29725 6104  9%
c - 88.09 55 26 97 73997 1426149 56484 20% 12 29725 6104  9%
c W 88.61 55 26 97 75192 1431100 60495 20% 12 29725 6104  9%
c s 88.91 55 26 97 76819 1438614 65976 20% 13 29724 6104  9%
c v 88.95 55 26 97 76819 1438614 65976 20% 13 29722 6104  9%
c w 88.97 55 26 97 76819 1438614 65970 20% 13 29722 6104  9%
c s 89.01 55 26 97 76819 1438614 65905 20% 13 29720 6104  9%
c - 89.78 55 25 98 77624 1455549 55924 20% 13 29720 6104  9%
c F 91.10 55 25 98 78854 1485101 81309 20% 12 29720 6104  9%
c - 91.13 55 25 99 78875 1485253 55468 20% 12 29720 6104  9%
c d 91.75 55 25 99 81836 1500025 68201 20% 13 29720 6093  9%
c 3 91.76 55 25 99 81836 1500025 70185 20% 13 29720 6093  9%
c 3 91.76 55 25 99 81836 1500025 70754 20% 13 29720 6093  9%
c d 91.77 55 25 99 81836 1500025 70745 20% 13 29720 6092  9%
c p 91.79 55 25 99 81836 1500025 74124 20% 13 29720 6092  9%
c d 91.80 55 25 99 81836 1500025 74120 20% 13 29720 6091  9%
c 
c  seconds   reductions         redundant   irredundant
c         MB       restarts            trail      variables
c          level         conflicts         glue        remaining
c 
c - 92.55 55 26 100 82917 1515257 57789 20% 13 29720 6091  9%
c B 93.67 55 25 100 83555 1540103 79086 21% 13 29720 6091  9%
c - 93.96 55 25 101 84006 1545557 57606 21% 13 29720 6091  9%
c s 94.31 55 26 101 84618 1552796 63773 21% 13 29715 6091  9%
c v 94.36 55 26 101 84618 1552796 63773 21% 13 29702 6091  9%
c w 94.38 55 26 101 84618 1552796 63769 21% 13 29702 6091  9%
c t 94.38 55 26 101 84618 1552796 63768 21% 13 29702 6091  9%
c e 94.39 55 26 101 84618 1552796 63746 21% 13 29704 6090  9%
c s 94.43 55 26 101 84618 1552796 63703 21% 13 29702 6090  9%
c - 95.46 55 24 102 84945 1576159 58922 21% 12 29702 6090  9%
c W 96.75 55 24 102 87533 1596105 75734 20% 12 29702 6090  9%
c - 97.32 55 24 103 88331 1607059 60077 20% 12 29702 6090  9%
c d 98.29 55 25 103 90596 1625025 75197 20% 13 29702 6086  9%
c 3 98.30 55 25 103 90596 1625025 77177 20% 13 29702 6086  9%
c 3 98.30 55 25 103 90596 1625025 77800 20% 13 29702 6086  9%
c d 98.31 55 25 103 90596 1625025 77777 20% 13 29702 6084  9%
c p 98.34 55 25 103 90596 1625025 81020 20% 13 29702 6084  9%
c - 99.53 55 27 104 92570 1638259 61624 21% 13 29702 6084  9%
c # 100.00 55 27 104 92854 1653107 73901 21% 13 29702 6084  9%
c - 101.24 55 28 105 95682 1669760 61585 21% 13 29702 6084  9%
c 
c  seconds    reductions         redundant   irredundant
c          MB       restarts            trail      variables
c           level         conflicts         glue        remaining
c 
c s 101.43 55 28 105 95912 1671671 62934 21% 13 29701 6084  9%
c v 101.47 55 28 105 95912 1671671 62934 21% 13 29693 6084  9%
c w 101.50 55 28 105 95912 1671671 62931 21% 13 29693 6084  9%
c e 101.51 55 28 105 95912 1671671 62840 21% 13 29697 6082  9%
c s 101.55 55 28 105 95912 1671671 62786 21% 13 29697 6082  9%
c ^ 101.55 55 28 105 95912 1671671 62786 21% 13 29697 6082  9%
c - 102.89 55 27 106 97731 1701561 62255 21% 13 29697 6082  9%
c B 103.09 55 26 106 97752 1711108 69719 21% 12 29697 6082  9%
c - 104.16 55 26 107 100300 1733661 60931 21% 13 29697 6082  9%
c d 105.21 55 26 107 101184 1755025 79442 21% 12 29697 6081  9%
c 3 105.23 55 26 107 101184 1755025 82175 21% 12 29697 6081  9%
c p 105.25 55 26 107 101184 1755025 85323 21% 12 29697 6081  9%
c - 105.86 55 26 108 102100 1766061 63814 21% 12 29697 6081  9%
c W 106.43 55 25 108 103086 1770110 66978 21% 12 29697 6081  9%
c s 107.65 55 26 108 104889 1795207 87973 21% 12 29696 6081  9%
c v 107.70 55 26 108 104889 1795207 87973 21% 12 29687 6081  9%
c w 107.73 55 26 108 104889 1795207 87968 21% 12 29687 6081  9%
c t 107.73 55 26 108 104889 1795207 87967 21% 12 29687 6081  9%
c e 107.75 55 26 108 104889 1795207 68224 21% 12 30640 5768  9%
c s 107.79 55 26 108 104889 1795207 68142 21% 12 30491 5768  9%
c 
c  seconds    reductions          redundant   irredundant
c          MB       restarts             trail      variables
c           level          conflicts         glue        remaining
c 
c - 108.05 55 26 109 105313 1798762 50290 21% 13 30491 5768  9%
c F 109.40 55 24 109 106312 1830111 76208 21% 12 30491 5768  9%
c - 109.57 55 25 110 106565 1831763 58243 21% 12 30491 5768  9%
c - 111.29 55 26 111 111106 1865064 63245 21% 13 30491 5768  9%
c d 112.24 55 25 111 114335 1890025 83979 20% 13 30491 5766  9%
c 3 112.25 55 25 111 114335 1890025 86816 20% 13 30491 5766  9%
c p 112.28 55 25 111 114335 1890025 89168 20% 13 30491 5766  9%
c B 112.31 55 25 111 114335 1891112 89885 20% 13 30491 5766  9%
c - 112.68 55 25 112 114673 1898667 63401 20% 13 30491 5766  9%
c s 114.34 55 25 112 116246 1929734 87280 20% 12 30480 5766  9%
c v 114.39 55 25 112 116246 1929734 87280 20% 12 30476 5766  9%
c w 114.43 55 25 112 116246 1929734 87272 20% 12 30476 5766  9%
c t 114.43 55 25 112 116246 1929734 87272 20% 12 30474 5766  9%
c e 114.44 55 25 112 116246 1929734 87230 20% 12 30478 5765  9%
c s 114.50 55 25 112 116246 1929734 87011 20% 12 30477 5765  9%
c - 114.73 55 25 113 116841 1932567 63584 20% 12 30477 5765  9%
c W 116.37 55 26 113 118797 1953114 81839 20% 13 30477 5765  9%
c - 116.94 55 25 114 118832 1966769 64538 20% 12 30477 5765  9%
c - 118.31 55 24 115 123796 2001270 65675 19% 13 30477 5765  9%
c # 118.90 55 24 115 126034 2016115 78246 19% 13 30477 5765  9%
c 
c  seconds    reductions          redundant   irredundant
c          MB       restarts             trail      variables
c           level          conflicts         glue        remaining
c 
c d 119.90 55 26 115 127251 2030025 90648 20% 13 30477 5763  9%
c 3 119.91 55 26 115 127251 2030025 92805 20% 13 30477 5763  9%
c p 119.95 55 26 115 127251 2030025 95169 20% 13 30477 5763  9%
c - 120.45 55 27 116 127844 2036071 68765 20% 13 30477 5763  9%
c } 120.88 55 26 116 128715 2047013 78049 20% 13 30477 5763  9%
c [ 120.88 55 59 116 128715 2047013 78049 40% 41 30477 5763  9%
c s 122.17 55 50 116 128724 2069070 93899 35% 35 30475 5763  9%
c v 122.22 55 50 116 128724 2069070 93899 35% 35 30471 5763  9%
c w 122.25 55 50 116 128724 2069070 93895 35% 35 30471 5763  9%
c e 122.26 55 50 116 128724 2069070 93330 35% 35 30475 5762  9%
c s 122.32 55 50 116 128724 2069070 93214 35% 35 30474 5762  9%
c - 122.47 55 51 117 128726 2071173 66544 35% 36 30474 5762  9%
c I 122.99 55 54 117 128730 2080116 74956 36% 37 30474 5762  9%
c - 124.56 68 52 118 128736 2106573 68715 36% 36 30474 5762  9%
c - 127.35 55 51 119 128751 2142274 66425 36% 36 30474 5762  9%
c B 127.55 55 51 119 128751 2145117 68774 36% 36 30474 5762  9%
c 3 129.73 55 57 119 128766 2175025 98502 37% 39 30474 5762  9%
c p 129.79 55 57 119 128766 2175025 101030 37% 39 30474 5762  9%
c - 130.17 69 57 120 128766 2178274 66865 37% 39 30474 5762  9%
c W 133.71 69 58 120 128768 2211119 94241 38% 43 30474 5762  9%
c 
c  seconds    reductions          redundant   irredundant
c          MB       restarts             trail      variables
c           level          conflicts         glue        remaining
c 
c - 133.96 55 58 121 128768 2214574 64934 38% 42 30474 5762  9%
c - 137.46 70 60 122 128769 2251174 67726 40% 43 30474 5762  9%
c O 140.45 70 60 122 128769 2278122 93006 40% 43 30474 5762  9%
c - 141.22 55 58 123 128769 2288076 71585 39% 41 30474 5762  9%
c 3 144.45 55 51 123 128770 2325025 108718 39% 35 30474 5762  9%
c p 144.51 55 51 123 128770 2325025 111251 39% 35 30474 5762  9%
c - 144.59 66 51 124 128770 2325277 71631 39% 35 30474 5762  9%
c B 146.18 66 55 124 128770 2346123 91112 38% 37 30474 5762  9%
c - 147.82 66 57 125 128770 2362778 71055 38% 38 30474 5762  9%
c - 152.18 66 59 126 128770 2400579 71886 37% 41 30474 5762  9%
c W 154.39 66 60 126 128770 2415124 84740 37% 43 30474 5762  9%
c - 156.85 82 59 127 128777 2438679 73790 37% 42 30474 5762  9%
c - 158.19 66 51 128 128794 2477079 69908 32% 36 30474 5762  9%
c 3 158.31 66 50 128 128796 2480025 73805 31% 36 30474 5762  9%
c p 158.34 66 50 128 128796 2480025 76348 31% 36 30474 5762  9%
c I 158.52 66 49 128 128799 2485126 80463 31% 35 30474 5762  9%
c - 160.60 66 59 129 128804 2515783 72050 33% 39 30474 5762  9%
c - 164.34 85 71 130 128823 2554783 75740 36% 45 30474 5762  9%
c B 164.49 85 71 130 128823 2556128 77046 36% 45 30474 5762  9%
c - 168.03 66 69 131 128832 2594083 74128 38% 45 30474 5762  9%
c 
c  seconds    reductions          redundant    irredundant
c          MB       restarts              trail      variables
c           level          conflicts          glue        remaining
c 
c W 173.02 66 66 131 128833 2628130 103882 39% 45 30474 5762  9%
c - 173.72 72 66 132 128837 2633683 75461 39% 45 30474 5762  9%
c 3 174.36 72 65 132 128840 2640025 83208 39% 45 30474 5762  9%
c p 174.41 72 65 132 128840 2640025 85649 39% 45 30474 5762  9%
c - 176.18 72 62 133 128855 2673588 76204 38% 41 30474 5762  9%
c O 177.34 72 59 133 128864 2701131 100594 34% 39 30474 5762  9%
c - 178.39 72 56 134 128866 2713792 74832 34% 37 30474 5762  9%
c - 180.45 72 50 135 128886 2754292 74517 31% 33 30474 5762  9%
c B 181.54 72 49 135 128894 2775134 93693 30% 32 30474 5762  9%
c - 182.22 72 47 136 128895 2795093 75406 29% 30 30474 5762  9%
c s 182.28 72 47 136 128895 2795093 75251 29% 30 30474 5762  9%
c v 182.40 72 47 136 128895 2795093 75251 29% 30 30435 5762  9%
c w 182.48 72 47 136 128895 2795093 75238 29% 30 30435 5762  9%
c e 182.49 72 47 136 128895 2795093 75062 29% 30 30439 5761  9%
c s 182.54 72 47 136 128895 2795093 74956 29% 30 30438 5761  9%
c d 182.98 72 46 136 128896 2805025 84289 29% 30 30438 5760  9%
c 3 182.99 72 46 136 128896 2805025 86336 29% 30 30438 5760  9%
c p 183.03 72 46 136 128896 2805025 88815 29% 30 30438 5760  9%
c - 184.79 72 44 137 128897 2836194 76425 27% 29 30438 5760  9%
c W 186.23 72 43 137 128897 2850135 89193 27% 29 30438 5760  9%
c 
c  seconds    reductions          redundant   irredundant
c          MB       restarts             trail      variables
c           level          conflicts         glue        remaining
c 
c - 188.34 72 41 138 128897 2877594 77269 26% 29 30438 5760  9%
c - 191.23 72 39 139 128911 2919294 78460 24% 28 30438 5760  9%
c I 191.75 72 38 139 128912 2926138 83797 24% 28 30438 5760  9%
c s 192.64 72 37 139 128922 2943987 99543 24% 27 30438 5760  9%
c w 192.73 72 37 139 128922 2943987 99542 24% 27 30438 5760  9%
c s 192.75 72 37 139 128922 2943987 99525 24% 27 30438 5760  9%
c ^ 192.76 72 37 139 128922 2943987 99525 24% 27 30438 5760  9%
c - 193.80 72 36 140 128928 2961294 77109 23% 27 30438 5760  9%
c 3 194.60 72 35 140 128928 2975027 89927 23% 26 30438 5760  9%
c p 194.65 72 35 140 128928 2975027 92403 23% 26 30438 5760  9%
c B 196.37 72 33 140 128943 3003140 114594 22% 25 30438 5760  9%
c - 196.42 72 33 141 128943 3003594 75704 22% 25 30438 5760  9%
c - 198.56 72 35 142 128959 3046194 75706 23% 27 30438 5760  9%
c W 201.18 72 35 142 128960 3081142 106083 22% 27 30438 5760  9%
c - 201.76 72 34 143 128960 3089095 79270 22% 27 30438 5760  9%
c s 202.36 72 34 143 128963 3097698 85927 22% 27 30438 5760  9%
c w 202.43 72 34 143 128963 3097698 85926 22% 27 30438 5760  9%
c e 202.46 72 34 143 128963 3097698 38865 22% 27 38292 4490  7%
c s 202.49 72 34 143 128963 3097698 38799 22% 27 38082 4490  7%
c - 204.02 72 33 144 128980 3132295 55058 28% 26 38082 4490  7%
c 
c  seconds    reductions          redundant   irredundant
c          MB       restarts             trail      variables
c           level          conflicts         glue        remaining
c 
c p 204.93 72 32 144 128989 3150027 74005 28% 26 38082 4490  7%
c O 205.45 72 32 144 128991 3160144 82044 28% 26 38082 4490  7%
c - 206.41 72 33 145 128991 3175795 67066 32% 25 38082 4490  7%
c - 209.69 80 42 146 129013 3219595 70611 40% 29 38082 4490  7%
c B 211.24 80 47 146 129021 3240147 90038 42% 31 38082 4490  7%
c - 212.77 80 56 147 129023 3263695 73418 41% 31 38082 4490  7%
c - 216.45 80 58 148 129024 3308095 74595 42% 34 38082 4490  7%
c W 218.32 80 59 148 129024 3321148 86788 42% 35 38082 4490  7%
c p 219.15 80 60 148 129024 3330028 98078 43% 36 38082 4490  7%
c - 221.16 93 61 149 129024 3352797 75151 43% 38 38082 4490  7%
c - 226.20 112 62 150 129025 3397797 76211 45% 42 38082 4490  7%
c I 226.81 112 62 150 129025 3403149 80738 45% 42 38082 4490  7%
c - 229.97 93 67 151 129025 3443097 77105 45% 44 38082 4490  7%
c B 234.18 93 71 151 129025 3486152 117445 46% 46 38082 4490  7%
c - 234.37 114 71 152 129025 3488699 78769 46% 45 38082 4490  7%
c p 235.17 114 66 152 129026 3515029 104125 41% 42 38082 4490  7%
c - 235.74 93 60 153 129026 3534601 71044 37% 40 38082 4490  7%
c W 237.58 93 51 153 129026 3570153 99790 33% 36 38082 4490  7%
c - 238.06 93 49 154 129026 3580802 69833 32% 35 38082 4490  7%
c - 239.99 93 41 155 129026 3627302 72434 27% 30 38082 4490  7%
c 
c  seconds    reductions          redundant   irredundant
c          MB       restarts             trail      variables
c           level          conflicts         glue        remaining
c 
c O 241.29 93 43 155 129026 3655154 97240 28% 29 38082 4490  7%
c - 242.58 93 43 156 129026 3674104 78487 30% 29 38082 4490  7%
c p 245.52 93 46 156 129026 3705029 110663 34% 31 38082 4490  7%
c - 247.33 118 47 157 129026 3721205 81069 36% 31 38082 4490  7%
c B 249.47 118 47 157 129026 3741157 99956 38% 31 38082 4490  7%
c - 253.24 93 46 158 129033 3768609 82378 41% 31 38082 4490  7%
c - 259.02 102 47 159 129055 3816311 84933 44% 33 38082 4490  7%
c W 261.16 102 48 159 129057 3828161 95904 44% 33 38082 4490  7%
c - 266.14 102 50 160 129071 3864311 84040 45% 35 38082 4490  7%
c p 269.89 102 52 160 129087 3900030 119318 45% 36 38082 4490  7%
c - 271.35 102 51 161 129088 3912611 83272 44% 36 38082 4490  7%
c s 271.44 102 51 161 129088 3912611 82631 44% 36 38075 4490  7%
c v 271.64 102 51 161 129088 3912611 82631 44% 36 37816 4490  7%
c w 271.75 102 51 161 129088 3912611 82604 44% 36 37816 4490  7%
c t 271.75 102 51 161 129088 3912611 82603 44% 36 37814 4490  7%
c e 271.76 102 51 161 129088 3912611 76044 44% 36 37906 4478  7%
c s 271.83 102 51 161 129088 3912611 75939 44% 36 37900 4478  7%
c I 272.20 102 51 161 129088 3916164 79082 44% 36 37900 4478  7%
c - 274.80 102 57 162 129092 3961215 83032 44% 37 37900 4478  7%
c B 277.79 102 57 162 129113 4005165 123600 45% 36 37900 4478  7%
c 
c  seconds     reductions          redundant   irredundant
c           MB       restarts             trail      variables
c            level          conflicts         glue        remaining
c 
c - 278.15 102 57 163 129117 4010117 82227 44% 35 37900 4478  7%
c - 282.68 80 69 164 129132 4059317 83089 47% 42 37900 4478  7%
c ] 286.48 80 68 164 129148 4095014 115416 47% 43 37900 4478  7%
c { 286.48 80 26 164 129148 4095014 115416 27% 13 37900 4478  7%
c B 286.52 80 26 164 129173 4095168 115559 27% 13 37900 4478  7%
c 3 287.02 80 27 164 129459 4100030 120654 27% 13 37900 4478  7%
c p 287.08 80 27 164 129459 4100030 122916 27% 13 37900 4478  7%
c - 287.48 67 27 165 131618 4108817 81785 26% 13 37900 4478  7%
c s 289.44 68 27 165 136083 4142940 110109 25% 13 37895 4478  7%
c v 289.53 68 27 165 136083 4142940 110109 25% 13 37894 4478  7%
c w 289.59 68 27 165 136083 4142940 110093 25% 13 37894 4478  7%
c s 289.71 68 27 165 136083 4142940 109984 25% 13 37894 4478  7%
c - 291.13 77 28 166 137561 4158621 82058 25% 13 37894 4478  7%
c W 293.81 77 30 166 139463 4186172 106514 26% 13 37894 4478  7%
c - 295.37 77 31 167 141062 4208723 85776 26% 13 37894 4478  7%
c - 297.72 77 30 168 148837 4259124 86618 25% 14 37894 4478  7%
c F 298.47 77 29 168 150397 4278173 102567 25% 14 37894 4478  7%
c 3 300.22 77 30 168 152595 4305032 126798 25% 14 37894 4478  7%
c p 300.27 77 30 168 152595 4305032 128977 25% 14 37894 4478  7%
c - 300.56 77 30 169 153367 4309825 86378 25% 14 37894 4478  7%
c 
c  seconds    reductions          redundant    irredundant
c          MB       restarts              trail      variables
c           level          conflicts          glue        remaining
c 
c s 302.88 77 28 169 156536 4358617 126589 24% 14 37888 4478  7%
c v 302.95 77 28 169 156536 4358617 126589 24% 14 37882 4478  7%
c w 303.02 77 28 169 156536 4358617 126557 24% 14 37882 4478  7%
c e 303.03 77 28 169 156536 4358617 126545 24% 14 37881 4477  7%
c s 303.14 77 28 169 156536 4358617 126412 24% 14 37879 4477  7%
c - 303.44 77 28 170 156739 4360826 87292 24% 14 37879 4477  7%
c B 303.83 77 28 170 156916 4371174 96538 24% 13 37879 4477  7%
c - 305.46 77 27 171 162760 4412126 86394 22% 14 37879 4477  7%
c - 309.67 77 29 172 166445 4463727 91092 24% 14 37879 4477  7%
c W 310.58 77 29 172 166558 4465176 92417 24% 14 37879 4477  7%
c d 313.77 77 30 172 171549 4515032 135914 24% 14 37879 4476  7%
c 3 313.78 77 30 172 171549 4515032 136913 24% 14 37879 4476  7%
c 2 313.80 77 30 172 171549 4515032 137282 24% 14 37879 4476  7%
c p 313.83 77 30 172 171549 4515032 139088 24% 14 37879 4476  7%
c - 313.89 82 30 173 171550 4515627 93697 24% 14 37879 4476  7%
c # 315.78 82 28 173 173148 4560180 130867 24% 14 37879 4476  7%
c - 316.06 82 27 174 173295 4567828 92065 24% 14 37879 4476  7%
c s 316.96 82 28 174 173884 4580436 102840 24% 13 37868 4476  7%
c v 317.04 82 28 174 173884 4580436 102840 24% 13 37781 4476  7%
c w 317.09 82 28 174 173884 4580436 102823 24% 13 37781 4476  7%
c 
c  seconds    reductions          redundant    irredundant
c          MB       restarts              trail      variables
c           level          conflicts          glue        remaining
c 
c e 317.10 82 28 174 173884 4580436 102693 24% 13 37805 4473  7%
c s 317.20 82 28 174 173884 4580436 102606 24% 13 37805 4473  7%
c - 320.05 82 27 175 175512 4620328 94073 24% 13 37805 4473  7%
c B 321.85 82 26 175 179366 4656181 124561 24% 13 37805 4473  7%
c - 323.01 83 27 176 182357 4673128 98189 24% 13 37805 4473  7%
c - 326.71 83 29 177 188598 4726229 99914 24% 14 37805 4473  7%
c 3 327.10 83 29 177 188999 4730032 104393 24% 14 37805 4473  7%
c p 327.13 83 29 177 188999 4730032 106575 24% 14 37805 4473  7%
c W 329.40 83 29 177 190209 4753182 126118 25% 13 37805 4473  7%
c - 331.11 83 27 178 191024 4779629 99610 25% 13 37805 4473  7%
c s 332.50 83 26 178 193152 4808306 123422 24% 13 37801 4473  7%
c v 332.58 83 26 178 193152 4808306 123422 24% 13 37794 4473  7%
c w 332.64 83 26 178 193152 4808306 123405 24% 13 37794 4473  7%
c s 332.78 83 26 178 193152 4808306 123298 24% 13 37791 4473  7%
c - 334.88 84 27 179 195650 4833330 102417 24% 13 37791 4473  7%
c F 336.61 84 29 179 197464 4851184 118843 25% 13 37791 4473  7%
c - 338.84 84 28 180 200030 4887330 101748 24% 13 37791 4473  7%
c - 342.25 84 28 181 208466 4941631 99242 23% 14 37791 4473  7%
c 3 343.08 84 29 181 209384 4950033 107908 24% 14 37791 4473  7%
c 3 343.08 84 29 181 209384 4950033 108241 24% 14 37791 4473  7%
c 
c  seconds    reductions          redundant    irredundant
c          MB       restarts              trail      variables
c           level          conflicts          glue        remaining
c 
c p 343.12 84 29 181 209384 4950033 109789 24% 14 37791 4472  7%
c B 343.14 84 29 181 209395 4950187 109927 24% 14 37791 4472  7%
c - 347.00 84 31 182 212179 4996231 102795 25% 14 37791 4472  7%
c s 349.54 84 28 182 216382 5042292 138660 24% 14 37785 4472  7%
c v 349.64 84 28 182 216382 5042292 138660 24% 14 37780 4472  7%
c w 349.71 84 28 182 216382 5042292 138651 24% 14 37780 4472  7%
c e 349.72 84 28 182 216382 5042292 136497 24% 14 37795 4470  7%
c s 349.83 84 28 182 216382 5042292 136417 24% 14 37794 4470  7%
c W 351.16 84 27 182 216536 5050188 143096 24% 14 37794 4470  7%
c - 351.27 84 28 183 216577 5051133 98879 24% 14 37794 4470  7%
c - 355.14 84 29 184 222544 5106334 103804 25% 14 37794 4470  7%
c # 357.76 84 29 184 228525 5151194 142896 25% 14 37794 4470  7%
c - 358.62 84 29 185 228959 5161834 105288 25% 14 37794 4470  7%
c p 359.65 84 29 185 230406 5175033 120018 25% 14 37794 4470  7%
c - 362.88 87 29 186 232837 5217636 107162 24% 14 37794 4470  7%
c B 365.15 87 28 186 236186 5253197 137859 24% 14 37794 4470  7%
c - 367.36 87 30 187 237687 5273736 107464 25% 14 37794 4470  7%
c s 368.10 87 29 187 238144 5282518 114382 25% 14 37793 4470  7%
c v 368.19 87 29 187 238144 5282518 114382 25% 14 37792 4470  7%
c w 368.24 87 29 187 238144 5282518 114373 25% 14 37792 4470  7%
c 
c  seconds    reductions          redundant    irredundant
c          MB       restarts              trail      variables
c           level          conflicts          glue        remaining
c 
c s 368.38 87 29 187 238144 5282518 114302 25% 14 37792 4470  7%
c - 371.80 87 28 188 241736 5330137 108768 24% 14 37792 4470  7%
c W 374.20 87 28 188 242994 5356199 131132 25% 14 37792 4470  7%
c - 375.06 87 26 189 243429 5386840 105106 25% 13 37792 4470  7%
c p 375.52 87 25 189 243535 5405033 121641 25% 13 37792 4470  7%
c - 377.32 87 25 190 250276 5443840 100549 23% 14 37792 4470  7%
c F 378.32 87 26 190 252039 5460200 115530 23% 14 37792 4470  7%
c - 380.37 87 26 191 254822 5501141 102086 24% 14 37792 4470  7%
c s 382.34 87 27 191 256796 5528900 126729 25% 14 37791 4470  7%
c w 382.47 87 27 191 256796 5528900 126727 25% 14 37791 4470  7%
c e 382.48 87 27 191 256796 5528900 126576 25% 14 37799 4469  7%
c s 382.58 87 27 191 256796 5528900 126543 25% 14 37799 4469  7%
c ^ 382.59 87 27 191 256796 5528900 126543 25% 14 37799 4469  7%
c - 384.93 87 28 192 258357 5558741 107875 25% 14 37799 4469  7%
c B 385.14 87 27 192 258364 5565201 112902 25% 13 37799 4469  7%
c - 389.09 87 27 193 263832 5616641 109112 24% 14 37799 4469  7%
c 3 390.40 87 27 193 265052 5640033 131557 25% 13 37799 4469  7%
c p 390.45 87 27 193 265052 5640033 133085 25% 13 37799 4469  7%
c W 394.25 87 27 193 268315 5671202 160535 25% 13 37799 4469  7%
c - 394.63 90 27 194 268493 5674841 111707 24% 13 37799 4469  7%
c 
c  seconds    reductions          redundant    irredundant
c          MB       restarts              trail      variables
c           level          conflicts          glue        remaining
c 
c - 399.14 90 26 195 272253 5733341 113806 24% 13 37799 4469  7%
c # 402.09 90 26 195 274406 5778206 152115 24% 13 37799 4469  7%
c s 402.58 90 26 195 274789 5781487 154858 25% 13 37795 4469  7%
c v 402.67 90 26 195 274789 5781487 154858 25% 13 37793 4469  7%
c w 402.75 90 26 195 274789 5781487 154851 25% 13 37793 4469  7%
c e 402.79 90 26 195 274789 5781487 69817 25% 13 45492 3839  6%
c s 402.89 90 26 195 274789 5781487 69566 25% 13 45208 3839  6%
c - 403.68 90 27 196 275861 5792141 59693 29% 13 45208 3839  6%
c - 406.77 90 30 197 282394 5851242 87706 26% 14 45208 3839  6%
c 3 408.33 90 29 197 284014 5880033 114926 27% 13 45208 3839  6%
c 2 408.34 90 29 197 284014 5880033 115125 27% 13 45207 3839  6%
c p 408.37 90 29 197 284014 5880033 116313 27% 13 45207 3839  6%
c B 408.69 90 29 197 284398 5886208 121839 26% 13 45207 3839  6%
c - 410.44 90 29 198 286694 5910643 98248 26% 13 45207 3839  6%
c - 414.39 90 30 199 294438 5970343 101820 25% 14 45207 3839  6%
c W 416.24 90 29 199 295234 5995213 122956 25% 14 45207 3839  6%
c - 418.19 90 29 200 299710 6030343 101407 26% 14 45207 3839  6%
c s 420.32 90 28 200 303997 6080341 142478 26% 14 45187 3839  6%
c v 420.45 90 28 200 303997 6080341 142478 26% 14 45101 3839  6%
c w 420.55 90 28 200 303997 6080341 142457 26% 14 45101 3839  6%
c 
c  seconds    reductions          redundant    irredundant
c          MB       restarts              trail      variables
c           level          conflicts          glue        remaining
c 
c t 420.55 90 28 200 303997 6080341 142457 26% 14 45091 3839  6%
c s 420.76 90 28 200 303997 6080341 142281 26% 14 45089 3839  6%
c - 421.03 90 27 201 304195 6090643 102576 25% 14 45089 3839  6%
c F 421.74 90 28 201 304836 6105215 114513 25% 14 45089 3839  6%
c p 423.37 90 29 201 305945 6125035 134723 26% 14 45089 3839  6%
c - 424.62 90 28 202 308548 6151243 102238 25% 14 45089 3839  6%
c - 427.72 90 28 203 313782 6212144 103550 24% 14 45089 3839  6%
c B 427.81 90 27 203 314231 6216218 106612 24% 15 45089 3839  6%
c - 432.43 90 30 204 317852 6273344 106906 26% 14 45089 3839  6%
c W 437.72 90 30 204 320637 6328221 154210 27% 14 45089 3839  6%
c - 438.11 90 30 205 321899 6334844 108647 27% 14 45089 3839  6%
c 2 439.57 90 28 205 323360 6375035 143543 26% 14 45089 3839  6%
c p 439.61 90 28 205 323360 6375035 144721 26% 14 45089 3839  6%
c s 440.62 90 28 205 324408 6385986 152992 26% 14 45086 3839  6%
c v 440.72 90 28 205 324408 6385986 152992 26% 14 45024 3839  6%
c w 440.80 90 28 205 324408 6385986 152973 26% 14 45024 3839  6%
c t 440.80 90 28 205 324408 6385986 152970 26% 14 45024 3839  6%
c s 441.05 90 28 205 324408 6385986 152825 26% 14 45022 3839  6%
c - 442.22 90 28 206 325327 6396644 111508 26% 14 45022 3839  6%
c # 445.04 90 27 206 327495 6441223 150960 27% 13 45022 3839  6%
c 
c  seconds    reductions          redundant    irredundant
c          MB       restarts              trail      variables
c           level          conflicts          glue        remaining
c 
c - 446.03 90 27 207 328431 6458744 109703 26% 13 45022 3839  6%
c - 449.76 90 26 208 335846 6521147 108867 25% 13 45022 3839  6%
c B 451.98 90 27 208 339889 6555224 137789 25% 14 45022 3839  6%
c - 454.75 90 29 209 342051 6583848 112060 26% 14 45022 3839  6%
c 3 459.16 90 31 209 346040 6630035 155042 26% 14 45022 3839  6%
c p 459.22 90 31 209 346040 6630035 156506 26% 14 45022 3839  6%
c 
c caught signal 15 (SIGTERM)
c 
c --- [ result ] -------------------------------------------------------------
c 
c UNKNOWN
c 
c --- [ run-time profiling ] -------------------------------------------------
c 
c process time taken by individual solving procedures
c (percentage relative to process time for solving)
c 
c       447.94   97.43% search
c       223.67   48.65% unstable
c       208.52   45.36% stable
c        15.74    3.42% walk
c        11.81    2.57% simplify
c         4.68    1.02% subsume
c         3.48    0.76% vivify
c         1.37    0.30% probe
c         0.70    0.15% elim
c         0.61    0.13% ternary
c         0.05    0.01% parse
c         0.01    0.00% lucky
c   =================================
c       459.75   99.99% solve
c 
c last line shows process time for solving
c (percentage relative to total process time)
c 
c --- [ statistics ] ---------------------------------------------------------
c 
c blocked:                       0         0.00 %  of irredundant clauses
c   blockings:                   0         0.00    internal
c   candidates:                  0         0.00    per blocking 
c   blockres:                    0         0.00    per candidate
c   pure:                        0         0.00 %  of all variables
c   pureclauses:                 0         0.00    per pure literal
c chronological:           1542108        23.22 %  of conflicts
c compacts:                      6   1106817.67    interval
c conflicts:               6640906     14444.57    per second
c   backtracked:           8340187       125.59 %  of conflicts
c conditioned:                   0         0.00 %  of irredundant clauses
c   conditionings:               0         0.00    interval
c   condcands:                   0         0.00    candidate clauses
c   condassinit:                 0.0       0.00 %  initial assigned
c   condcondinit:                0.0       0.00 %  initial condition
c   condautinit:                 0.0       0.00 %  initial autarky
c   condassrem:                  0.0       0.00 %  final assigned
c   condcondrem:                 0.000     0.00 %  final conditional
c   condautrem:                  0.000     0.00 %  final autarky
c   condprops:                   0         0.00    per candidate
c covered:                       0         0.00 %  of irredundant clauses
c   coverings:                   0         0.00    interval
c   asymmetric:                  0         0.00 %  of covered clauses
c   blocked:                     0         0.00 %  of covered clauses
c decisions:              17637689     38363.57    per second
c   searched:             80002608         4.54    per decision
c eliminated:                51830        79.46 %  of all variables
c   elimphases:                 43    154439.67    interval
c   elimrounds:                 81         1.88    per phase
c   elimtried:               92671        55.93 %  eliminated
c   elimgates:               14926        16.11 %  gates per tried
c   elimequivs:                 92         0.62 %  equivalence gates
c   elimands:                14834        99.38 %  and gates
c   elimites:                    0         0.00 %  if-then-else gates
c   elimxors:                    0         0.00 %  xor gates
c   elimsubst:                1693         3.27 %  substituted
c   elimres:               1165334        22.48    per eliminated
c   elimrestried:          1084296        93.05 %  per resolution
c ext.prop. calls:               0         0.00 %  of queries
c   propagating:                 0         0.00 %  per eprop-call
c   explained:                   0         0.00 %  per eprop-call
c   falsified:                   0         0.00 %  per eprop-call
c ext.clause calls:              0         0.00 %  of queries
c   learned:                     0         0.00 %  per called
c   conflicting:                 0         0.00 %  per learned
c   propagating:                 0         0.00 %  per learned
c ext.final check:               0         0.00 %  of queries
c fixed:                      9263        14.20 %  of all variables
c   failed:                     34         0.05 %  of all variables
c   probefailed:                31        91.18 %  per failed
c   transredunits:               3         8.82 %  per failed
c   probingphases:              51    130213.84    interval
c   probesuccess:               28        54.90 %  phases
c   probingrounds:              51         1.00    per phase
c   probed:                 134114      3944.53    per failed
c   hbrs:                   175972         1.31    per probed
c   hbrsizes:               688217         3.91    per hbr
c   hbreds:                 174471        99.15 %  per hbr
c   hbrsubs:                   627         0.36 %  per hbr
c   units:                      17    390641.53    interval
c   binaries:                 1720      3860.99    interval
c flushed:                       0         0.00 %  per conflict
c   hyper:                       0         0.00 %  per conflict
c   flushings:                   0         0.00    interval
c instantiated:                  0         0.00 %  of tried
c   instrounds:                  0         0.00 %  of elimrounds
c learned:                 6491337        97.75 %  per conflict
c   bumped:              320509581        49.37    per learned
c   recomputed:           27004522       416.01 %  per learned
c   promoted1:               39808         0.61 %  per learned
c   promoted2:              112405         1.73 %  per learned
c   improvedglue:          2467137        38.01 %  per learned
c lucky:                         0         0.00 %  of tried
c   constantzero                 0         0.00 %  of tried
c   constantone                  0         0.00 %  of tried
c   backwardone                  0         0.00 %  of tried
c   backwardzero                 0         0.00 %  of tried
c   forwardone                   0         0.00 %  of tried
c   forwardzero                  0         0.00 %  of tried
c   positivehorn                 0         0.00 %  of tried
c   negativehorn                 0         0.00 %  of tried
c   extendbytes:           3281096         3.13    bytes and MB
c learned_lits:          496793744       100.00 %  learned literals
c minimized:                     0         0.00 %  learned literals
c shrunken:              147257351        29.64 %  learned literals
c minishrunken:           59413626        11.96 %  learned literals
c otfs:                      17656         0.27 %  of conflict
c   subsumed                   919         0.01 %  of conflict
c   strengthened             16737         0.25 %  of conflict
c propagations:         1754181186         3.82 M  per second
c   coverprops:                  0         0.00 %  of propagations
c   probeprops:            4063766         0.23 %  of propagations
c   searchprops:        1476088009        84.15 %  of propagations
c   transredprops:         1148947         0.07 %  of propagations
c   vivifyprops:          28332671         1.62 %  of propagations
c   walkprops:           244547793        13.94 %  of propagations
c reactivated:                   0         0.00 %  of all variables
c reduced:                 5418999        81.60 %  per conflict
c   reductions:                209     31774.67    interval
c   collections:               218     30462.87    interval
c rephased:                    114     58253.56    interval
c   rephasedbest:               38        33.33 %  rephased best
c   rephasedflip:               11         9.65 %  rephased flipping
c   rephasedinv:                 9         7.89 %  rephased inverted
c   rephasedorig:                9         7.89 %  rephased original
c   rephasedrand:               11         9.65 %  rephased random
c   rephasedwalk:               36        31.58 %  rephased walk
c rescored:                    399     16643.87    interval
c restarts:                 346617        19.16    interval
c   reused:                 271209        78.24 %  per restart
c   reusedlevels:          2778853        22.52 %  per restart levels
c restored:                      0         0.00 %  per weakened
c   restorations:                0         0.00 %  per extension
c   literals:                    0         0.00    per restored clause
c stabilizing:                   6        41.11 %  of conflicts
c   restartstab:               632         0.18 %  of all restarts
c   reusedstab:                613        96.99 %  per stable restarts
c substituted:                 296         0.45 %  of all variables
c   decompositions:            192         3.76    per phase
c subsumed:                 708196         5.05 %  of all clauses
c   subsumephases:              43    154439.67    interval
c   subsumerounds:              86         2.00    per phase
c   deduplicated:               34         0.00 %  per subsumed
c   transreds:                  43    154439.67    interval
c   transitive:                607         0.09 %  per subsumed
c   subirr:                   7158         1.01 %  of subsumed
c   subred:                  24345         3.44 %  of subsumed
c   subtried:              4287730         6.05    tried per subsumed
c   subchecks:           600440229       140.04    per tried
c   subchecks2:           11968807         1.99 %  per subcheck
c   elimotfsub:                  0         0.00 %  of subsumed
c   elimbwsub:                 744         0.11 %  of subsumed
c   eagersub:               673098        95.04 %  of subsumed
c   eagertried:          142809018       212.17    tried per eagersub
c strengthened:             139542         1.00 %  of all clauses
c   elimotfstr:               4591         3.29 %  of strengthened
c   elimbwstr:                   1         0.00 %  of strengthened
c ternary:                  134212         1.15 %  of resolved
c   phases:                    102     65106.92    interval
c   htr3:                   134105        99.92 %  ternary hyper ternres
c   htr2:                      107         0.08 %  binary hyper ternres
c vivified:                   4129         0.03 %  of all clauses
c   vivifications:              43    154439.67    interval
c   vivifychecks:           381843         5.75 %  per conflict
c   vivifysched:           2376611        16.07 %  checks per scheduled
c   vivifyunits:                 0         0.00 %  per vivify check
c   vivifyinst:                192         0.05 %  per vivify check
c   vivifysubs:               2184         0.31 %  per subsumed
c   vivifystrs:               1945         1.39 %  per strengthened
c   vivifystrirr:              382        19.64 %  per vivifystrs
c   vivifystred1:               36         1.85 %  per vivifystrs
c   vivifystred2:              869        44.68 %  per vivifystrs
c   vivifystred3:              658        33.83 %  per vivifystrs
c   vivifydecs:            1604180         4.20    per checks
c   vivifyreused:           549106        34.23 %  per decision
c walked:                       36    184469.61    interval
c   flips:                23870244         1.52 M  per second
c   minimum:                    15         0.01 %  clauses
c   broken:              869430246        36.42    per flip
c weakened:                 129263         3.35    average size
c   extensions:                  0         0.00    interval
c   flipped:                     0         0.00    per weakened
c 
c seconds are measured in process time for solving
c 
c --- [ resources ] ----------------------------------------------------------
c 
c total process time since initialization:       459.80    seconds
c total real time since initialization:          460.16    seconds
c maximum resident set size of process:          130.28    MB
c 
c raising signal 15 (SIGTERM)
