c --- [ banner ] -------------------------------------------------------------
c 
c CaDiCaL SAT Solver
c Copyright (c) 2016-2023 A. Biere, M. Fleury, N. Froleyks, K. Fazekas, F. Pollitt
c 
c Version 1.7.3
c g++-13.2.0
c Feb 11 2024 04:08:27
c 
c --- [ limit ] --------------------------------------------------------------
c 
c setting time limit to 28658 seconds real time (due to '-t 28658')
c 
c --- [ parsing input ] ------------------------------------------------------
c 
c reading DIMACS file from '/root/projects/maph/discovery/out/cover-23-6-2-bounded-decision-20260807/222-double-disjoint.cnf'
c opening file to read '/root/projects/maph/discovery/out/cover-23-6-2-bounded-decision-20260807/222-double-disjoint.cnf'
c found 'p cnf 65228 139977' header
c parsed 139977 clauses in 0.04 seconds process time
c closing file '/root/projects/maph/discovery/out/cover-23-6-2-bounded-decision-20260807/222-double-disjoint.cnf'
c 
c --- [ options ] ------------------------------------------------------------
c 
c all options are set to their default value
c 
c --- [ solving ] ------------------------------------------------------------
c 
c time measured in process time since initialization
c 
c  seconds  reductions  redundant  irredundant
c         MB    restarts       trail       variables
c          level   conflicts       glue         remaining
c 
c *  0.04 28  0 0   0    0    0  0% 0 124195 57315 88%
c {  0.05 29  0 0   0    0    0  0% 0 124195 57315 88%
c i  0.05 29 25 0   0    8    4 22% 3 124195 56860 87%
c i  0.05 29 27 0   0   12    7 22% 3 124195 56858 87%
c i  0.05 29 36 0   5   94   72 21% 3 124195 56785 87%
c i  0.05 29 36 0   5   95   72 21% 3 124195 56723 87%
c i  0.05 29 35 0   5   96   72 21% 3 124195 56722 87%
c i  0.05 29 35 0   6   98   73 21% 3 124195 56617 87%
c i  0.06 29 39 0  14  241  176 20% 3 124195 56532 87%
c i  0.06 30 41 0  15  255  189 20% 3 124195 56451 87%
c -  0.07 30 44 1  26  300  225 20% 3 114124 56451 87%
c i  0.07 30 44 1  26  308  228 20% 3 114124 56395 86%
c -  0.12 35 37 2 104  935  664 20% 5 113926 56391 86%
c }  0.12 35 37 2 121 1001  723 20% 5 113926 56391 86%
c [  0.13 35  0 2 121 1001  723  0% 0 113926 56391 86%
c O  0.13 35 24 2 121 1002  724 22% 6 113926 56391 86%
c -  0.19 35 56 3 121 1885 1394 33% 20 113926 56391 86%
c s  0.28 40 76 3 122 2234 1631 18% 27 109579 56391 86%
c v  0.31 40 76 3 122 2234 1631 18% 27 109577 56391 86%
c w  0.31 40 76 3 122 2234 1630 18% 27 109577 56391 86%
c 
c  seconds  reductions  redundant   irredundant
c         MB    restarts       trail        variables
c          level   conflicts       glue          remaining
c 
c t  0.32 40 76 3 122 2234 1622 18% 27 109123 55997 86%
c e  0.41 41 76 3 122 2234  105 18% 27 33113 7699 12%
c s  0.42 43 76 3 122 2234   98 18% 27 32922 7699 12%
c e  0.43 43 76 3 122 2234   98 18% 27 32919 7671 12%
c ]  0.47 43 98 3 122 3001  829  8% 30 32919 7671 12%
c {  0.47 43 37 3 122 3001  829 23% 5 32919 7671 12%
c F  0.47 43 37 3 123 3003  831 23% 5 32919 7671 12%
c -  0.48 38 40 4 150 3153  935 21% 5 32919 7671 12%
c i  0.48 38 39 4 150 3171  945 20% 5 32919 7668 12%
c i  0.52 38 43 4 334 4280 1875 12% 7 32919 7666 12%
c -  0.53 38 43 5 390 4653 1670 11% 7 32850 7666 12%
c 3  0.56 40 43 5 451 5001 9567 10% 7 32850 7666 12%
c 3  0.56 40 43 5 451 5001 9734 10% 7 32850 7666 12%
c 2  0.57 40 43 5 451 5001 9733 10% 7 32849 7666 12%
c p  0.59 40 43 5 451 5001 17262 10% 7 32849 7625 12%
c d  0.59 40 43 5 451 5001 16526 10% 7 32677 7624 12%
c #  0.62 40 39 5 692 6004 17436  8% 9 32677 7624 12%
c -  0.67 40 40 6 798 6453 2965 23% 9 32677 7624 12%
c }  0.68 40 40 6 825 7002 3444 22% 9 32677 7624 12%
c [  0.68 40 98 6 825 7002 3444 56% 30 32677 7624 12%
c 
c  seconds   reductions  redundant   irredundant
c         MB     restarts       trail      variables
c           level   conflicts       glue        remaining
c 
c -  0.75 40 100 7 826 8554 3322 49% 33 32677 7624 12%
c I  0.84 40 105 7 827 10005 4716 48% 38 32677 7624 12%
c s  0.87 40 101 7 828 10642 5162 45% 35 31907 7624 12%
c v  0.88 40 101 7 828 10642 5162 45% 35 31884 7624 12%
c w  0.89 40 101 7 828 10642 5161 45% 35 31884 7624 12%
c t  0.89 40 101 7 828 10642 5159 45% 35 31865 7624 12%
c e  0.89 40 101 7 828 10642 3667 45% 35 31650 7425 11%
c s  0.90 40 101 7 828 10642 3652 45% 35 31616 7425 11%
c -  0.92 40 98 8 828 10954 3013 44% 34 31616 7425 11%
c -  1.04 40 94 9 830 13654 3983 41% 36 31616 7425 11%
c 3  1.11 40 92 9 830 15001 8603 41% 38 31616 7425 11%
c p  1.12 40 92 9 830 15001 16171 41% 38 31616 7424 11%
c ]  1.13 40 92 9 830 15002 16172 41% 38 31616 7424 11%
c {  1.13 40 40 9 830 15002 16172 22% 9 31616 7424 11%
c B  1.13 40 40 9 831 15009 16179 22% 9 31616 7424 11%
c -  1.18 40 43 10 1042 16656 4910 22% 10 31613 7424 11%
c i  1.22 40 43 10 1171 17940 6066 23% 10 31613 7410 11%
c i  1.24 40 45 10 1273 18694 6722 23% 10 31613 7382 11%
c -  1.30 40 46 11 1502 19957 5407 23% 10 31390 7382 11%
c W  1.33 40 45 11 1538 21013 6316 23% 10 31390 7382 11%
c 
c  seconds  reductions     redundant   irredundant
c         MB     restarts         trail      variables
c          level      conflicts       glue        remaining
c 
c s  1.40 40 47 11 1669 23184 7944 23% 10 31332 7382 11%
c v  1.41 40 47 11 1669 23184 7944 23% 10 30974 7382 11%
c w  1.42 40 47 11 1669 23184 7933 23% 10 30974 7382 11%
c t  1.42 40 47 11 1669 23184 7927 23% 10 30972 7382 11%
c e  1.42 40 47 11 1669 23184 7084 23% 10 30862 7297 11%
c s  1.43 40 47 11 1669 23184 7020 23% 10 30847 7297 11%
c e  1.43 40 47 11 1669 23184 6993 23% 10 30841 7294 11%
c -  1.45 40 47 12 1724 23557 5632 23% 10 30841 7294 11%
c i  1.49 40 47 12 1852 24755 6675 23% 10 30841 7283 11%
c -  1.58 40 47 13 2150 27461 6636 23% 10 30759 7281 11%
c F  1.59 40 46 13 2174 28015 7147 23% 10 30759 7281 11%
c d  1.66 40 48 13 2401 30003 8958 23% 10 30759 7280 11%
c 3  1.66 40 48 13 2401 30003 12338 23% 10 30759 7280 11%
c 2  1.67 40 48 13 2401 30003 12945 23% 10 30759 7280 11%
c p  1.68 40 48 13 2401 30003 19015 23% 10 30759 7277 11%
c d  1.68 40 48 13 2401 30003 18968 23% 10 30748 7272 11%
c }  1.72 40 48 13 2512 31006 19822 23% 10 30748 7272 11%
c [  1.72 40 92 13 2512 31006 19822 41% 38 30748 7272 11%
c -  1.76 40 92 14 2512 31662 8336 41% 38 30748 7272 11%
c B  1.94 40 92 14 2515 36017 12419 40% 39 30748 7272 11%
c 
c  seconds  reductions     redundant   irredundant
c         MB     restarts         trail      variables
c          level      conflicts       glue        remaining
c 
c -  1.95 40 92 15 2515 36162 9012 40% 39 30748 7272 11%
c s  2.07 40 85 15 2518 39825 12045 36% 36 30722 7272 11%
c v  2.08 40 85 15 2518 39825 12045 36% 36 30669 7272 11%
c w  2.09 40 85 15 2518 39825 12041 36% 36 30669 7272 11%
c t  2.09 40 85 15 2518 39825 12036 36% 36 30665 7272 11%
c e  2.10 40 85 15 2518 39825 11845 36% 36 30566 7214 11%
c s  2.10 40 85 15 2518 39825 11820 36% 36 30483 7214 11%
c -  2.14 40 82 16 2518 40962 8203 35% 35 30483 7214 11%
c W  2.29 40 73 16 2519 45018 11521 32% 34 30483 7214 11%
c -  2.33 40 71 17 2520 46062 8462 31% 33 30483 7214 11%
c d  2.48 40 70 17 2520 50003 12082 32% 33 30483 7213 11%
c 3  2.48 40 70 17 2520 50003 15155 32% 33 30483 7213 11%
c 3  2.48 40 70 17 2520 50003 16057 32% 33 30483 7213 11%
c d  2.49 40 70 17 2520 50003 16047 32% 33 30483 7212 11%
c p  2.50 40 70 17 2520 50003 22073 32% 33 30483 7212 11%
c -  2.54 40 70 18 2520 51462 9160 32% 33 30483 7212 11%
c O  2.69 40 71 18 2521 55019 12484 32% 32 30483 7212 11%
c -  2.78 40 71 19 2523 57164 9603 33% 32 30483 7212 11%
c s  2.89 40 71 19 2526 60617 12721 32% 32 30479 7212 11%
c v  2.91 40 71 19 2526 60617 12721 32% 32 30408 7212 11%
c 
c  seconds  reductions      redundant   irredundant
c         MB     restarts          trail      variables
c          level      conflicts        glue        remaining
c 
c w  2.91 40 71 19 2526 60617 12719 32% 32 30408 7212 11%
c e  2.92 40 71 19 2526 60617 12719 32% 32 30311 7155 11%
c s  2.92 40 71 19 2526 60617 12709 32% 32 30252 7155 11%
c ]  3.05 40 72 19 2527 63006 14947 33% 32 30252 7155 11%
c {  3.05 40 48 19 2527 63006 14947 23% 10 30252 7155 11%
c -  3.06 40 48 20 2542 63165 10480 23% 10 30252 7155 11%
c i  3.08 40 47 20 2575 63912 11054 23% 10 30252 7154 11%
c B  3.17 40 47 20 2882 66020 12954 23% 10 30252 7154 11%
c -  3.30 40 47 21 3186 69466 10565 24% 10 30249 7154 11%
c d  3.50 40 46 21 4047 75003 15464 23% 10 30249 7146 11%
c 3  3.50 40 46 21 4047 75003 19086 23% 10 30249 7146 11%
c d  3.51 40 46 21 4047 75003 19888 23% 10 30249 7145 11%
c 2  3.51 40 46 21 4047 75003 19883 23% 10 30249 7145 11%
c p  3.52 40 46 21 4047 75003 25927 23% 10 30249 7145 11%
c d  3.53 40 46 21 4047 75003 25909 23% 10 30249 7142 11%
c -  3.57 40 45 22 4234 76067 12454 22% 10 30249 7142 11%
c W  3.67 40 44 22 4492 78021 14202 22% 11 30249 7142 11%
c -  3.85 40 43 23 4905 82968 13428 22% 11 30249 7142 11%
c s  3.96 40 43 23 5175 85579 15439 22% 11 30215 7142 11%
c v  3.97 40 43 23 5175 85579 15439 22% 11 30142 7142 11%
c 
c  seconds  reductions      redundant   irredundant
c         MB     restarts          trail      variables
c          level      conflicts        glue        remaining
c 
c w  3.98 40 43 23 5175 85579 15432 22% 11 30142 7142 11%
c t  3.98 40 43 23 5175 85579 15424 22% 11 30142 7142 11%
c e  3.98 40 43 23 5175 85579 15342 22% 11 30074 7090 11%
c s  3.99 40 43 23 5175 85579 15281 22% 11 30013 7090 11%
c e  4.00 40 43 23 5175 85579 15281 22% 11 30011 7088 11%
c -  4.15 40 42 24 5864 90173 14100 22% 11 30011 7088 11%
c #  4.19 40 42 24 5948 91023 14883 22% 11 30011 7088 11%
c -  4.37 40 39 25 6141 97673 14702 21% 11 30011 7088 11%
c d  4.71 40 39 25 7153 105003 21410 21% 11 30011 7078 11%
c 3  4.71 40 39 25 7153 105003 25110 21% 11 30011 7078 11%
c 3  4.72 40 39 25 7153 105003 25927 21% 11 30011 7078 11%
c d  4.72 40 39 25 7153 105003 25922 21% 11 30011 7077 11%
c 2  4.72 40 39 25 7153 105003 25914 21% 11 30011 7077 11%
c p  4.74 40 39 25 7153 105003 32024 21% 11 30011 7076 11%
c d  4.74 40 39 25 7153 105003 31895 21% 11 30008 7075 11%
c B  4.75 40 39 25 7157 105024 31914 21% 11 30008 7075 11%
c -  4.78 40 40 26 7246 105473 16692 22% 11 30008 7075 11%
c -  5.09 40 38 27 7738 113573 17000 21% 11 30008 7075 11%
c s  5.15 40 38 27 7800 114730 17718 21% 11 29994 7075 11%
c v  5.16 40 38 27 7800 114730 17718 21% 11 29971 7075 11%
c 
c  seconds  reductions       redundant   irredundant
c         MB     restarts           trail      variables
c          level      conflicts         glue        remaining
c 
c w  5.17 40 38 27 7800 114730 17713 21% 11 29971 7075 11%
c t  5.17 40 38 27 7800 114730 17707 21% 11 29970 7075 11%
c e  5.18 40 38 27 7800 114730 17704 21% 11 29958 7063 11%
c s  5.18 40 38 27 7800 114730 17660 21% 11 29941 7063 11%
c e  5.19 40 38 27 7800 114730 17660 21% 11 29937 7059 11%
c W  5.42 40 36 27 7854 120025 22359 21% 11 29937 7059 11%
c i  5.45 40 36 27 7931 120670 22924 21% 11 29937 7054 11%
c -  5.50 40 36 28 8110 121974 17887 21% 11 29922 7054 11%
c }  5.67 40 34 28 8460 127009 21874 20% 11 29922 7054 11%
c [  5.67 40 72 28 8460 127009 21874 33% 32 29922 7054 11%
c -  5.82 40 66 29 8460 130674 18009 31% 30 29922 7054 11%
c B  6.04 40 60 29 8465 136026 22299 29% 28 29922 7054 11%
c -  6.22 40 63 30 8467 139674 18834 30% 29 29922 7054 11%
c d  6.24 40 63 30 8467 140004 19071 30% 29 29922 7035 11%
c 3  6.25 40 63 30 8467 140004 22849 30% 29 29922 7035 11%
c 3  6.25 40 63 30 8467 140004 23672 30% 29 29922 7035 11%
c d  6.26 40 63 30 8467 140004 23653 30% 29 29922 7032 11%
c 2  6.26 40 63 30 8467 140004 23650 30% 29 29922 7032 11%
c p  6.27 40 63 30 8467 140004 29086 30% 29 29922 7032 11%
c d  6.28 40 63 30 8467 140004 29080 30% 29 29922 7030 11%
c 
c  seconds  reductions       redundant   irredundant
c         MB     restarts           trail      variables
c          level      conflicts         glue        remaining
c 
c s  6.69 40 62 30 8468 148081 36108 30% 30 29909 7030 11%
c v  6.70 40 62 30 8468 148081 36108 30% 30 29880 7030 11%
c w  6.71 40 62 30 8468 148081 36102 30% 30 29880 7030 11%
c t  6.71 40 62 30 8468 148081 36101 30% 30 29880 7030 11%
c e  6.72 40 62 30 8468 148081 35212 30% 30 29875 7022 11%
c s  6.73 40 62 30 8468 148081 35157 30% 30 29860 7022 11%
c -  6.79 40 63 31 8468 148976 19376 30% 30 29860 7022 11%
c W  7.10 40 63 31 8469 153028 23241 31% 30 29860 7022 11%
c -  7.44 40 66 32 8469 158577 18860 33% 32 29860 7022 11%
c -  8.04 40 69 33 8470 168486 19343 35% 34 29860 7022 11%
c I  8.24 40 69 33 8472 171030 21742 35% 34 29860 7022 11%
c -  8.61 40 70 34 8476 178689 19999 35% 34 29860 7022 11%
c d  8.70 40 70 34 8476 180006 21168 35% 34 29860 7016 11%
c 2  8.71 40 70 34 8476 180006 25352 35% 34 29860 7016 11%
c p  8.73 40 70 34 8476 180006 30731 35% 34 29860 7016 11%
c d  8.73 40 70 34 8476 180006 30726 35% 34 29860 7015 11%
c s  9.01 40 69 34 8480 185670 35712 35% 34 29855 7015 11%
c v  9.03 40 69 34 8480 185670 35712 35% 34 29853 7015 11%
c w  9.04 40 69 34 8480 185670 35712 35% 34 29853 7015 11%
c t  9.04 40 69 34 8480 185670 35710 35% 34 29849 7015 11%
c 
c  seconds  reductions       redundant   irredundant
c         MB     restarts           trail      variables
c          level      conflicts         glue        remaining
c 
c e  9.05 40 69 34 8480 185670 35641 35% 34 29844 7008 11%
c s  9.05 40 69 34 8480 185670 35625 35% 34 29815 7008 11%
c -  9.31 40 68 35 8483 189190 20455 36% 34 29815 7008 11%
c B  9.37 40 68 35 8483 190032 21212 36% 34 29815 7008 11%
c - 10.05 40 71 36 8484 199993 20561 37% 36 29815 7008 11%
c W 10.77 40 72 36 8491 210033 29976 38% 37 29815 7008 11%
c - 10.85 45 72 37 8491 211093 21168 38% 37 29815 7008 11%
c - 11.76 40 73 38 8498 222493 21746 39% 39 29815 7008 11%
c d 11.96 40 74 38 8498 225006 24020 39% 39 29815 7006 11%
c 3 11.96 40 74 38 8498 225006 27501 39% 39 29815 7006 11%
c d 11.98 40 74 38 8498 225006 28444 39% 39 29815 7005 11%
c 2 11.98 40 74 38 8498 225006 28442 39% 39 29815 7005 11%
c p 11.99 40 74 38 8498 225006 33807 39% 39 29815 7005 11%
c d 12.00 40 74 38 8498 225006 33805 39% 39 29815 7004 11%
c s 12.19 40 74 38 8499 227453 35731 39% 40 29815 7004 11%
c v 12.21 40 74 38 8499 227453 35731 39% 40 29784 7004 11%
c w 12.23 40 74 38 8499 227453 35731 39% 40 29784 7004 11%
c e 12.23 40 74 38 8499 227453 35720 39% 40 29779 6997 11%
c s 12.24 40 74 38 8499 227453 35708 39% 40 29770 6997 11%
c O 12.47 40 74 38 8499 231035 38705 39% 40 29770 6997 11%
c 
c  seconds  reductions       redundant   irredundant
c         MB     restarts           trail      variables
c          level      conflicts         glue        remaining
c 
c - 12.66 40 72 39 8499 234194 22222 39% 39 29770 6997 11%
c - 12.99 40 70 40 8500 246194 21486 36% 36 29770 6997 11%
c B 13.23 40 69 40 8501 253036 27632 35% 35 29770 6997 11%
c ] 13.34 40 71 40 8501 255010 29515 35% 35 29770 6997 11%
c { 13.34 40 34 40 8501 255010 29515 20% 11 29770 6997 11%
c - 13.44 40 33 41 8534 258494 23200 20% 11 29770 6997 11%
c - 13.86 40 32 42 10059 271096 23227 20% 11 29770 6997 11%
c s 13.98 40 32 42 10238 273414 24193 20% 11 29767 6997 11%
c v 14.01 40 32 42 10238 273414 24193 20% 11 29649 6997 11%
c w 14.02 40 32 42 10238 273414 24192 20% 11 29649 6997 11%
c t 14.02 40 32 42 10238 273414 24186 20% 11 29649 6997 11%
c e 14.02 40 32 42 10238 273414 23843 20% 11 29636 6982 11%
c s 14.05 40 32 42 10238 273414 23625 20% 11 29631 6982 11%
c d 14.11 40 32 42 10244 275006 24958 20% 11 29631 6966 11%
c 3 14.12 40 32 42 10244 275006 28497 20% 11 29631 6966 11%
c d 14.13 40 32 42 10244 275006 29244 20% 11 29631 6965 11%
c p 14.14 40 32 42 10244 275006 34637 20% 11 29631 6965 11%
c F 14.17 40 32 42 10244 276038 35429 19% 11 29631 6965 11%
c - 14.59 40 32 43 11202 283997 27006 20% 11 29631 6965 11%
c - 15.03 40 30 44 11640 297198 26573 20% 10 29631 6965 11%
c 
c  seconds  reductions        redundant   irredundant
c         MB      restarts           trail      variables
c          level       conflicts         glue        remaining
c 
c B 15.17 40 31 44 12040 300039 29220 20% 11 29631 6965 11%
c - 15.65 40 31 45 14059 310698 28948 20% 11 29631 6965 11%
c s 16.28 40 32 45 15662 323473 39315 20% 11 29625 6965 11%
c v 16.31 40 32 45 15662 323473 39315 20% 11 29470 6965 11%
c w 16.32 40 32 45 15662 323473 39307 20% 11 29470 6965 11%
c t 16.32 40 32 45 15662 323473 39298 20% 11 29469 6965 11%
c e 16.33 40 32 45 15662 323473 36839 20% 11 29428 6919 11%
c s 16.34 40 32 45 15662 323473 36772 20% 11 29415 6919 11%
c - 16.38 40 31 46 15671 324500 27031 20% 11 29415 6919 11%
c W 16.48 40 31 46 15671 325041 27422 20% 11 29415 6919 11%
c d 16.67 40 31 46 15989 330006 31780 20% 11 29415 6892 11%
c 3 16.67 40 31 46 15989 330006 35521 20% 11 29415 6892 11%
c 3 16.68 40 31 46 15989 330006 36384 20% 11 29415 6892 11%
c d 16.68 40 31 46 15989 330006 36358 20% 11 29415 6889 11%
c p 16.70 40 31 46 15989 330006 41384 20% 11 29415 6889 11%
c d 16.70 40 31 46 15989 330006 41367 20% 11 29415 6887 11%
c - 17.01 40 30 47 16831 338600 27659 20% 11 29415 6887 11%
c # 17.53 40 29 47 17775 351043 38243 20% 11 29415 6887 11%
c - 17.65 40 29 48 18006 353000 29659 20% 11 29415 6887 11%
c - 18.27 40 28 49 18684 367700 30661 20% 11 29415 6887 11%
c 
c  seconds  reductions        redundant   irredundant
c         MB      restarts           trail      variables
c          level       conflicts         glue        remaining
c 
c i 18.57 40 27 49 18696 374938 35643 19% 11 29415 6881 11%
c s 18.74 40 27 49 19349 377759 37990 19% 11 29409 6881 11%
c v 18.78 40 27 49 19349 377759 37990 19% 11 29378 6881 11%
c w 18.79 40 27 49 19349 377759 37981 19% 11 29378 6881 11%
c t 18.79 40 27 49 19349 377759 37974 19% 11 29378 6881 11%
c e 18.80 40 27 49 19349 377759 37922 19% 11 29357 6874 11%
c s 18.81 40 27 49 19349 377759 37803 19% 11 29357 6874 11%
c ^ 18.82 40 27 49 19349 377759 37803 19% 11 29357 6874 11%
c B 18.83 40 27 49 19422 378044 38062 19% 11 29357 6874 11%
c - 19.14 40 28 50 20059 382700 22417 20% 11 29357 6874 11%
c d 19.46 40 28 50 20641 390008 28856 20% 11 29357 6845 10%
c 3 19.47 40 28 50 20641 390008 32311 20% 11 29357 6845 10%
c 3 19.48 40 28 50 20641 390008 33154 20% 11 29357 6845 10%
c d 19.48 40 28 50 20641 390008 33089 20% 11 29357 6840 10%
c p 19.50 40 28 50 20641 390008 37894 20% 11 29357 6839 10%
c d 19.51 40 28 50 20641 390008 37740 20% 11 29354 6836 10%
c - 19.98 40 29 51 21764 398000 29870 25% 11 29354 6836 10%
c W 20.37 40 29 51 23111 406046 36610 22% 11 29354 6836 10%
c - 20.72 40 29 52 24174 413602 31212 21% 11 29354 6836 10%
c - 21.71 40 30 53 26188 429504 32812 23% 12 29354 6836 10%
c 
c  seconds  reductions        redundant   irredundant
c         MB      restarts           trail      variables
c          level       conflicts         glue        remaining
c 
c F 21.95 40 31 53 27216 435048 37772 23% 12 29354 6836 10%
c s 22.07 40 31 53 27379 436406 38554 23% 12 29337 6836 10%
c v 22.10 40 31 53 27379 436406 38554 23% 12 29306 6836 10%
c w 22.12 40 31 53 27379 436406 38542 23% 12 29306 6836 10%
c t 22.12 40 31 53 27379 436406 38528 23% 12 29306 6836 10%
c e 22.14 40 31 53 27379 436406 25823 23% 12 29541 6433 10%
c s 22.16 40 31 53 27379 436406 25629 23% 12 29536 6433 10%
c - 22.54 40 31 54 27993 445704 27381 22% 12 29536 6433 10%
c d 23.00 40 31 54 28864 455011 35576 22% 12 29536 6405 10%
c 3 23.01 40 31 54 28864 455011 39058 22% 12 29536 6405 10%
c 3 23.02 40 31 54 28864 455011 39852 22% 12 29536 6405 10%
c d 23.02 40 31 54 28864 455011 39813 22% 12 29536 6402 10%
c 2 23.03 40 31 54 28864 455011 39812 22% 12 29536 6402 10%
c p 23.04 40 31 54 28864 455011 43499 22% 12 29536 6402 10%
c d 23.05 40 31 54 28864 455011 43475 22% 12 29536 6399 10%
c - 23.29 40 31 55 29165 462205 30935 22% 12 29536 6399 10%
c B 23.44 40 31 55 29524 465049 33589 22% 12 29536 6399 10%
c - 23.86 40 29 56 29768 479006 31203 21% 12 29536 6399 10%
c W 24.76 40 30 56 32707 496053 46211 20% 12 29536 6399 10%
c - 24.77 40 30 57 32717 496107 33420 20% 12 29536 6399 10%
c 
c  seconds  reductions        redundant   irredundant
c         MB      restarts           trail      variables
c          level       conflicts         glue        remaining
c 
c s 25.17 40 31 57 33517 502374 38678 21% 12 29532 6399 10%
c v 25.21 40 31 57 33517 502374 38678 21% 12 29512 6399 10%
c w 25.22 40 31 57 33517 502374 38673 21% 12 29512 6399 10%
c t 25.22 40 31 57 33517 502374 38664 21% 12 29510 6399 10%
c e 25.23 40 31 57 33517 502374 38634 21% 12 29513 6394 10%
c s 25.25 40 31 57 33517 502374 38543 21% 12 29505 6394 10%
c } 25.58 40 31 57 34924 511010 46302 20% 12 29505 6394 10%
c [ 25.58 40 71 57 34924 511010 46302 39% 35 29505 6394 10%
c - 25.65 40 71 58 34924 513507 34931 39% 35 29505 6394 10%
c d 26.07 40 74 58 34924 525014 44822 39% 34 29505 6376 10%
c 3 26.07 40 74 58 34924 525014 48061 39% 34 29505 6376 10%
c 3 26.08 40 74 58 34924 525014 48847 39% 34 29505 6376 10%
c d 26.08 40 74 58 34924 525014 48819 39% 34 29505 6373 10%
c 2 26.09 40 74 58 34924 525014 48819 39% 34 29505 6372 10%
c p 26.10 40 74 58 34924 525014 52555 39% 34 29505 6372 10%
c d 26.10 40 74 58 34924 525014 52477 39% 34 29502 6370 10%
c d 26.11 40 74 58 34924 525014 52461 39% 34 29502 6367 10%
c W 26.43 48 74 58 34924 528055 55348 39% 34 29502 6367 10%
c - 26.52 40 72 59 34924 531208 34054 38% 34 29502 6367 10%
c - 27.25 40 68 60 34931 549208 33189 36% 32 29502 6367 10%
c 
c  seconds  reductions        redundant   irredundant
c         MB      restarts           trail      variables
c          level       conflicts         glue        remaining
c 
c I 27.68 40 66 60 34937 561056 43384 34% 32 29502 6367 10%
c - 27.91 42 66 61 34939 567509 32926 34% 32 29502 6367 10%
c s 28.06 42 65 61 34939 572973 37727 34% 32 29501 6367 10%
c v 28.08 42 65 61 34939 572973 37727 34% 32 29478 6367 10%
c w 28.09 42 65 61 34939 572973 37722 34% 32 29478 6367 10%
c t 28.10 42 65 61 34939 572973 37716 34% 32 29476 6367 10%
c e 28.10 42 65 61 34939 572973 37716 34% 32 29483 6358 10%
c s 28.11 42 65 61 34939 572973 37603 34% 32 29467 6358 10%
c - 28.75 42 67 62 34946 586109 33925 34% 31 29467 6358 10%
c B 29.18 42 66 62 34953 595058 42041 34% 32 29467 6358 10%
c d 29.42 42 66 62 34954 600016 46668 34% 31 29467 6355 10%
c 3 29.43 42 66 62 34954 600016 48875 34% 31 29467 6355 10%
c d 29.44 42 66 62 34954 600016 49724 34% 31 29467 6354 10%
c p 29.46 42 66 62 34954 600016 53629 34% 31 29467 6354 10%
c d 29.46 42 66 62 34954 600016 53624 34% 31 29467 6353 10%
c - 29.71 43 67 63 34954 605010 34607 34% 32 29467 6353 10%
c - 31.23 43 74 64 34956 624210 35756 35% 37 29467 6353 10%
c W 31.87 43 76 64 34961 630061 41181 35% 38 29467 6353 10%
c - 32.47 43 74 65 34968 643711 36502 34% 37 29467 6353 10%
c s 32.81 43 73 65 34969 648197 40761 35% 36 29467 6353 10%
c 
c  seconds  reductions        redundant   irredundant
c         MB      restarts           trail      variables
c          level       conflicts         glue        remaining
c 
c v 32.85 43 73 65 34969 648197 40761 35% 36 29450 6353 10%
c w 32.86 43 73 65 34969 648197 40758 35% 36 29450 6353 10%
c e 32.87 43 73 65 34969 648197 40722 35% 36 29451 6349 10%
c s 32.88 43 73 65 34969 648197 40695 35% 36 29449 6349 10%
c - 34.04 43 69 66 34976 663512 36681 35% 36 29449 6349 10%
c O 34.24 43 69 66 34977 666064 38941 35% 36 29449 6349 10%
c d 35.23 43 66 66 34984 680016 51936 35% 35 29449 6348 10%
c p 35.26 43 66 66 34984 680016 58733 35% 35 29449 6348 10%
c - 35.53 43 66 67 34985 683613 37948 35% 35 29449 6348 10%
c B 37.05 43 65 67 34986 703065 56147 35% 37 29449 6348 10%
c - 37.15 43 65 68 34986 704013 38429 35% 37 29449 6348 10%
c - 39.23 53 68 69 34987 724713 38287 36% 40 29449 6348 10%
c s 39.68 53 68 69 34987 727889 41209 37% 40 29448 6348 10%
c v 39.71 53 68 69 34987 727889 41209 37% 40 29413 6348 10%
c w 39.73 53 68 69 34987 727889 41189 37% 40 29413 6348 10%
c e 39.74 53 68 69 34987 727889 41187 37% 40 29410 6345 10%
c s 39.76 53 68 69 34987 727889 41140 37% 40 29408 6345 10%
c W 41.66 53 68 69 34988 741066 53086 37% 42 29408 6345 10%
c - 42.09 53 68 70 34988 745716 40375 37% 42 29408 6345 10%
c d 44.12 53 69 70 34988 765017 58601 38% 43 29408 6335 10%
c 
c  seconds  reductions        redundant   irredundant
c         MB      restarts           trail      variables
c          level       conflicts         glue        remaining
c 
c p 44.16 53 69 70 34988 765017 65355 38% 43 29408 6335 10%
c - 44.39 55 69 71 34988 767017 41395 39% 44 29408 6335 10%
c I 45.66 55 69 71 34988 780068 53315 39% 44 29408 6335 10%
c - 46.43 54 69 72 34988 788617 41160 39% 44 29408 6335 10%
c - 48.45 47 68 73 34991 810518 41973 40% 44 29408 6335 10%
c s 48.62 47 68 73 34992 811967 43240 40% 44 29408 6335 10%
c v 48.66 47 68 73 34992 811967 43240 40% 44 29278 6335 10%
c w 48.67 47 68 73 34992 811967 43238 40% 44 29278 6335 10%
c s 48.69 47 68 73 34992 811967 43213 40% 44 29278 6335 10%
c ^ 48.70 47 68 73 34992 811967 43213 40% 44 29278 6335 10%
c B 49.49 47 68 73 34996 820069 50551 40% 44 29278 6335 10%
c - 50.62 57 68 74 35003 832718 41287 40% 45 29278 6335 10%
c p 52.61 57 67 74 35013 855017 68184 40% 44 29278 6335 10%
c - 52.65 57 67 75 35013 855220 42210 40% 44 29278 6335 10%
c W 53.35 57 67 75 35016 861070 47602 40% 44 29278 6335 10%
c - 54.52 57 68 76 35019 878020 42220 40% 44 29278 6335 10%
c s 56.43 57 69 76 35026 900305 62833 39% 45 29278 6335 10%
c v 56.49 57 69 76 35026 900305 62833 39% 45 29245 6335 10%
c w 56.52 57 69 76 35026 900305 62828 39% 45 29245 6335 10%
c e 56.54 57 69 76 35026 900305 51041 39% 45 29681 6117  9%
c 
c  seconds  reductions        redundant   irredundant
c         MB      restarts           trail      variables
c          level       conflicts         glue        remaining
c 
c s 56.56 57 69 76 35026 900305 51016 39% 45 29650 6117  9%
c - 56.73 57 69 77 35026 901121 35736 41% 45 29650 6117  9%
c O 56.87 57 69 77 35027 903073 37455 40% 46 29650 6117  9%
c - 57.98 57 65 78 35035 924522 40451 36% 42 29650 6117  9%
c B 59.47 57 65 78 35048 946074 60775 38% 41 29650 6117  9%
c - 59.65 57 66 79 35048 948225 42776 38% 42 29650 6117  9%
c 2 59.80 57 66 79 35049 950020 47403 39% 42 29649 6117  9%
c p 59.81 57 66 79 35049 950020 51205 39% 42 29649 6117  9%
c - 61.56 65 68 80 35050 972225 43365 40% 43 29649 6117  9%
c W 63.41 65 69 80 35051 990075 60051 41% 44 29649 6117  9%
c s 64.05 65 69 80 35051 995946 65267 41% 44 29649 6117  9%
c v 64.09 65 69 80 35051 995946 65267 41% 44 29634 6117  9%
c w 64.12 65 69 80 35051 995946 65262 41% 44 29634 6117  9%
c t 64.12 65 69 80 35051 995946 65262 41% 44 29631 6117  9%
c e 64.13 65 69 80 35051 995946 65150 41% 44 29632 6116  9%
c s 64.15 65 69 80 35051 995946 65108 41% 44 29632 6116  9%
c ^ 64.16 65 69 80 35051 995946 65108 41% 44 29632 6116  9%
c - 64.23 65 69 81 35051 996525 45973 41% 44 29632 6116  9%
c - 66.51 65 69 82 35060 1021125 45045 42% 45 29632 6116  9%
c ] 66.65 65 69 82 35061 1023010 46773 42% 45 29632 6116  9%
c 
c  seconds  reductions         redundant   irredundant
c         MB      restarts            trail      variables
c          level        conflicts         glue        remaining
c 
c { 66.65 65 31 82 35061 1023010 46773 23% 12 29632 6116  9%
c # 67.25 65 31 82 36901 1035077 57406 23% 12 29632 6116  9%
c - 68.00 36 31 83 37887 1046028 44983 23% 12 29632 6116  9%
c d 68.11 36 31 83 38315 1050021 48359 23% 12 29632 6114  9%
c 3 68.12 36 31 83 38315 1050021 50422 23% 12 29632 6114  9%
c d 68.13 36 31 83 38315 1050021 51018 23% 12 29632 6112  9%
c p 68.15 36 31 83 38315 1050021 54682 23% 12 29632 6112  9%
c - 68.88 40 29 84 40628 1071228 45393 22% 12 29632 6112  9%
c B 69.25 40 29 84 41585 1081079 53933 22% 12 29632 6112  9%
c s 70.06 40 30 84 43335 1096112 65029 22% 13 29628 6112  9%
c v 70.10 40 30 84 43335 1096112 65029 22% 13 29618 6112  9%
c w 70.13 40 30 84 43335 1096112 65020 22% 13 29618 6112  9%
c t 70.13 40 30 84 43335 1096112 65019 22% 13 29618 6112  9%
c e 70.14 40 30 84 43335 1096112 53685 22% 13 30612 5786  9%
c s 70.18 40 30 84 43335 1096112 53527 22% 13 30463 5786  9%
c e 70.19 40 30 84 43335 1096112 52869 22% 13 30467 5785  9%
c - 70.27 40 30 85 43462 1096728 38081 22% 13 30467 5785  9%
c - 71.25 40 29 86 44242 1122528 44242 21% 12 30467 5785  9%
c W 71.79 40 28 86 44980 1128081 48752 21% 12 30467 5785  9%
c - 72.73 40 29 87 47500 1148628 47485 21% 13 30467 5785  9%
c 
c  seconds  reductions         redundant   irredundant
c         MB      restarts            trail      variables
c          level        conflicts         glue        remaining
c 
c d 72.97 40 28 87 47504 1155021 52408 21% 12 30467 5777  9%
c 3 72.98 40 28 87 47504 1155021 54492 21% 12 30467 5777  9%
c 2 72.99 40 28 87 47504 1155021 54838 21% 12 30467 5777  9%
c p 73.00 40 28 87 47504 1155021 57289 21% 12 30467 5777  9%
c d 73.00 40 28 87 47504 1155021 57282 21% 12 30467 5776  9%
c - 73.97 41 27 88 48826 1175028 48743 22% 12 30467 5776  9%
c F 74.01 41 27 88 48883 1176082 49703 21% 12 30467 5776  9%
c - 75.08 41 27 89 51720 1201728 52372 21% 12 30467 5776  9%
c s 75.21 41 27 89 51747 1206370 54279 21% 12 30464 5776  9%
c v 75.26 41 27 89 51747 1206370 54279 21% 12 30445 5776  9%
c w 75.28 41 27 89 51747 1206370 54267 21% 12 30445 5776  9%
c t 75.28 41 27 89 51747 1206370 54267 21% 12 30442 5776  9%
c e 75.28 41 27 89 51747 1206370 54060 21% 12 30460 5771  9%
c s 75.32 41 27 89 51747 1206370 53889 21% 12 30453 5771  9%
c B 75.95 41 26 89 52384 1225085 68696 21% 12 30453 5771  9%
c - 76.17 41 26 90 52791 1228730 49853 21% 12 30453 5771  9%
c - 77.47 41 27 91 55344 1256030 51212 21% 12 30453 5771  9%
c d 77.87 41 27 91 55784 1265021 58788 20% 12 30453 5769  9%
c 3 77.87 41 27 91 55784 1265021 60787 20% 12 30453 5769  9%
c 2 77.88 41 27 91 55784 1265021 60785 20% 12 30453 5769  9%
c 
c  seconds  reductions         redundant   irredundant
c         MB      restarts            trail      variables
c          level        conflicts         glue        remaining
c 
c p 77.90 41 27 91 55784 1265021 63279 20% 12 30453 5769  9%
c W 78.79 41 26 91 56612 1275088 71943 20% 12 30453 5769  9%
c - 79.19 41 27 92 57989 1283630 52655 20% 12 30453 5769  9%
c - 80.70 41 26 93 60278 1311530 53523 20% 12 30453 5769  9%
c s 81.05 41 26 93 60569 1321556 60328 20% 12 30447 5769  9%
c v 81.10 41 26 93 60569 1321556 60328 20% 12 30424 5769  9%
c w 81.12 41 26 93 60569 1321556 60320 20% 12 30424 5769  9%
c t 81.12 41 26 93 60569 1321556 60318 20% 12 30424 5769  9%
c e 81.13 41 26 93 60569 1321556 59946 20% 12 30440 5765  9%
c s 81.17 41 26 93 60569 1321556 59826 20% 12 30440 5765  9%
c ^ 81.17 41 26 93 60569 1321556 59826 20% 12 30440 5765  9%
c # 81.35 41 25 93 61218 1326091 63461 19% 12 30440 5765  9%
c - 82.23 41 27 94 62554 1339731 53703 20% 12 30440 5765  9%
c - 83.85 41 27 95 64941 1368231 54889 20% 13 30440 5765  9%
c B 84.28 41 27 95 65342 1378092 63320 20% 13 30440 5765  9%
c d 84.35 41 27 95 65795 1380026 64997 20% 13 30440 5760  9%
c 3 84.36 41 27 95 65795 1380026 66443 20% 13 30440 5760  9%
c p 84.38 41 27 95 65795 1380026 69338 20% 13 30440 5760  9%
c d 84.39 41 27 95 65795 1380026 69330 20% 13 30440 5759  9%
c - 85.06 41 27 96 68223 1397032 55236 20% 13 30440 5759  9%
c 
c  seconds  reductions         redundant   irredundant
c         MB      restarts            trail      variables
c          level        conflicts         glue        remaining
c 
c - 86.34 41 26 97 69252 1426133 54263 19% 13 30440 5759  9%
c W 86.95 41 26 97 69256 1431093 57677 19% 13 30440 5759  9%
c s 87.48 41 25 97 69805 1441586 66216 19% 12 30435 5759  9%
c v 87.53 41 25 97 69805 1441586 66216 19% 12 30424 5759  9%
c w 87.56 41 25 97 69805 1441586 66213 19% 12 30424 5759  9%
c t 87.56 41 25 97 69805 1441586 66212 19% 12 30424 5759  9%
c e 87.59 41 25 97 69805 1441586 17425 19% 12 38278 4490  7%
c s 87.63 41 25 97 69805 1441586 17348 19% 12 38113 4490  7%
c e 87.63 41 25 97 69805 1441586 17347 19% 12 38121 4489  7%
c - 88.14 41 27 98 72000 1455533 26253 24% 13 38121 4489  7%
c F 89.13 41 27 98 73950 1485094 51995 21% 13 38121 4489  7%
c - 89.15 43 27 99 73952 1485237 42350 21% 13 38121 4489  7%
c d 89.72 43 27 99 75931 1500026 55086 21% 13 38121 4488  7%
c 3 89.73 43 27 99 75931 1500026 56826 21% 13 38121 4488  7%
c 2 89.74 43 27 99 75931 1500026 56990 21% 13 38120 4488  7%
c p 89.76 43 27 99 75931 1500026 58932 21% 13 38120 4488  7%
c - 90.28 43 26 100 76826 1515237 46093 21% 13 38120 4488  7%
c B 91.31 43 27 100 79234 1540095 67463 22% 13 38120 4488  7%
c - 91.51 43 27 101 79441 1545538 48611 22% 13 38120 4488  7%
c - 93.09 43 29 102 81971 1576143 51526 23% 13 38120 4488  7%
c 
c  seconds   reductions         redundant   irredundant
c         MB       restarts            trail      variables
c          level         conflicts         glue        remaining
c 
c W 94.70 43 30 102 84891 1596096 68963 24% 13 38120 4488  7%
c s 95.11 43 30 102 85403 1602065 73330 24% 13 38105 4488  7%
c v 95.18 43 30 102 85403 1602065 73330 24% 13 38046 4488  7%
c w 95.21 43 30 102 85403 1602065 73298 24% 13 38046 4488  7%
c t 95.22 43 30 102 85403 1602065 73296 24% 13 38044 4488  7%
c e 95.22 43 30 102 85403 1602065 68956 24% 13 38148 4473  7%
c s 95.30 43 30 102 85403 1602065 68756 24% 13 38146 4473  7%
c - 95.64 43 31 103 85779 1607043 53835 24% 13 38146 4473  7%
c d 96.54 43 31 103 87016 1625026 69232 24% 13 38146 4471  7%
c 3 96.54 43 31 103 87016 1625026 70122 24% 13 38146 4471  7%
c p 96.57 43 31 103 87016 1625026 72343 24% 13 38146 4471  7%
c - 97.08 43 30 104 89192 1638243 53438 23% 14 38146 4471  7%
c # 97.67 43 30 104 89799 1653098 66273 23% 13 38146 4471  7%
c - 98.42 44 29 105 90804 1669744 54522 24% 13 38146 4471  7%
c - 99.47 44 27 106 92239 1701545 54714 23% 13 38146 4471  7%
c B 99.66 44 26 106 92329 1711099 61986 22% 13 38146 4471  7%
c - 101.08 44 28 107 95014 1733646 55122 23% 13 38146 4471  7%
c i 101.27 44 27 107 95042 1741437 61077 23% 13 38146 4470  7%
c 3 101.88 44 27 107 96647 1755026 72975 23% 13 38146 4470  7%
c 2 101.89 44 27 107 96647 1755026 73232 23% 13 38146 4470  7%
c 
c  seconds    reductions         redundant   irredundant
c          MB       restarts            trail      variables
c           level         conflicts         glue        remaining
c 
c p 101.91 44 27 107 96647 1755026 75076 23% 13 38146 4470  7%
c - 102.44 44 28 108 98680 1766046 49146 23% 13 38143 4470  7%
c s 102.58 44 27 108 98755 1769045 51326 23% 13 38109 4470  7%
c v 102.63 44 27 108 98755 1769045 51326 23% 13 38099 4470  7%
c w 102.66 44 27 108 98755 1769045 51313 23% 13 38099 4470  7%
c t 102.66 44 27 108 98755 1769045 51312 23% 13 38099 4470  7%
c e 102.67 44 27 108 98755 1769045 51306 23% 13 38107 4469  7%
c s 102.72 44 27 108 98755 1769045 51192 23% 13 38104 4469  7%
c W 103.41 44 27 108 98755 1770101 51998 23% 13 38104 4469  7%
c - 104.45 44 27 109 101003 1798746 54283 22% 13 38104 4469  7%
c F 105.39 44 25 109 102798 1830103 78936 23% 13 38104 4469  7%
c - 105.56 44 25 110 103007 1831746 53580 23% 13 38104 4469  7%
c - 106.91 44 25 111 104334 1865047 55891 23% 13 38104 4469  7%
c 3 108.28 44 26 111 105756 1890026 77609 23% 13 38104 4469  7%
c p 108.31 44 26 111 105756 1890026 79808 23% 13 38104 4469  7%
c B 108.40 44 27 111 105821 1891106 80810 23% 13 38104 4469  7%
c - 108.75 49 27 112 107413 1898647 57440 23% 13 38104 4469  7%
c - 109.85 49 26 113 109785 1932548 56540 23% 13 38104 4469  7%
c s 110.20 49 25 113 109983 1942193 64251 22% 13 38096 4469  7%
c v 110.26 49 25 113 109983 1942193 64251 22% 13 38076 4469  7%
c 
c  seconds    reductions          redundant   irredundant
c          MB       restarts             trail      variables
c           level          conflicts         glue        remaining
c 
c w 110.29 49 25 113 109983 1942193 64246 22% 13 38076 4469  7%
c e 110.30 49 25 113 109983 1942193 64224 22% 13 38083 4468  7%
c s 110.36 49 25 113 109983 1942193 64187 22% 13 38080 4468  7%
c e 110.36 49 25 113 109983 1942193 64155 22% 13 38084 4467  7%
c W 111.69 49 25 113 111085 1953108 73136 22% 13 38084 4467  7%
c - 112.33 49 26 114 112412 1966749 57501 22% 13 38084 4467  7%
c - 113.63 50 26 115 115575 2001249 58001 22% 14 38084 4467  7%
c # 114.59 50 27 115 117045 2016109 71355 23% 14 38084 4467  7%
c p 115.18 50 27 115 117665 2030029 86475 23% 14 38084 4467  7%
c - 115.44 57 27 116 118005 2036049 59811 22% 14 38084 4467  7%
c } 115.77 57 26 116 118176 2047011 68659 22% 14 38084 4467  7%
c [ 115.77 57 69 116 118176 2047011 68659 57% 45 38084 4467  7%
c - 117.42 57 67 117 118187 2071149 61199 54% 43 38084 4467  7%
c I 118.00 57 65 117 118191 2080111 69745 52% 41 38084 4467  7%
c - 119.27 60 62 118 118197 2106549 60439 47% 38 38084 4467  7%
c s 119.81 60 56 118 118203 2121518 71989 43% 36 38080 4467  7%
c v 119.90 60 56 118 118203 2121518 71989 43% 36 37994 4467  7%
c w 119.95 60 56 118 118203 2121518 71988 43% 36 37994 4467  7%
c s 120.02 60 56 118 118203 2121518 71948 43% 36 37994 4467  7%
c ^ 120.03 60 56 118 118203 2121518 71948 43% 36 37994 4467  7%
c 
c  seconds    reductions          redundant   irredundant
c          MB       restarts             trail      variables
c           level          conflicts         glue        remaining
c 
c - 121.48 60 56 119 118212 2142249 59391 44% 36 37994 4467  7%
c B 121.70 60 56 119 118212 2145112 62013 44% 36 37994 4467  7%
c 3 124.37 60 55 119 118227 2175029 89130 45% 36 37994 4467  7%
c p 124.41 60 55 119 118227 2175029 91484 45% 36 37994 4466  7%
c - 124.79 60 55 120 118227 2178251 61366 45% 36 37994 4466  7%
c W 128.44 60 53 120 118229 2211113 91328 46% 35 37994 4466  7%
c - 128.70 73 52 121 118229 2214553 62441 46% 35 37994 4466  7%
c - 131.68 60 48 122 118230 2251154 61885 46% 34 37994 4466  7%
c O 133.99 60 45 122 118230 2278116 85182 45% 33 37994 4466  7%
c - 134.54 75 44 123 118230 2288058 64598 44% 32 37994 4466  7%
c s 135.64 75 43 123 118231 2306824 82367 42% 30 37994 4466  7%
c v 135.72 75 43 123 118231 2306824 82367 42% 30 37993 4466  7%
c w 135.78 75 43 123 118231 2306824 82358 42% 30 37993 4466  7%
c e 135.82 75 43 123 118231 2306824 26436 42% 30 45620 3842  6%
c s 135.87 75 43 123 118231 2306824 26275 42% 30 45407 3842  6%
c 3 136.63 60 41 123 118231 2325030 43618 20% 29 45407 3842  6%
c p 136.66 60 41 123 118231 2325030 45381 20% 29 45407 3842  6%
c - 136.69 60 41 124 118231 2325260 31973 20% 29 45407 3842  6%
c B 137.62 60 40 124 118231 2346117 47937 20% 28 45407 3842  6%
c - 138.66 67 46 125 118231 2362760 49259 28% 30 45407 3842  6%
c 
c  seconds    reductions          redundant   irredundant
c          MB       restarts             trail      variables
c           level          conflicts         glue        remaining
c 
c - 141.83 67 57 126 118231 2400560 57433 36% 35 45407 3842  6%
c W 144.16 67 60 126 118231 2415118 70867 37% 36 45407 3842  6%
c - 146.76 83 63 127 118238 2438660 60981 39% 40 45407 3842  6%
c - 151.05 83 66 128 118255 2477060 62622 41% 43 45407 3842  6%
c p 151.38 83 66 128 118257 2480038 67259 41% 43 45407 3842  6%
c I 151.87 83 66 128 118260 2485119 71928 41% 43 45407 3842  6%
c - 153.75 83 72 129 118265 2515761 63720 42% 43 45407 3842  6%
c s 154.18 83 69 129 118272 2527731 72443 40% 42 45388 3842  6%
c v 154.27 83 69 129 118272 2527731 72443 40% 42 45369 3842  6%
c w 154.31 83 69 129 118272 2527731 72421 40% 42 45369 3842  6%
c t 154.32 83 69 129 118272 2527731 72421 40% 42 45359 3842  6%
c e 154.33 83 69 129 118272 2527731 72405 40% 42 45384 3840  6%
c s 154.42 83 69 129 118272 2527731 72320 40% 42 45374 3840  6%
c e 154.43 83 69 129 118272 2527731 72318 40% 42 45378 3839  6%
c - 155.19 67 59 130 118284 2554761 59695 36% 38 45378 3839  6%
c B 155.23 67 59 130 118284 2556120 60795 35% 38 45378 3839  6%
c - 157.87 69 65 131 118293 2594061 61540 38% 41 45378 3839  6%
c W 161.75 69 70 131 118294 2628121 93965 41% 45 45378 3839  6%
c - 162.44 88 70 132 118298 2633662 65080 41% 45 45378 3839  6%
c p 163.00 88 70 132 118301 2640038 73212 42% 45 45378 3839  6%
c 
c  seconds    reductions          redundant   irredundant
c          MB       restarts             trail      variables
c           level          conflicts         glue        remaining
c 
c - 165.85 69 68 133 118316 2673562 64226 44% 45 45378 3839  6%
c O 168.49 69 65 133 118325 2701123 87841 45% 44 45378 3839  6%
c - 169.09 84 62 134 118327 2713762 63886 44% 41 45378 3839  6%
c - 171.58 84 64 135 118347 2754262 65126 43% 40 45378 3839  6%
c s 171.77 84 64 135 118347 2755776 66265 44% 40 45378 3839  6%
c v 171.87 84 64 135 118347 2755776 66265 44% 40 45246 3839  6%
c w 171.90 84 64 135 118347 2755776 66257 44% 40 45246 3839  6%
c e 171.91 84 64 135 118347 2755776 65324 44% 40 45356 3829  6%
c s 172.00 84 64 135 118347 2755776 65282 44% 40 45293 3829  6%
c B 173.44 84 64 135 118355 2775124 83072 44% 40 45293 3829  6%
c - 175.29 85 66 136 118356 2795065 66042 46% 43 45293 3829  6%
c p 176.30 85 67 136 118357 2805040 77141 46% 44 45293 3829  6%
c - 179.75 103 68 137 118358 2836166 66087 47% 46 45293 3829  6%
c W 182.16 103 68 137 118358 2850127 78458 48% 47 45293 3829  6%
c - 185.14 58 67 138 118358 2877569 67733 48% 47 45293 3829  6%
c - 190.36 76 67 139 118372 2919269 67984 48% 48 45293 3829  6%
c I 191.25 76 67 139 118373 2926130 73566 48% 49 45293 3829  6%
c - 194.25 95 69 140 118388 2961269 68775 48% 50 45293 3829  6%
c p 195.51 95 70 140 118389 2975042 83485 48% 50 45293 3829  6%
c B 198.18 95 67 140 118403 3003131 109848 47% 48 45293 3829  6%
c 
c  seconds     reductions          redundant   irredundant
c           MB       restarts             trail      variables
c            level          conflicts         glue        remaining
c 
c - 198.29 114 67 141 118403 3003570 70823 47% 48 45293 3829  6%
c - 201.85 95 68 142 118420 3046172 67103 48% 48 45293 3829  6%
c W 205.63 95 68 142 118421 3081132 98914 48% 48 45293 3829  6%
c - 206.35 95 68 143 118421 3089074 69243 48% 48 45293 3829  6%
c - 210.67 95 70 144 118439 3132279 70386 48% 50 45293 3829  6%
c p 212.49 95 71 144 118450 3150043 88110 48% 50 45293 3829  6%
c O 213.71 95 71 144 118451 3160135 96837 48% 51 45293 3829  6%
c - 214.57 95 65 145 118452 3175780 71422 45% 46 45293 3829  6%
c - 218.30 95 59 146 118473 3219581 69942 45% 41 45293 3829  6%
c B 220.07 95 57 146 118482 3240137 88465 45% 39 45293 3829  6%
c - 221.86 95 64 147 118484 3263681 71927 45% 42 45293 3829  6%
c - 226.43 110 71 148 118485 3308085 71267 45% 48 45293 3829  6%
c W 228.89 110 72 148 118485 3321143 82989 45% 49 45293 3829  6%
c p 229.56 110 71 148 118485 3330043 93483 45% 47 45293 3829  6%
c - 231.49 110 72 149 118485 3352785 75103 46% 48 45293 3829  6%
c - 236.43 110 70 150 118486 3397785 74609 46% 49 45293 3829  6%
c I 237.06 110 70 150 118486 3403146 79547 46% 49 45293 3829  6%
c - 240.10 61 66 151 118486 3443085 76387 44% 46 45293 3829  6%
c B 244.63 61 63 151 118486 3486150 116747 43% 44 45293 3829  6%
c - 244.97 83 63 152 118486 3488687 78035 43% 44 45293 3829  6%
c 
c  seconds    reductions          redundant    irredundant
c          MB       restarts              trail      variables
c           level          conflicts          glue        remaining
c 
c p 247.94 83 64 152 118487 3515044 104450 43% 46 45293 3829  6%
c - 250.56 83 63 153 118487 3534588 78708 43% 46 45293 3829  6%
c W 254.83 83 71 153 118487 3570152 112131 44% 47 45293 3829  6%
c - 255.72 65 71 154 118487 3580789 77348 44% 46 45293 3829  6%
c - 260.39 87 73 155 118487 3627289 77596 46% 46 45293 3829  6%
c O 263.80 87 73 155 118487 3655153 104422 46% 47 45293 3829  6%
c - 265.18 88 66 156 118487 3674089 81981 45% 42 45293 3829  6%
c p 268.06 88 58 156 118487 3705045 113738 45% 37 45293 3829  6%
c - 269.72 84 56 157 118487 3721190 78843 45% 36 45293 3829  6%
c B 271.23 84 53 157 118487 3741155 96313 44% 34 45293 3829  6%
c - 273.50 84 60 158 118493 3768590 77000 45% 37 45293 3829  6%
c - 278.83 85 65 159 118516 3816292 78380 46% 42 45293 3829  6%
c W 281.30 85 66 159 118518 3828157 89063 47% 44 45293 3829  6%
c - 285.27 105 69 160 118531 3864293 78570 47% 47 45293 3829  6%
c p 289.51 105 70 160 118547 3900048 109499 48% 51 45293 3829  6%
c - 291.24 105 70 161 118549 3912593 77603 48% 51 45293 3829  6%
c I 291.66 105 70 161 118549 3916158 80649 48% 50 45293 3829  6%
c - 295.64 105 68 162 118551 3961193 79903 48% 47 45293 3829  6%
c s 295.74 105 68 162 118551 3961193 79226 48% 47 45291 3829  6%
c v 295.99 105 68 162 118551 3961193 79226 48% 47 44736 3829  6%
c 
c  seconds     reductions          redundant   irredundant
c           MB       restarts             trail      variables
c            level          conflicts         glue        remaining
c 
c w 296.14 105 68 162 118551 3961193 79189 48% 47 44736 3829  6%
c e 296.15 105 68 162 118551 3961193 76565 48% 47 44983 3807  6%
c s 296.24 105 68 162 118551 3961193 76370 48% 47 44930 3807  6%
c e 296.25 105 68 162 118551 3961193 76360 48% 47 44946 3806  6%
c B 300.28 105 63 162 118572 4005159 116144 47% 44 44946 3806  6%
c - 300.72 105 64 163 118575 4010096 80818 47% 43 44946 3806  6%
c - 305.27 105 64 164 118591 4059296 80359 46% 44 44946 3806  6%
c ] 308.71 105 65 164 118608 4095011 112923 46% 44 44946 3806  6%
c { 308.71 105 26 164 118608 4095011 112923 26% 14 44946 3806  6%
c B 308.74 105 26 164 118638 4095161 113067 26% 14 44946 3806  6%
c d 309.12 105 26 164 118856 4100048 117320 25% 14 44946 3804  6%
c p 309.19 105 26 164 118856 4100048 119994 25% 14 44946 3804  6%
c - 309.52 105 26 165 119183 4108798 79756 25% 14 44946 3804  6%
c - 311.17 105 24 166 120003 4158599 74917 24% 13 44946 3804  6%
c W 312.83 105 23 166 120354 4186164 98412 23% 13 44946 3804  6%
c s 314.27 105 24 166 121611 4203399 112761 23% 13 44932 3804  6%
c w 314.43 105 24 166 121611 4203399 112746 23% 13 44932 3804  6%
c t 314.43 105 24 166 121611 4203399 112745 23% 13 44932 3804  6%
c s 314.56 105 24 166 121611 4203399 112617 23% 13 44932 3804  6%
c - 314.83 57 24 167 121882 4208701 78046 23% 13 44932 3804  6%
c 
c  seconds    reductions          redundant   irredundant
c          MB       restarts             trail      variables
c           level          conflicts         glue        remaining
c 
c - 317.92 67 25 168 126393 4259102 79591 23% 13 44932 3804  6%
c F 318.82 67 24 168 127522 4278168 96061 23% 13 44932 3804  6%
c p 320.47 67 24 168 130113 4305049 121794 23% 13 44932 3804  6%
c - 320.86 67 25 169 130447 4309803 83245 23% 13 44932 3804  6%
c - 323.29 67 25 170 135494 4360803 85371 23% 13 44932 3804  6%
c B 323.93 67 26 170 136447 4371169 94516 24% 13 44932 3804  6%
c - 325.88 75 25 171 139553 4412104 85855 23% 13 44932 3804  6%
c s 327.61 75 24 171 140092 4452750 119691 24% 12 44926 3804  6%
c v 327.70 75 24 171 140092 4452750 119691 24% 12 44925 3804  6%
c w 327.78 75 24 171 140092 4452750 119673 24% 12 44925 3804  6%
c s 327.91 75 24 171 140092 4452750 119556 24% 12 44925 3804  6%
c - 329.48 75 25 172 141757 4463704 87487 24% 13 44925 3804  6%
c W 330.63 75 25 172 142033 4465172 88873 24% 13 44925 3804  6%
c 3 333.17 75 26 172 148064 4515049 131591 23% 13 44925 3804  6%
c 3 333.17 75 26 172 148064 4515049 131886 23% 13 44925 3804  6%
c p 333.22 75 26 172 148064 4515049 133221 23% 13 44925 3804  6%
c - 333.27 75 26 173 148069 4515605 87108 23% 13 44925 3804  6%
c # 336.29 75 28 173 152765 4560175 126845 24% 13 44925 3804  6%
c - 336.81 75 28 174 153165 4567805 88965 24% 13 44925 3804  6%
c - 339.33 75 25 175 155899 4620307 88310 23% 13 44925 3804  6%
c 
c  seconds    reductions          redundant    irredundant
c          MB       restarts              trail      variables
c           level          conflicts          glue        remaining
c 
c B 340.96 75 24 175 158708 4656178 117546 23% 13 44925 3804  6%
c - 342.30 75 25 176 160012 4673107 88662 23% 13 44925 3804  6%
c s 344.08 75 25 176 163015 4709210 118962 24% 13 44919 3804  6%
c v 344.17 75 25 176 163015 4709210 118962 24% 13 44808 3804  6%
c w 344.25 75 25 176 163015 4709210 118953 24% 13 44808 3804  6%
c t 344.25 75 25 176 163015 4709210 118951 24% 13 44808 3804  6%
c e 344.26 75 25 176 163015 4709210 116396 24% 13 44912 3791  6%
c s 344.37 75 25 176 163015 4709210 116237 24% 13 44892 3791  6%
c - 345.22 75 25 177 164882 4726210 88982 23% 14 44892 3791  6%
c 3 345.35 75 25 177 164934 4730049 93084 23% 13 44892 3791  6%
c 3 345.35 75 25 177 164934 4730049 93404 23% 13 44892 3791  6%
c p 345.38 75 25 177 164934 4730049 94753 23% 13 44892 3791  6%
c W 347.66 75 25 177 165803 4753182 114391 24% 13 44892 3791  6%
c - 349.05 77 24 178 166812 4779612 90195 23% 13 44892 3791  6%
c - 351.25 77 22 179 171083 4833312 88466 23% 13 44892 3791  6%
c F 352.01 77 21 179 171468 4851183 103381 23% 13 44892 3791  6%
c - 352.97 77 21 180 179282 4887312 89007 22% 13 44892 3791  6%
c - 355.63 77 23 181 182264 4941613 90985 22% 13 44892 3791  6%
c 3 356.06 77 23 181 182550 4950050 98833 22% 13 44892 3791  6%
c 2 356.08 77 23 181 182550 4950050 99194 22% 13 44892 3791  6%
c 
c  seconds    reductions          redundant    irredundant
c          MB       restarts              trail      variables
c           level          conflicts          glue        remaining
c 
c p 356.11 77 23 181 182550 4950050 100459 22% 13 44892 3791  6%
c B 356.12 77 23 181 182550 4950184 100553 22% 13 44892 3791  6%
c s 357.36 77 23 181 184907 4973083 119564 22% 13 44884 3791  6%
c v 357.44 77 23 181 184907 4973083 119564 22% 13 44884 3791  6%
c w 357.51 77 23 181 184907 4973083 119550 22% 13 44884 3791  6%
c t 357.52 77 23 181 184907 4973083 119549 22% 13 44884 3791  6%
c s 357.65 77 23 181 184907 4973083 119424 22% 13 44875 3791  6%
c - 358.96 77 24 182 186445 4996213 93892 22% 13 44875 3791  6%
c W 363.24 77 25 182 191412 5050187 140041 23% 14 44875 3791  6%
c - 363.41 77 26 183 191525 5051114 94528 23% 14 44875 3791  6%
c - 366.56 78 27 184 196975 5106314 96723 23% 14 44875 3791  6%
c # 369.28 78 27 184 201708 5151189 135006 23% 14 44875 3791  6%
c - 369.58 78 27 185 201920 5161815 97423 23% 14 44875 3791  6%
c 3 369.94 78 25 185 202045 5175052 108730 23% 14 44875 3791  6%
c p 369.97 78 25 185 202045 5175052 109886 23% 14 44875 3791  6%
c - 371.72 78 24 186 205265 5217620 93224 23% 14 44875 3791  6%
c s 373.06 78 24 186 206417 5244043 115241 23% 13 44860 3791  6%
c v 373.15 78 24 186 206417 5244043 115241 23% 13 44859 3791  6%
c w 373.21 78 24 186 206417 5244043 115231 23% 13 44859 3791  6%
c e 373.22 78 24 186 206417 5244043 114918 23% 13 44891 3789  6%
c 
c  seconds    reductions          redundant    irredundant
c          MB       restarts              trail      variables
c           level          conflicts          glue        remaining
c 
c s 373.34 78 24 186 206417 5244043 114875 23% 13 44883 3789  6%
c B 373.79 78 23 186 206843 5253192 122051 23% 13 44883 3789  6%
c - 375.38 78 25 187 208931 5273720 94480 23% 14 44883 3789  6%
c - 377.90 78 24 188 211939 5330120 97127 22% 14 44883 3789  6%
c W 379.75 78 24 188 212949 5356198 119182 22% 13 44883 3789  6%
c - 380.82 78 23 189 215320 5386824 93974 22% 14 44883 3789  6%
c p 381.81 78 24 189 217794 5405053 111844 22% 14 44883 3789  6%
c - 384.28 78 25 190 221505 5443824 98056 23% 14 44883 3789  6%
c F 384.78 78 25 190 223142 5460201 111091 22% 14 44883 3789  6%
c - 386.71 78 24 191 224579 5501124 97631 24% 14 44883 3789  6%
c s 387.80 78 24 191 225732 5522216 115842 24% 14 44877 3789  6%
c v 387.89 78 24 191 225732 5522216 115842 24% 14 44847 3789  6%
c w 387.97 78 24 191 225732 5522216 115837 24% 14 44847 3789  6%
c e 387.98 78 24 191 225732 5522216 114277 24% 14 44926 3778  6%
c s 388.12 78 24 191 225732 5522216 114209 24% 14 44916 3778  6%
c - 390.66 80 26 192 228173 5558724 100712 24% 14 44916 3778  6%
c B 391.00 80 26 192 229381 5565202 106694 25% 14 44916 3778  6%
c - 393.65 80 25 193 232028 5616624 101149 23% 14 44916 3778  6%
c 3 394.78 80 25 193 232809 5640053 122290 23% 13 44916 3778  6%
c 2 394.79 80 25 193 232809 5640053 122289 23% 13 44916 3778  6%
c 
c  seconds    reductions          redundant    irredundant
c          MB       restarts              trail      variables
c           level          conflicts          glue        remaining
c 
c p 394.83 80 25 193 232809 5640053 123415 23% 13 44916 3778  6%
c W 397.55 80 25 193 235590 5671203 149404 22% 14 44916 3778  6%
c - 397.67 80 25 194 235629 5674825 100852 22% 14 44916 3778  6%
c - 400.20 80 24 195 239070 5733326 100473 21% 14 44916 3778  6%
c # 402.16 80 24 195 242351 5778205 138644 22% 14 44916 3778  6%
c - 402.78 80 24 196 242475 5792127 101243 22% 14 44916 3778  6%
c s 403.60 80 24 196 243207 5807939 114822 22% 14 44904 3778  6%
c v 403.69 80 24 196 243207 5807939 114822 22% 14 44903 3778  6%
c w 403.77 80 24 196 243207 5807939 114817 22% 14 44903 3778  6%
c s 403.90 80 24 196 243207 5807939 114773 22% 14 44903 3778  6%
c - 406.20 80 24 197 246847 5851228 102492 23% 14 44903 3778  6%
c 3 407.66 80 24 197 248458 5880053 128461 23% 13 44903 3778  6%
c p 407.71 80 24 197 248458 5880053 129620 23% 13 44903 3778  6%
c B 408.10 80 24 197 248785 5886207 134654 23% 13 44903 3778  6%
c - 409.30 80 24 198 250136 5910628 104820 22% 14 44903 3778  6%
c - 412.94 80 25 199 254352 5970333 104388 22% 14 44903 3778  6%
c W 415.40 80 25 199 257027 5995210 125546 22% 14 44903 3778  6%
c - 416.85 80 24 200 258822 6030336 104065 22% 14 44903 3778  6%
c - 420.27 80 25 201 262854 6090636 107728 22% 14 44903 3778  6%
c s 420.85 80 25 201 263335 6100774 116429 22% 14 44900 3778  6%
c 
c  seconds    reductions          redundant    irredundant
c          MB       restarts              trail      variables
c           level          conflicts          glue        remaining
c 
c w 421.03 80 25 201 263335 6100774 116426 22% 14 44900 3778  6%
c t 421.03 80 25 201 263335 6100774 116425 22% 14 44900 3778  6%
c s 421.18 80 25 201 263335 6100774 116373 22% 14 44900 3778  6%
c F 421.37 80 25 201 263459 6105212 120157 22% 14 44900 3778  6%
c 3 422.36 80 24 201 264225 6125053 137333 22% 14 44900 3778  6%
c p 422.41 80 24 201 264225 6125053 138501 22% 14 44900 3778  6%
c - 423.57 80 23 202 264742 6151237 106336 22% 13 44900 3778  6%
c - 426.70 80 23 203 269202 6212139 106316 21% 14 44900 3778  6%
c B 426.93 80 23 203 269678 6216215 109435 21% 14 44900 3778  6%
c - 429.49 80 24 204 272149 6273339 108229 22% 13 44900 3778  6%
c W 433.47 80 24 204 277928 6328217 153701 22% 13 44900 3778  6%
c - 433.76 82 24 205 279381 6334840 108582 22% 14 44900 3778  6%
c d 435.72 82 24 205 280981 6375053 141329 22% 13 44900 3777  6%
c 3 435.74 82 24 205 280981 6375053 142455 22% 13 44900 3777  6%
c 2 435.75 82 24 205 280981 6375053 142454 22% 13 44900 3777  6%
c p 435.79 82 24 205 280981 6375053 143621 22% 13 44900 3777  6%
c - 436.95 82 23 206 282920 6396641 106362 22% 13 44900 3777  6%
c s 437.45 82 24 206 283316 6400742 109837 22% 13 44893 3777  6%
c v 437.54 82 24 206 283316 6400742 109837 22% 13 44807 3777  6%
c w 437.61 82 24 206 283316 6400742 109825 22% 13 44807 3777  6%
c 
c  seconds    reductions          redundant    irredundant
c          MB       restarts              trail      variables
c           level          conflicts          glue        remaining
c 
c e 437.62 82 24 206 283316 6400742 107963 22% 13 44831 3774  6%
c s 437.78 82 24 206 283316 6400742 107896 22% 13 44831 3774  6%
c # 440.03 82 24 206 285256 6441218 142590 23% 13 44831 3774  6%
c - 441.33 82 24 207 287262 6458743 111415 23% 13 44831 3774  6%
c - 444.32 83 23 208 292200 6521143 110533 21% 13 44831 3774  6%
c B 446.21 83 23 208 295203 6555219 138969 22% 13 44831 3774  6%
c - 448.14 83 23 209 296732 6583843 110203 22% 13 44831 3774  6%
c 3 450.69 83 24 209 302835 6630053 150585 22% 14 44831 3774  6%
c p 450.75 83 24 209 302835 6630053 151740 22% 14 44831 3774  6%
c - 451.70 83 24 210 304845 6646845 113828 22% 14 44831 3774  6%
c W 453.85 83 25 210 306690 6670220 134075 22% 14 44831 3774  6%
c s 456.62 83 25 210 308481 6707791 165996 23% 14 44825 3774  6%
c v 456.72 83 25 210 308481 6707791 165996 23% 14 44824 3774  6%
c w 456.84 83 25 210 308481 6707791 165996 23% 14 44824 3774  6%
c e 456.86 83 25 210 308481 6707791 165987 23% 14 44838 3773  6%
c s 457.01 83 25 210 308481 6707791 165941 23% 14 44838 3773  6%
c - 457.37 83 26 211 308617 6710145 114590 23% 14 44838 3773  6%
c 
c caught signal 15 (SIGTERM)
c 
c --- [ result ] -------------------------------------------------------------
c 
c UNKNOWN
c 
c --- [ run-time profiling ] -------------------------------------------------
c 
c process time taken by individual solving procedures
c (percentage relative to process time for solving)
c 
c       447.54   97.33% search
c       231.44   50.33% stable
c       195.43   42.50% unstable
c        20.67    4.50% walk
c        12.27    2.67% simplify
c         5.03    1.09% subsume
c         3.83    0.83% vivify
c         1.23    0.27% probe
c         0.72    0.16% elim
c         0.55    0.12% ternary
c         0.04    0.01% parse
c         0.01    0.00% lucky
c   =================================
c       459.81   99.99% solve
c 
c last line shows process time for solving
c (percentage relative to total process time)
c 
c --- [ statistics ] ---------------------------------------------------------
c 
c blocked:                       0         0.00 %  of irredundant clauses
c   blockings:                   0         0.00    internal
c   candidates:                  0         0.00    per blocking 
c   blockres:                    0         0.00    per candidate
c   pure:                        0         0.00 %  of all variables
c   pureclauses:                 0         0.00    per pure literal
c chronological:           1555533        23.06 %  of conflicts
c compacts:                      6   1124092.00    interval
c conflicts:               6744552     14668.04    per second
c   backtracked:           8382424       124.28 %  of conflicts
c conditioned:                   0         0.00 %  of irredundant clauses
c   conditionings:               0         0.00    interval
c   condcands:                   0         0.00    candidate clauses
c   condassinit:                 0.0       0.00 %  initial assigned
c   condcondinit:                0.0       0.00 %  initial condition
c   condautinit:                 0.0       0.00 %  initial autarky
c   condassrem:                  0.0       0.00 %  final assigned
c   condcondrem:                 0.000     0.00 %  final conditional
c   condautrem:                  0.000     0.00 %  final autarky
c   condprops:                   0         0.00    per candidate
c covered:                       0         0.00 %  of irredundant clauses
c   coverings:                   0         0.00    interval
c   asymmetric:                  0         0.00 %  of covered clauses
c   blocked:                     0         0.00 %  of covered clauses
c decisions:              16003911     34805.27    per second
c   searched:             68647731         4.29    per decision
c eliminated:                51845        79.48 %  of all variables
c   elimphases:                 43    156850.05    interval
c   elimrounds:                 78         1.81    per phase
c   elimtried:               92781        55.88 %  eliminated
c   elimgates:               15435        16.64 %  gates per tried
c   elimequivs:                 90         0.58 %  equivalence gates
c   elimands:                15345        99.42 %  and gates
c   elimites:                    0         0.00 %  if-then-else gates
c   elimxors:                    0         0.00 %  xor gates
c   elimsubst:                1729         3.33 %  substituted
c   elimres:               1157269        22.32    per eliminated
c   elimrestried:          1074883        92.88 %  per resolution
c ext.prop. calls:               0         0.00 %  of queries
c   propagating:                 0         0.00 %  per eprop-call
c   explained:                   0         0.00 %  per eprop-call
c   falsified:                   0         0.00 %  per eprop-call
c ext.clause calls:              0         0.00 %  of queries
c   learned:                     0         0.00 %  per called
c   conflicting:                 0         0.00 %  per learned
c   propagating:                 0         0.00 %  per learned
c ext.final check:               0         0.00 %  of queries
c fixed:                      9352        14.34 %  of all variables
c   failed:                     26         0.04 %  of all variables
c   probefailed:                22        84.62 %  per failed
c   transredunits:               3        11.54 %  per failed
c   probingphases:              51    132246.12    interval
c   probesuccess:               26        50.98 %  phases
c   probingrounds:              51         1.00    per phase
c   probed:                 119773      4606.65    per failed
c   hbrs:                   151048         1.26    per probed
c   hbrsizes:               597370         3.95    per hbr
c   hbreds:                 150063        99.35 %  per hbr
c   hbrsubs:                   609         0.40 %  per hbr
c   units:                      22    306570.55    interval
c   binaries:                 1585      4255.24    interval
c flushed:                       0         0.00 %  per conflict
c   hyper:                       0         0.00 %  per conflict
c   flushings:                   0         0.00    interval
c instantiated:                  0         0.00 %  of tried
c   instrounds:                  0         0.00 %  of elimrounds
c learned:                 6590685        97.72 %  per conflict
c   bumped:              316000216        47.95    per learned
c   recomputed:           28250926       428.65 %  per learned
c   promoted1:               37849         0.57 %  per learned
c   promoted2:               93675         1.42 %  per learned
c   improvedglue:          2589085        39.28 %  per learned
c lucky:                         0         0.00 %  of tried
c   constantzero                 0         0.00 %  of tried
c   constantone                  0         0.00 %  of tried
c   backwardone                  0         0.00 %  of tried
c   backwardzero                 0         0.00 %  of tried
c   forwardone                   0         0.00 %  of tried
c   forwardzero                  0         0.00 %  of tried
c   positivehorn                 0         0.00 %  of tried
c   negativehorn                 0         0.00 %  of tried
c   extendbytes:           3280264         3.13    bytes and MB
c learned_lits:          518792751       100.00 %  learned literals
c minimized:                     0         0.00 %  learned literals
c shrunken:              145164023        27.98 %  learned literals
c minishrunken:           60681563        11.70 %  learned literals
c otfs:                      20047         0.30 %  of conflict
c   subsumed                   953         0.01 %  of conflict
c   strengthened             19094         0.28 %  of conflict
c propagations:         1663558481         3.62 M  per second
c   coverprops:                  0         0.00 %  of propagations
c   probeprops:            3167859         0.19 %  of propagations
c   searchprops:        1379923581        82.95 %  of propagations
c   transredprops:         1137177         0.07 %  of propagations
c   vivifyprops:          27282148         1.64 %  of propagations
c   walkprops:           252047716        15.15 %  of propagations
c reactivated:                   0         0.00 %  of all variables
c reduced:                 5519878        81.84 %  per conflict
c   reductions:                211     31964.70    interval
c   collections:               220     30657.05    interval
c rephased:                    115     58648.28    interval
c   rephasedbest:               38        33.04 %  rephased best
c   rephasedflip:               11         9.57 %  rephased flipping
c   rephasedinv:                 9         7.83 %  rephased inverted
c   rephasedorig:                9         7.83 %  rephased original
c   rephasedrand:               11         9.57 %  rephased random
c   rephasedwalk:               37        32.17 %  rephased walk
c rescored:                    399     16903.64    interval
c restarts:                 311276        21.67    interval
c   reused:                 250528        80.48 %  per restart
c   reusedlevels:          2542006        24.48 %  per restart levels
c restored:                      0         0.00 %  per weakened
c   restorations:                0         0.00 %  per extension
c   literals:                    0         0.00    per restored clause
c stabilizing:                   6        40.48 %  of conflicts
c   restartstab:               631         0.20 %  of all restarts
c   reusedstab:                596        94.45 %  per stable restarts
c substituted:                 258         0.40 %  of all variables
c   decompositions:            184         3.61    per phase
c subsumed:                 754056         5.33 %  of all clauses
c   subsumephases:              43    156850.05    interval
c   subsumerounds:              86         2.00    per phase
c   deduplicated:               43         0.01 %  per subsumed
c   transreds:                  43    156850.05    interval
c   transitive:                608         0.08 %  per subsumed
c   subirr:                   7332         0.97 %  of subsumed
c   subred:                  21605         2.87 %  of subsumed
c   subtried:              4474933         5.93    tried per subsumed
c   subchecks:           704190288       157.36    per tried
c   subchecks2:           10903963         1.55 %  per subcheck
c   elimotfsub:                  0         0.00 %  of subsumed
c   elimbwsub:                 769         0.10 %  of subsumed
c   eagersub:               720848        95.60 %  of subsumed
c   eagertried:          144994586       201.14    tried per eagersub
c strengthened:             140967         1.00 %  of all clauses
c   elimotfstr:               4614         3.27 %  of strengthened
c   elimbwstr:                   6         0.00 %  of strengthened
c ternary:                  116817         1.31 %  of resolved
c   phases:                    102     66123.06    interval
c   htr3:                   116727        99.92 %  ternary hyper ternres
c   htr2:                       90         0.08 %  binary hyper ternres
c vivified:                   6089         0.04 %  of all clauses
c   vivifications:              43    156850.05    interval
c   vivifychecks:           368850         5.47 %  per conflict
c   vivifysched:           2431072        15.17 %  checks per scheduled
c   vivifyunits:                 0         0.00 %  per vivify check
c   vivifyinst:                244         0.07 %  per vivify check
c   vivifysubs:               2811         0.37 %  per subsumed
c   vivifystrs:               3278         2.33 %  per strengthened
c   vivifystrirr:              695        21.20 %  per vivifystrs
c   vivifystred1:               60         1.83 %  per vivifystrs
c   vivifystred2:             1353        41.28 %  per vivifystrs
c   vivifystred3:             1170        35.69 %  per vivifystrs
c   vivifydecs:            1658863         4.50    per checks
c   vivifyreused:           616459        37.16 %  per decision
c walked:                       37    182285.19    interval
c   flips:                30275772         1.46 M  per second
c   minimum:                    13         0.01 %  clauses
c   broken:              982005155        32.44    per flip
c weakened:                 129252         3.34    average size
c   extensions:                  0         0.00    interval
c   flipped:                     0         0.00    per weakened
c 
c seconds are measured in process time for solving
c 
c --- [ resources ] ----------------------------------------------------------
c 
c total process time since initialization:       459.86    seconds
c total real time since initialization:          460.16    seconds
c maximum resident set size of process:          113.94    MB
c 
c raising signal 15 (SIGTERM)
