c --- [ banner ] -------------------------------------------------------------
c 
c CaDiCaL SAT Solver
c Copyright (c) 2016-2023 A. Biere, M. Fleury, N. Froleyks, K. Fazekas, F. Pollitt
c 
c Version 1.7.3
c g++-13.2.0
c Feb 11 2024 04:08:27
c 
c --- [ limit ] --------------------------------------------------------------
c 
c setting time limit to 28658 seconds real time (due to '-t 28658')
c 
c --- [ parsing input ] ------------------------------------------------------
c 
c reading DIMACS file from '/root/projects/maph/discovery/out/cover-23-6-2-bounded-decision-20260807/4.cnf'
c opening file to read '/root/projects/maph/discovery/out/cover-23-6-2-bounded-decision-20260807/4.cnf'
c found 'p cnf 63196 136607' header
c parsed 136607 clauses in 0.05 seconds process time
c closing file '/root/projects/maph/discovery/out/cover-23-6-2-bounded-decision-20260807/4.cnf'
c 
c --- [ options ] ------------------------------------------------------------
c 
c all options are set to their default value
c 
c --- [ solving ] ------------------------------------------------------------
c 
c time measured in process time since initialization
c 
c  seconds  reductions  redundant  irredundant
c         MB    restarts       trail       variables
c          level   conflicts       glue         remaining
c 
c *  0.05 28  0 0   0    0    0  0% 0 129198 58942 93%
c {  0.05 29  0 0   0    0    0  0% 0 129198 58942 93%
c i  0.05 30 68 0   0   22   21 17% 2 129198 58925 93%
c i  0.05 30 67 0   0   24   22 17% 2 129198 58908 93%
c i  0.06 30 32 0   3  101   84 11% 2 129198 58893 93%
c i  0.06 30 28 0   4  124  104 11% 2 129198 58836 93%
c i  0.06 30 30 0   9  158  135 11% 3 129198 58814 93%
c i  0.06 30 29 0  11  167  142 11% 3 129198 58798 93%
c i  0.06 30 29 0  11  168  142 11% 3 129198 58783 93%
c i  0.06 30 30 0  12  171  144 11% 3 129198 58782 93%
c i  0.07 30 37 0  33  244  214 13% 5 129198 58670 93%
c i  0.08 30 40 0  43  284  247 14% 5 129198 58656 93%
c i  0.08 30 40 0  44  294  252 14% 5 129198 58551 93%
c -  0.09 30 39 1  47  300  243 14% 5 122949 58518 93%
c i  0.10 30 39 1  55  338  276 14% 6 122949 58462 93%
c i  0.10 30 40 1  57  351  285 14% 6 122949 58365 92%
c i  0.10 30 40 1  57  353  286 14% 6 122949 58260 92%
c i  0.10 30 40 1  58  355  287 14% 6 122949 58224 92%
c i  0.10 30 42 1  71  421  344 15% 6 122949 57826 92%
c i  0.10 30 42 1  71  422  344 15% 6 122949 57713 91%
c 
c  seconds  reductions  redundant  irredundant
c         MB    restarts       trail       variables
c          level   conflicts       glue         remaining
c 
c i  0.10 30 42 1  72  423  344 15% 6 122949 57614 91%
c i  0.11 30 44 1  89  509  419 16% 6 122949 57592 91%
c i  0.11 30 45 1 100  561  469 16% 6 122949 57487 91%
c i  0.12 30 42 1 107  775  593 16% 5 122949 57436 91%
c -  0.15 36 43 2 118  954  657 16% 5 119429 57387 91%
c }  0.15 36 44 2 118 1002  697 16% 5 119429 57387 91%
c [  0.15 36  0 2 118 1002  697  0% 0 119429 57387 91%
c O  0.15 36 33 2 118 1003  698 19% 4 119429 57387 91%
c -  0.19 37 40 3 118 1925 1406 19% 16 119429 57387 91%
c i  0.20 37 39 3 119 2087 1556 19% 16 119429 57372 91%
c s  0.23 33 45 3 119 2265 1669 21% 16 115587 57372 91%
c v  0.26 37 45 3 119 2265 1669 21% 16 115585 57372 91%
c w  0.26 37 45 3 119 2265 1667 21% 16 115585 57372 91%
c t  0.28 37 45 3 119 2265 1653 21% 16 115230 56962 90%
c e  0.37 43 45 3 119 2265  137 21% 16 41660 9938 16%
c s  0.39 43 45 3 119 2265  121 21% 16 39915 9938 16%
c e  0.41 43 45 3 119 2265  116 21% 16 38318 9076 14%
c i  0.44 36 45 3 119 2266  116 16% 16 38318 8992 14%
c ]  0.46 36 57 3 119 3002  795 31% 19 38318 8992 14%
c {  0.46 36 44 3 119 3002  795 114% 5 38318 8992 14%
c 
c  seconds  reductions  redundant   irredundant
c         MB    restarts       trail      variables
c          level   conflicts        glue       remaining
c 
c F  0.46 36 44 3 119 3005  797 114% 5 38318 8922 14%
c i  0.46 36 44 3 119 3005  797 114% 5 38318 8917 14%
c -  0.48 36 45 4 162 3217  961 98% 6 37589 8917 14%
c i  0.48 36 45 4 190 3471 1161 84% 6 37589 8909 14%
c i  0.51 36 45 4 344 4102 1738 66% 8 37589 8906 14%
c i  0.52 36 47 4 433 4614 2131 57% 8 37589 8901 14%
c -  0.53 36 47 5 460 4719 1740 56% 8 37473 8900 14%
c i  0.54 36 47 5 482 4804 1818 55% 8 37473 8893 14%
c i  0.54 36 47 5 486 4821 1834 55% 8 37473 8872 14%
c d  0.54 36 47 5 499 5001 1959 53% 8 37175 8823 14%
c d  0.54 36 47 5 499 5001 1959 53% 8 37173 8822 14%
c 3  0.55 36 47 5 499 5001 11153 53% 8 37173 8822 14%
c 3  0.55 36 47 5 499 5001 11415 53% 8 37173 8822 14%
c d  0.56 36 47 5 499 5001 11412 53% 8 37171 8821 14%
c 2  0.56 36 47 5 499 5001 11409 53% 8 37155 8756 14%
c p  0.58 36 47 5 499 5001 19050 53% 8 37155 8673 14%
c d  0.58 36 47 5 499 5001 18119 53% 8 36575 8663 14%
c d  0.59 36 47 5 499 5001 18118 53% 8 36562 8658 14%
c #  0.62 36 45 5 608 6006 19024 46% 8 36562 8658 14%
c -  0.64 36 43 6 648 6520 3220 43% 8 36562 8658 14%
c 
c  seconds  reductions  redundant  irredundant
c         MB    restarts       trail     variables
c          level   conflicts       glue       remaining
c 
c }  0.65 36 40 6 648 7004 3655 40% 8 36562 8658 14%
c [  0.65 36 57 6 648 7004 3655 31% 19 36562 8658 14%
c -  0.70 36 37 7 649 8623 3433 22% 14 36562 8658 14%
c I  0.73 36 30 7 650 10008 4479 20% 13 36562 8658 14%
c s  0.76 36 27 7 651 10578 4452 20% 12 35544 8658 14%
c v  0.77 36 27 7 651 10578 4452 20% 12 35437 8658 14%
c w  0.77 36 27 7 651 10578 4444 20% 12 35437 8658 14%
c t  0.78 36 27 7 651 10578 4404 20% 12 35318 8658 14%
c e  0.78 36 27 7 651 10578 4103 20% 12 34695 8264 13%
c s  0.79 36 27 7 651 10578 4051 20% 12 34538 8264 13%
c e  0.79 36 27 7 651 10578 4049 20% 12 34528 8246 13%
c i  0.80 36 27 7 651 10656 4082 20% 12 34528 8244 13%
c -  0.82 36 32 8 651 11024 1512 22% 13 34523 8244 13%
c -  0.94 36 52 9 653 13724 3562 28% 23 34523 8244 13%
c d  1.01 36 54 9 653 15001 4772 29% 24 34517 8241 13%
c 3  1.02 36 54 9 653 15001 12085 29% 24 34516 8241 13%
c 3  1.02 36 54 9 653 15001 12959 29% 24 34516 8241 13%
c d  1.03 36 54 9 653 15001 12959 29% 24 34513 8240 13%
c 2  1.03 36 54 9 653 15001 12958 29% 24 34512 8240 13%
c p  1.04 36 54 9 653 15001 18970 29% 24 34512 8240 13%
c 
c  seconds  reductions    redundant   irredundant
c         MB    restarts         trail      variables
c          level    conflicts        glue        remaining
c 
c d  1.04 36 54 9 653 15001 18966 29% 24 34507 8235 13%
c ]  1.04 36 54 9 653 15004 18969 29% 24 34507 8235 13%
c {  1.04 36 40 9 653 15004 18969 40% 8 34507 8235 13%
c B  1.04 36 40 9 653 15013 18977 40% 8 34507 8235 13%
c -  1.11 36 42 10 952 16724 5292 37% 9 34507 8235 13%
c -  1.23 36 41 11 1341 20024 5527 32% 9 34507 8235 13%
c W  1.28 36 42 11 1525 21017 6385 32% 9 34507 8235 13%
c s  1.36 36 41 11 1743 22975 8016 30% 10 34458 8235 13%
c v  1.38 36 41 11 1743 22975 8016 30% 10 34070 8235 13%
c w  1.38 36 41 11 1743 22975 8013 30% 10 34070 8235 13%
c t  1.38 36 41 11 1743 22975 8000 30% 10 34046 8235 13%
c e  1.39 36 41 11 1743 22975 7858 30% 10 34021 8214 13%
c s  1.40 36 41 11 1743 22975 7831 30% 10 33999 8214 13%
c -  1.43 36 41 12 1786 23624 6744 30% 10 33999 8214 13%
c -  1.56 36 40 13 2314 27526 6951 28% 10 33999 8214 13%
c F  1.58 36 40 13 2410 28018 7416 28% 10 33999 8214 13%
c d  1.65 36 41 13 2628 30001 9157 28% 10 33997 8206 13%
c 3  1.66 36 41 13 2628 30001 12922 28% 10 33997 8206 13%
c 3  1.66 36 41 13 2628 30001 13735 28% 10 33997 8206 13%
c d  1.67 36 41 13 2628 30001 13730 28% 10 33997 8205 13%
c 
c  seconds  reductions      redundant   irredundant
c         MB     restarts          trail      variables
c          level      conflicts        glue        remaining
c 
c 2  1.67 36 41 13 2628 30001 13721 28% 10 33996 8205 13%
c p  1.68 36 41 13 2628 30001 19987 28% 10 33996 8203 13%
c d  1.69 36 41 13 2628 30001 19854 28% 10 33990 8200 13%
c }  1.72 36 40 13 2638 31005 20766 27% 10 33990 8200 13%
c [  1.72 36 54 13 2638 31005 20766 29% 24 33990 8200 13%
c -  1.74 36 51 14 2638 31726 7806 28% 23 33990 8200 13%
c B  1.90 36 56 14 2641 36020 11718 29% 24 33990 8200 13%
c -  1.91 36 56 15 2641 36228 8775 29% 24 33990 8200 13%
c s  2.05 36 58 15 2643 39370 11442 29% 26 33969 8200 13%
c v  2.06 36 58 15 2643 39370 11442 29% 26 33755 8200 13%
c w  2.07 36 58 15 2643 39370 11439 29% 26 33755 8200 13%
c e  2.07 37 58 15 2643 39370 9095 29% 26 33611 8070 13%
c s  2.08 37 58 15 2643 39370 9082 29% 26 33503 8070 13%
c e  2.08 37 58 15 2643 39370 9082 29% 26 33386 8037 13%
c -  2.16 37 57 16 2644 41031 6791 26% 26 33386 8037 13%
c W  2.33 37 56 16 2645 45021 10246 28% 27 33386 8037 13%
c -  2.38 37 56 17 2646 46134 8293 28% 27 33386 8037 13%
c d  2.52 37 55 17 2646 50004 11776 29% 28 33386 8036 13%
c 3  2.53 37 55 17 2646 50004 15940 29% 28 33386 8036 13%
c p  2.55 37 55 17 2646 50004 21962 29% 28 33386 8036 13%
c 
c  seconds  reductions     redundant   irredundant
c         MB     restarts         trail      variables
c          level      conflicts       glue        remaining
c 
c -  2.61 37 55 18 2646 51534 9262 29% 28 33386 8036 13%
c O  2.75 37 55 18 2647 55025 12488 30% 29 33386 8036 13%
c -  2.83 37 53 19 2649 57234 9665 28% 28 33386 8036 13%
c s  2.94 37 51 19 2651 59916 12040 27% 27 33384 8036 13%
c v  2.95 37 51 19 2651 59916 12040 27% 27 33333 8036 13%
c w  2.96 37 51 19 2651 59916 12039 27% 27 33333 8036 13%
c e  2.97 37 51 19 2651 59916 12037 27% 27 33164 7956 13%
c s  2.97 37 51 19 2651 59916 12034 27% 27 33061 7956 13%
c e  2.98 37 51 19 2651 59916 12034 27% 27 33043 7950 13%
c ]  3.06 37 49 19 2653 63005 14637 26% 27 33043 7950 13%
c {  3.06 37 40 19 2653 63005 14637 30% 10 33043 7950 13%
c -  3.08 37 40 20 2700 63234 9740 30% 10 33043 7950 13%
c B  3.17 37 41 20 2918 66026 12255 30% 10 33043 7950 13%
c -  3.28 37 40 21 3251 69538 9948 28% 10 33043 7950 13%
c d  3.43 37 38 21 3933 75004 14720 27% 10 33043 7945 13%
c 3  3.43 37 38 21 3933 75004 18323 27% 10 33043 7945 13%
c 3  3.44 37 38 21 3933 75004 19090 27% 10 33043 7945 13%
c d  3.44 37 38 21 3933 75004 19071 27% 10 33043 7942 13%
c 2  3.45 37 38 21 3933 75004 19067 27% 10 33043 7942 13%
c p  3.46 37 38 21 3933 75004 25124 27% 10 33043 7942 13%
c 
c  seconds  reductions      redundant   irredundant
c         MB     restarts          trail      variables
c          level      conflicts        glue        remaining
c 
c -  3.50 37 38 22 4099 76138 12003 27% 10 33043 7942 13%
c W  3.57 37 37 22 4248 78027 13594 26% 10 33043 7942 13%
c -  3.68 37 35 23 4531 83038 11744 25% 10 33043 7942 13%
c s  3.72 37 34 23 4587 84580 12604 24% 10 33037 7942 13%
c v  3.73 37 34 23 4587 84580 12604 24% 10 32997 7942 13%
c w  3.73 37 34 23 4587 84580 12601 24% 10 32997 7942 13%
c t  3.73 37 34 23 4587 84580 12597 24% 10 32997 7942 13%
c e  3.74 37 34 23 4587 84580 12588 24% 10 32932 7900 13%
c s  3.74 37 34 23 4587 84580 12567 24% 10 32901 7900 13%
c e  3.75 37 34 23 4587 84580 12567 24% 10 32892 7897 12%
c -  3.86 37 32 24 4787 90238 11457 23% 10 32892 7897 12%
c #  3.88 37 31 24 4802 91029 12028 22% 10 32892 7897 12%
c -  4.08 37 32 25 5139 97739 12477 22% 10 32892 7897 12%
c d  4.31 37 32 25 5508 105004 19017 22% 10 32892 7883 12%
c 3  4.31 37 32 25 5508 105004 22643 22% 10 32892 7883 12%
c 3  4.32 37 32 25 5508 105004 23518 22% 10 32892 7883 12%
c d  4.32 37 32 25 5508 105004 23492 22% 10 32892 7880 12%
c 2  4.32 37 32 25 5508 105004 23489 22% 10 32892 7880 12%
c p  4.33 37 32 25 5508 105004 29559 22% 10 32892 7880 12%
c B  4.34 37 32 25 5508 105030 29584 22% 10 32892 7880 12%
c 
c  seconds  reductions       redundant   irredundant
c         MB     restarts           trail      variables
c          level      conflicts         glue        remaining
c 
c -  4.37 37 32 26 5615 105539 14731 22% 10 32892 7880 12%
c s  4.56 37 30 26 5994 113398 20935 21% 10 32889 7880 12%
c v  4.58 37 30 26 5994 113398 20935 21% 10 32880 7880 12%
c w  4.59 37 30 26 5994 113398 20931 21% 10 32880 7880 12%
c t  4.59 37 30 26 5994 113398 20927 21% 10 32879 7880 12%
c e  4.59 37 30 26 5994 113398 20927 21% 10 32878 7878 12%
c s  4.60 37 30 26 5994 113398 20904 21% 10 32877 7878 12%
c -  4.62 37 30 27 6003 113640 14659 21% 10 32877 7878 12%
c W  4.85 37 29 27 6594 120033 20347 20% 10 32877 7878 12%
c -  4.95 37 30 28 6879 122042 14727 20% 11 32877 7878 12%
c }  5.06 37 28 28 6904 127008 18752 20% 10 32877 7878 12%
c [  5.06 37 49 28 6904 127008 18752 26% 27 32877 7878 12%
c -  5.16 37 46 29 6904 130743 14880 24% 25 32877 7878 12%
c B  5.31 37 41 29 6909 136036 18860 22% 23 32877 7878 12%
c -  5.46 37 45 30 6911 139745 16336 24% 24 32877 7878 12%
c d  5.48 37 45 30 6911 140005 16575 24% 24 32877 7875 12%
c 3  5.48 37 45 30 6911 140005 20206 24% 24 32877 7875 12%
c 3  5.49 37 45 30 6911 140005 21182 24% 24 32877 7875 12%
c d  5.49 37 45 30 6911 140005 21169 24% 24 32877 7874 12%
c 2  5.49 37 45 30 6911 140005 21168 24% 24 32877 7874 12%
c 
c  seconds  reductions       redundant   irredundant
c         MB     restarts           trail      variables
c          level      conflicts         glue        remaining
c 
c p  5.50 37 45 30 6911 140005 26997 24% 24 32877 7874 12%
c d  5.51 37 45 30 6911 140005 26990 24% 24 32877 7873 12%
c s  5.91 37 51 30 6912 146378 32447 28% 27 32873 7873 12%
c v  5.93 37 51 30 6912 146378 32447 28% 27 32807 7873 12%
c w  5.93 37 51 30 6912 146378 32446 28% 27 32807 7873 12%
c t  5.93 37 51 30 6912 146378 32443 28% 27 32807 7873 12%
c e  5.94 37 51 30 6912 146378 32286 28% 27 32791 7851 12%
c s  5.94 37 51 30 6912 146378 32251 28% 27 32782 7851 12%
c -  6.13 37 52 31 6912 149046 18003 29% 28 32782 7851 12%
c W  6.49 37 54 31 6913 153037 21748 31% 30 32782 7851 12%
c -  6.91 42 56 32 6913 158647 17723 33% 32 32782 7851 12%
c -  7.66 37 60 33 6914 168551 18283 36% 34 32782 7851 12%
c I  7.89 37 60 33 6916 171041 20550 37% 35 32782 7851 12%
c -  8.24 39 63 34 6920 178751 18529 37% 34 32782 7851 12%
c d  8.32 39 64 34 6920 180006 19722 37% 34 32782 7847 12%
c 3  8.33 39 64 34 6920 180006 23177 37% 34 32782 7847 12%
c d  8.34 39 64 34 6920 180006 24073 37% 34 32782 7846 12%
c p  8.35 39 64 34 6920 180006 29782 37% 34 32782 7846 12%
c s  8.62 39 66 34 6923 183494 32856 38% 35 32781 7846 12%
c v  8.64 39 66 34 6923 183494 32856 38% 35 32680 7846 12%
c 
c  seconds  reductions       redundant   irredundant
c         MB     restarts           trail      variables
c          level      conflicts         glue        remaining
c 
c w  8.65 39 66 34 6923 183494 32852 38% 35 32680 7846 12%
c e  8.66 39 66 34 6923 183494 32721 38% 35 32648 7804 12%
c s  8.67 39 66 34 6923 183494 32639 38% 35 32620 7804 12%
c -  9.04 39 67 35 6927 189258 19336 38% 35 32620 7804 12%
c B  9.10 39 67 35 6927 190043 20085 38% 35 32620 7804 12%
c -  9.77 45 70 36 6928 200058 19059 39% 36 32620 7804 12%
c W 10.38 45 70 36 6935 210044 28393 39% 36 32620 7804 12%
c - 10.44 39 70 37 6935 211159 19640 39% 36 32620 7804 12%
c - 10.97 39 69 38 6942 222559 19715 39% 34 32620 7804 12%
c d 11.09 39 70 38 6942 225006 22014 38% 35 32620 7799 12%
c 3 11.09 39 70 38 6942 225006 25751 38% 35 32620 7799 12%
c p 11.12 39 70 38 6942 225006 32410 38% 35 32620 7799 12%
c d 11.12 39 70 38 6942 225006 32407 38% 35 32620 7798 12%
c s 11.14 39 70 38 6942 225006 32230 38% 35 32620 7798 12%
c v 11.17 39 70 38 6942 225006 32230 38% 35 32567 7798 12%
c w 11.17 39 70 38 6942 225006 32227 38% 35 32567 7798 12%
c e 11.18 39 70 38 6942 225006 32137 38% 35 32555 7787 12%
c s 11.19 39 70 38 6942 225006 32120 38% 35 32539 7787 12%
c e 11.19 39 70 38 6942 225006 31835 38% 35 32535 7786 12%
c O 11.61 39 70 38 6943 231046 37493 39% 35 32535 7786 12%
c 
c  seconds  reductions       redundant   irredundant
c         MB     restarts           trail      variables
c          level      conflicts         glue        remaining
c 
c - 11.81 39 69 39 6943 234262 20614 39% 35 32535 7786 12%
c - 12.70 45 70 40 6944 246265 20763 40% 36 32535 7786 12%
c B 13.32 45 70 40 6945 253047 27195 40% 36 32535 7786 12%
c ] 13.49 45 70 40 6945 255009 29039 40% 37 32535 7786 12%
c { 13.49 45 28 40 6945 255009 29039 20% 10 32535 7786 12%
c - 13.65 39 28 41 7204 258566 22354 20% 10 32535 7786 12%
c s 14.02 39 28 41 8245 270394 31625 20% 11 32528 7786 12%
c v 14.04 39 28 41 8245 270394 31625 20% 11 32307 7786 12%
c w 14.06 39 28 41 8245 270394 31624 20% 11 32307 7786 12%
c t 14.06 39 28 41 8245 270394 31621 20% 11 32307 7786 12%
c e 14.06 39 28 41 8245 270394 31620 20% 11 32247 7731 12%
c s 14.07 39 28 41 8245 270394 31582 20% 11 32212 7731 12%
c e 14.08 39 28 41 8245 270394 31570 20% 11 32208 7727 12%
c - 14.13 39 28 42 8426 271166 20731 20% 11 32208 7727 12%
c d 14.28 39 28 42 8876 275006 24147 20% 11 32208 7714 12%
c 3 14.29 39 28 42 8876 275006 28685 20% 11 32208 7714 12%
c p 14.31 39 28 42 8876 275006 34340 20% 11 32208 7714 12%
c d 14.31 39 28 42 8876 275006 34338 20% 11 32208 7713 12%
c F 14.35 39 28 42 8878 276048 35212 20% 11 32208 7713 12%
c - 14.56 39 28 43 10741 284066 21997 19% 11 32208 7713 12%
c 
c  seconds  reductions        redundant   irredundant
c         MB      restarts           trail      variables
c          level       conflicts         glue        remaining
c 
c - 14.88 39 26 44 12292 297269 21397 18% 11 32208 7713 12%
c B 14.97 39 26 44 12476 300051 23849 19% 11 32208 7713 12%
c - 15.27 39 26 45 12888 310770 21760 18% 11 32208 7713 12%
c s 15.56 39 27 45 13208 319825 29571 19% 11 32205 7713 12%
c v 15.59 39 27 45 13208 319825 29571 19% 11 32144 7713 12%
c w 15.60 39 27 45 13208 319825 29567 19% 11 32144 7713 12%
c t 15.60 39 27 45 13208 319825 29561 19% 11 32144 7713 12%
c e 15.60 39 27 45 13208 319825 29547 19% 11 32129 7697 12%
c s 15.61 39 27 45 13208 319825 29499 19% 11 32080 7697 12%
c - 15.74 39 26 46 13280 324570 23281 18% 11 32080 7697 12%
c W 15.84 39 26 46 13280 325053 23660 18% 11 32080 7697 12%
c d 15.98 39 26 46 13384 330006 27437 18% 11 32080 7684 12%
c 3 15.98 39 26 46 13384 330006 30932 18% 11 32080 7684 12%
c 3 15.99 39 26 46 13384 330006 31950 18% 11 32080 7684 12%
c d 15.99 39 26 46 13384 330006 31943 18% 11 32080 7683 12%
c 2 16.00 39 26 46 13384 330006 31942 18% 11 32080 7683 12%
c p 16.01 39 26 46 13384 330006 37406 18% 11 32080 7683 12%
c - 16.25 39 25 47 13666 338671 24327 18% 11 32080 7683 12%
c # 16.64 39 25 47 14252 351054 34796 19% 11 32080 7683 12%
c - 16.76 39 25 48 14503 353071 26034 19% 11 32080 7683 12%
c 
c  seconds  reductions        redundant   irredundant
c         MB      restarts           trail      variables
c          level       conflicts         glue        remaining
c 
c - 17.32 39 25 49 15101 367771 27738 19% 11 32080 7683 12%
c s 17.52 39 24 49 15106 373367 32228 18% 11 32075 7683 12%
c v 17.54 39 24 49 15106 373367 32228 18% 11 31892 7683 12%
c w 17.55 39 24 49 15106 373367 32228 18% 11 31892 7683 12%
c t 17.55 39 24 49 15106 373367 32223 18% 11 31892 7683 12%
c e 17.55 39 24 49 15106 373367 32178 18% 11 31845 7642 12%
c s 17.56 39 24 49 15106 373367 32134 18% 11 31817 7642 12%
c B 17.72 39 24 49 15115 378058 35716 18% 11 31817 7642 12%
c - 17.94 39 24 50 15966 382771 28586 18% 11 31817 7642 12%
c d 18.16 39 24 50 16866 390006 34532 18% 11 31817 7633 12%
c 3 18.17 39 24 50 16866 390006 38039 18% 11 31817 7633 12%
c 3 18.17 39 24 50 16866 390006 38836 18% 11 31817 7633 12%
c d 18.18 39 24 50 16866 390006 38833 18% 11 31817 7632 12%
c 2 18.18 39 24 50 16866 390006 38831 18% 11 31817 7629 12%
c p 18.19 39 24 50 16866 390006 44067 18% 11 31817 7629 12%
c d 18.20 39 24 50 16866 390006 44041 18% 11 31808 7628 12%
c - 18.43 39 24 51 17315 398071 29398 18% 11 31808 7628 12%
c W 18.83 39 24 51 18360 406060 35879 18% 11 31808 7628 12%
c - 19.06 39 23 52 19165 413671 27875 18% 11 31808 7628 12%
c - 19.61 39 22 53 19408 429571 27208 17% 11 31808 7628 12%
c 
c  seconds  reductions        redundant   irredundant
c         MB      restarts           trail      variables
c          level       conflicts         glue        remaining
c 
c s 19.67 39 22 53 19411 430986 28204 17% 11 31799 7628 12%
c v 19.69 39 22 53 19411 430986 28204 17% 11 31695 7628 12%
c w 19.70 39 22 53 19411 430986 28199 17% 11 31695 7628 12%
c t 19.70 39 22 53 19411 430986 28196 17% 11 31695 7628 12%
c e 19.70 39 22 53 19411 430986 28144 17% 11 31657 7594 12%
c s 19.71 39 22 53 19411 430986 28116 17% 11 31647 7594 12%
c F 19.86 39 22 53 19426 435063 31252 17% 11 31647 7594 12%
c i 20.14 39 22 53 19997 443967 38641 17% 11 31647 7593 12%
c - 20.26 39 22 54 20222 445771 29987 17% 11 31468 7593 12%
c d 20.53 39 22 54 20565 455007 37497 17% 11 31468 7587 12%
c 3 20.54 39 22 54 20565 455007 40863 17% 11 31468 7587 12%
c 3 20.54 39 22 54 20565 455007 41865 17% 11 31468 7587 12%
c d 20.55 39 22 54 20565 455007 41840 17% 11 31468 7585 12%
c 2 20.55 39 22 54 20565 455007 41837 17% 11 31468 7585 12%
c p 20.56 39 22 54 20565 455007 47102 17% 11 31468 7585 12%
c d 20.57 39 22 54 20565 455007 47070 17% 11 31468 7580 12%
c - 20.85 39 22 55 20860 462271 30491 17% 11 31468 7580 12%
c B 20.94 39 21 55 20865 465065 32560 17% 11 31468 7580 12%
c - 21.34 39 21 56 21877 479071 31326 17% 11 31468 7580 12%
c s 21.97 39 22 56 22966 492761 41624 17% 11 31456 7580 12%
c 
c  seconds  reductions        redundant   irredundant
c         MB      restarts           trail      variables
c          level       conflicts         glue        remaining
c 
c v 21.99 39 22 56 22966 492761 41624 17% 11 31450 7580 12%
c w 22.00 39 22 56 22966 492761 41616 17% 11 31450 7580 12%
c t 22.00 39 22 56 22966 492761 41612 17% 11 31447 7580 12%
c e 22.01 39 22 56 22966 492761 41612 17% 11 31446 7547 12%
c s 22.02 39 22 56 22966 492761 41577 17% 11 31446 7547 12%
c ^ 22.02 39 22 56 22966 492761 41577 17% 11 31446 7547 12%
c W 22.27 39 22 56 23223 496067 44398 17% 11 31446 7547 12%
c - 22.28 39 22 57 23223 496171 32093 17% 11 31446 7547 12%
c } 22.69 39 21 57 23641 511009 44282 17% 11 31446 7547 12%
c [ 22.69 39 70 57 23641 511009 44282 40% 37 31446 7547 12%
c - 22.77 39 69 58 23641 513573 32483 39% 36 31446 7547 12%
c d 23.45 39 67 58 23641 525011 42284 39% 35 31445 7542 12%
c 3 23.46 39 67 58 23641 525011 45599 39% 35 31445 7542 12%
c 3 23.47 39 67 58 23641 525011 46601 39% 35 31445 7542 12%
c d 23.47 39 67 58 23641 525011 46571 39% 35 31445 7539 12%
c 2 23.48 39 67 58 23641 525011 46571 39% 35 31443 7539 12%
c p 23.49 39 67 58 23641 525011 51840 39% 35 31443 7539 12%
c d 23.50 39 67 58 23641 525011 51836 39% 35 31443 7538 12%
c W 23.88 39 69 58 23641 528071 54722 40% 36 31443 7538 12%
c - 24.07 39 69 59 23641 531273 34338 39% 36 31443 7538 12%
c 
c  seconds  reductions        redundant   irredundant
c         MB      restarts           trail      variables
c          level       conflicts         glue        remaining
c 
c - 25.24 46 70 60 23647 549273 33569 39% 37 31443 7538 12%
c s 25.90 46 71 60 23652 558650 40852 39% 38 31443 7538 12%
c v 25.93 46 71 60 23652 558650 40852 39% 38 31419 7538 12%
c w 25.95 46 71 60 23652 558650 40851 39% 38 31419 7538 12%
c e 25.96 46 71 60 23652 558650 14793 39% 38 31709 7015 11%
c s 25.98 46 71 60 23652 558650 14616 39% 38 31677 7015 11%
c I 26.08 39 71 60 23654 561072 16846 25% 38 31677 7015 11%
c - 26.23 39 70 61 23656 567577 18387 22% 37 31677 7015 11%
c - 27.14 39 74 62 23663 586179 27445 33% 38 31677 7015 11%
c B 27.80 39 76 62 23669 595079 35299 36% 41 31677 7015 11%
c d 28.09 39 77 62 23671 600012 39950 37% 41 31677 7013 11%
c 3 28.10 39 77 62 23671 600012 43270 37% 41 31677 7013 11%
c 3 28.11 39 77 62 23671 600012 44151 37% 41 31677 7013 11%
c 2 28.11 39 77 62 23671 600012 44150 37% 41 31677 7013 11%
c p 28.13 39 77 62 23671 600012 48833 37% 41 31677 7013 11%
c - 28.50 48 78 63 23671 605079 31058 38% 42 31677 7013 11%
c - 29.96 48 82 64 23672 624280 33190 40% 44 31677 7013 11%
c W 30.60 48 82 64 23677 630080 38654 41% 44 31677 7013 11%
c s 30.77 48 81 64 23678 632598 40764 41% 44 31671 7013 11%
c v 30.81 48 81 64 23678 632598 40764 41% 44 31524 7013 11%
c 
c  seconds  reductions        redundant   irredundant
c         MB      restarts           trail      variables
c          level       conflicts         glue        remaining
c 
c w 30.83 48 81 64 23678 632598 40757 41% 44 31524 7013 11%
c t 30.83 48 81 64 23678 632598 40757 41% 44 31522 7013 11%
c e 30.84 48 81 64 23678 632598 40753 41% 44 31517 6999 11%
c s 30.88 48 81 64 23678 632598 40701 41% 44 31496 6999 11%
c e 30.89 48 81 64 23678 632598 40671 41% 44 31496 6998 11%
c - 31.69 48 82 65 23685 643780 35137 41% 44 31496 6998 11%
c - 32.95 42 81 66 23692 663583 34330 42% 42 31496 6998 11%
c O 33.12 42 80 66 23694 666083 36653 42% 42 31496 6998 11%
c d 33.88 42 79 66 23701 680013 49739 41% 41 31496 6996 11%
c 3 33.89 42 79 66 23701 680013 51625 41% 41 31496 6996 11%
c 3 33.89 42 79 66 23701 680013 52637 41% 41 31496 6996 11%
c p 33.93 42 79 66 23701 680013 57133 41% 41 31496 6996 11%
c - 34.26 50 79 67 23702 683683 34370 42% 41 31496 6996 11%
c B 35.92 50 81 67 23703 703084 52632 43% 43 31496 6996 11%
c - 36.01 60 81 68 23703 704083 35278 43% 43 31496 6996 11%
c s 36.37 60 82 68 23704 710724 41128 43% 44 31490 6996 11%
c v 36.41 60 82 68 23704 710724 41128 43% 44 31411 6996 11%
c w 36.43 60 82 68 23704 710724 41123 43% 44 31411 6996 11%
c e 36.44 60 82 68 23704 710724 40868 43% 44 31401 6982 11%
c s 36.45 60 82 68 23704 710724 40799 43% 44 31401 6982 11%
c 
c  seconds  reductions        redundant   irredundant
c         MB      restarts           trail      variables
c          level       conflicts         glue        remaining
c 
c - 37.05 50 80 69 23704 724785 34249 40% 43 31401 6982 11%
c W 38.61 50 81 69 23705 741086 49682 40% 44 31401 6982 11%
c - 38.92 50 81 70 23705 745788 35777 40% 44 31401 6982 11%
c d 40.34 50 81 70 23705 765014 54129 41% 43 31401 6974 11%
c 3 40.35 50 81 70 23705 765014 57000 41% 43 31401 6974 11%
c 2 40.36 50 81 70 23705 765014 56999 41% 43 31401 6974 11%
c p 40.39 50 81 70 23705 765014 61619 41% 43 31401 6974 11%
c - 40.66 53 81 71 23705 767090 36765 41% 44 31401 6974 11%
c I 41.79 53 80 71 23705 780087 48983 41% 44 31401 6974 11%
c - 42.33 63 80 72 23705 788690 37845 41% 44 31401 6974 11%
c s 42.58 63 79 72 23705 793150 41688 41% 44 31401 6974 11%
c v 42.62 63 79 72 23705 793150 41688 41% 44 31211 6974 11%
c w 42.64 63 79 72 23705 793150 41687 41% 44 31211 6974 11%
c e 42.65 63 79 72 23705 793150 41687 41% 44 31213 6972 11%
c s 42.66 63 79 72 23705 793150 41649 41% 44 31212 6972 11%
c - 43.67 53 77 73 23708 810591 37228 41% 44 31212 6972 11%
c B 44.20 53 77 73 23713 820090 45902 41% 43 31212 6972 11%
c - 45.10 53 76 74 23720 832791 36395 40% 43 31212 6972 11%
c d 47.13 53 73 74 23729 855016 56483 41% 43 31212 6971 11%
c 3 47.14 53 73 74 23729 855016 58976 41% 43 31212 6971 11%
c 
c  seconds  reductions        redundant   irredundant
c         MB      restarts           trail      variables
c          level       conflicts         glue        remaining
c 
c p 47.18 53 73 74 23729 855016 63654 41% 43 31212 6971 11%
c - 47.25 63 73 75 23729 855291 37710 41% 43 31212 6971 11%
c W 47.89 63 74 75 23733 861093 43152 41% 43 31212 6971 11%
c - 49.41 53 74 76 23736 878092 38715 42% 44 31212 6971 11%
c s 49.58 53 74 76 23736 879649 40046 42% 44 31209 6971 11%
c v 49.62 53 74 76 23736 879649 40046 42% 44 31178 6971 11%
c w 49.64 53 74 76 23736 879649 40044 42% 44 31178 6971 11%
c t 49.64 53 74 76 23736 879649 40043 42% 44 31178 6971 11%
c e 49.65 53 74 76 23736 879649 40034 42% 44 31180 6968 11%
c s 49.67 53 74 76 23736 879649 40019 42% 44 31180 6968 11%
c - 51.74 64 74 77 23743 901192 41067 43% 44 31180 6968 11%
c O 51.94 64 73 77 23743 903094 42730 43% 44 31180 6968 11%
c - 52.64 53 66 78 23752 924593 39122 38% 40 31180 6968 11%
c B 53.38 53 59 78 23765 946095 57538 35% 36 31180 6968 11%
c - 53.52 53 60 79 23765 948293 38073 35% 36 31180 6968 11%
c 3 53.62 53 60 79 23766 950016 42150 35% 36 31180 6968 11%
c 2 53.62 53 60 79 23766 950016 42149 35% 36 31180 6968 11%
c p 53.64 53 60 79 23766 950016 46869 35% 36 31180 6968 11%
c d 53.64 53 60 79 23766 950016 46862 35% 36 31180 6967 11%
c s 54.50 53 57 79 23767 970445 65195 33% 34 31178 6967 11%
c 
c  seconds  reductions        redundant   irredundant
c         MB      restarts           trail      variables
c          level       conflicts         glue        remaining
c 
c v 54.54 53 57 79 23767 970445 65195 33% 34 31140 6967 11%
c w 54.56 53 57 79 23767 970445 65190 33% 34 31140 6967 11%
c t 54.57 53 57 79 23767 970445 65189 33% 34 31140 6967 11%
c s 54.59 53 57 79 23767 970445 65177 33% 34 31140 6967 11%
c - 54.70 53 57 80 23767 972295 39452 33% 34 31140 6967 11%
c W 56.33 53 61 80 23768 990096 56525 35% 34 31140 6967 11%
c - 56.79 53 62 81 23768 996596 40792 35% 34 31140 6967 11%
c - 58.02 53 63 82 23777 1021196 40752 34% 34 31140 6967 11%
c ] 58.14 53 64 82 23778 1023009 42481 34% 34 31140 6967 11%
c { 58.14 53 21 82 23778 1023009 42481 19% 11 31140 6967 11%
c # 58.54 53 22 82 26458 1035097 52744 19% 11 31140 6967 11%
c - 59.23 53 22 83 28231 1046096 39948 19% 11 31140 6967 11%
c d 59.32 53 22 83 29232 1050016 43052 19% 11 31140 6963 11%
c 3 59.33 53 22 83 29232 1050016 44731 19% 11 31140 6963 11%
c d 59.34 53 22 83 29232 1050016 45562 19% 11 31140 6962 11%
c 2 59.34 53 22 83 29232 1050016 45558 19% 11 31140 6962 11%
c p 59.35 53 22 83 29232 1050016 50059 19% 11 31140 6962 11%
c s 60.33 53 23 83 30435 1065493 61113 19% 11 31133 6962 11%
c v 60.37 53 23 83 30435 1065493 61113 19% 11 31131 6962 11%
c w 60.40 53 23 83 30435 1065493 61101 19% 11 31131 6962 11%
c 
c  seconds  reductions         redundant   irredundant
c         MB      restarts            trail      variables
c          level        conflicts         glue        remaining
c 
c t 60.40 53 23 83 30435 1065493 61098 19% 11 31131 6962 11%
c e 60.41 53 23 83 30435 1065493 61061 19% 11 31130 6961 11%
c s 60.47 53 23 83 30435 1065493 60819 19% 11 31130 6961 11%
c - 61.02 53 24 84 31147 1071296 42126 20% 11 31130 6961 11%
c B 61.33 53 24 84 31503 1081103 50393 20% 11 31130 6961 11%
c - 62.04 53 24 85 32568 1096798 43091 20% 11 31130 6961 11%
c - 62.79 53 23 86 33559 1122598 42363 20% 11 31130 6961 11%
c W 63.35 53 24 86 33944 1128110 47227 20% 11 31130 6961 11%
c - 64.13 53 24 87 35363 1148699 43408 19% 11 31130 6961 11%
c d 64.46 53 24 87 35804 1155016 48851 19% 11 31130 6950 11%
c 3 64.47 53 24 87 35804 1155016 50855 19% 11 31130 6950 11%
c d 64.48 53 24 87 35804 1155016 51666 19% 11 31130 6949 11%
c 2 64.48 53 24 87 35804 1155016 51662 19% 11 31130 6949 11%
c p 64.50 53 24 87 35804 1155016 55732 19% 11 31130 6949 11%
c s 65.26 53 26 87 37758 1164897 61747 20% 12 31123 6949 11%
c v 65.31 53 26 87 37758 1164897 61747 20% 12 31120 6949 11%
c w 65.33 53 26 87 37758 1164897 61741 20% 12 31120 6949 11%
c t 65.33 53 26 87 37758 1164897 61739 20% 12 31120 6949 11%
c s 65.38 53 26 87 37758 1164897 61586 20% 12 31120 6949 11%
c - 65.69 53 25 88 38056 1175099 45890 20% 12 31120 6949 11%
c 
c  seconds  reductions         redundant   irredundant
c         MB      restarts            trail      variables
c          level        conflicts         glue        remaining
c 
c F 65.72 53 25 88 38062 1176113 46778 20% 12 31120 6949 11%
c - 66.95 53 25 89 40164 1201799 46969 20% 12 31120 6949 11%
c B 67.95 53 26 89 42397 1225117 67542 20% 12 31120 6949 11%
c - 68.24 53 26 90 42793 1228799 50507 20% 12 31120 6949 11%
c - 69.17 53 24 91 43484 1256101 46710 19% 11 31120 6949 11%
c d 69.51 53 24 91 44156 1265018 54380 19% 11 31120 6935 11%
c 3 69.52 53 24 91 44156 1265018 56368 19% 11 31120 6935 11%
c 3 69.52 53 24 91 44156 1265018 57251 19% 11 31120 6935 11%
c d 69.53 53 24 91 44156 1265018 57224 19% 11 31120 6932 11%
c 2 69.53 53 24 91 44156 1265018 57220 19% 11 31120 6932 11%
c p 69.55 53 24 91 44156 1265018 61462 19% 11 31120 6932 11%
c s 69.71 53 24 91 44179 1268720 60511 18% 11 31112 6932 11%
c v 69.75 53 24 91 44179 1268720 60511 18% 11 31092 6932 11%
c w 69.77 53 24 91 44179 1268720 60499 18% 11 31092 6932 11%
c e 69.78 53 24 91 44179 1268720 60418 18% 11 31093 6929 11%
c s 69.81 53 24 91 44179 1268720 60261 18% 11 31092 6929 11%
c W 70.38 53 24 91 45662 1275120 65838 18% 12 31092 6929 11%
c - 70.68 53 23 92 46324 1283702 47629 18% 12 31092 6929 11%
c - 71.81 53 24 93 49586 1311602 47960 18% 12 31092 6929 11%
c # 72.48 53 24 93 50624 1326123 60666 19% 12 31092 6929 11%
c 
c  seconds  reductions         redundant   irredundant
c         MB      restarts            trail      variables
c          level        conflicts         glue        remaining
c 
c - 73.07 53 25 94 53255 1339803 49783 19% 12 31092 6929 11%
c - 74.27 53 25 95 55727 1368304 51127 18% 12 31092 6929 11%
c s 74.50 53 24 95 55938 1377012 57163 18% 12 31084 6929 11%
c w 74.56 53 24 95 55938 1377012 57157 18% 12 31084 6929 11%
c t 74.56 53 24 95 55938 1377012 57155 18% 12 31084 6929 11%
c e 74.57 53 24 95 55938 1377012 57136 18% 12 31085 6928 11%
c s 74.60 53 24 95 55938 1377012 57021 18% 12 31085 6928 11%
c ^ 74.61 53 24 95 55938 1377012 57021 18% 12 31085 6928 11%
c B 74.65 53 24 95 55987 1378124 57845 18% 12 31085 6928 11%
c d 74.80 53 24 95 56206 1380018 59545 18% 12 31085 6903 11%
c 3 74.80 53 24 95 56206 1380018 61644 18% 12 31085 6903 11%
c 3 74.81 53 24 95 56206 1380018 62558 18% 12 31085 6903 11%
c d 74.82 53 24 95 56206 1380018 62529 18% 12 31085 6900 11%
c 2 74.82 53 24 95 56206 1380018 62528 18% 12 31085 6900 11%
c p 74.84 53 24 95 56206 1380018 66696 18% 12 31085 6900 11%
c d 74.85 53 24 95 56206 1380018 66679 18% 12 31085 6897 11%
c - 75.80 53 26 96 58528 1397106 53143 19% 13 31085 6897 11%
c - 76.75 53 24 97 62396 1426207 50009 18% 13 31085 6897 11%
c W 77.33 53 25 97 63245 1431126 54040 18% 13 31085 6897 11%
c - 78.30 53 24 98 65315 1455607 52546 20% 13 31085 6897 11%
c 
c  seconds  reductions         redundant   irredundant
c         MB      restarts            trail      variables
c          level        conflicts         glue        remaining
c 
c F 79.45 53 24 98 67376 1485127 76516 21% 12 31085 6897 11%
c - 79.49 53 24 99 67407 1485307 51799 21% 12 31085 6897 11%
c s 79.73 53 24 99 67634 1489630 54158 21% 12 31080 6897 11%
c w 79.79 53 24 99 67634 1489630 54155 21% 12 31080 6897 11%
c t 79.80 53 24 99 67634 1489630 54151 21% 12 31080 6897 11%
c e 79.81 53 24 99 67634 1489630 45327 21% 12 31421 6723 11%
c s 79.84 53 24 99 67634 1489630 45304 21% 12 31407 6723 11%
c d 80.22 53 24 99 67905 1500020 53843 21% 12 31407 6719 11%
c p 80.25 53 24 99 67905 1500020 61571 21% 12 31407 6719 11%
c - 80.79 53 24 100 68823 1515307 49260 20% 12 31407 6719 11%
c i 81.57 53 24 100 70756 1536367 66465 20% 12 31407 6718 11%
c B 81.72 53 24 100 71617 1540131 69709 20% 13 31407 6718 11%
c - 81.95 53 24 101 71740 1545607 51686 20% 12 31230 6718 11%
c - 82.84 53 24 102 76046 1576209 51091 19% 13 31230 6718 11%
c W 84.17 53 24 102 76795 1596133 67557 19% 12 31230 6718 11%
c - 84.44 53 23 103 76837 1607110 51898 18% 12 31230 6718 11%
c s 84.61 53 23 103 77025 1609723 52879 18% 12 31223 6718 11%
c v 84.65 53 23 103 77025 1609723 52879 18% 12 31218 6718 11%
c w 84.67 53 23 103 77025 1609723 52875 18% 12 31218 6718 11%
c t 84.67 53 23 103 77025 1609723 52870 18% 12 31216 6718 11%
c 
c  seconds   reductions         redundant   irredundant
c         MB       restarts            trail      variables
c          level         conflicts         glue        remaining
c 
c e 84.68 53 23 103 77025 1609723 52870 18% 12 31235 6676 11%
c s 84.71 53 23 103 77025 1609723 52728 18% 12 31233 6676 11%
c d 85.65 53 24 103 78459 1625021 66589 18% 12 31233 6670 11%
c 3 85.66 53 24 103 78459 1625021 69032 18% 12 31233 6670 11%
c 3 85.66 53 24 103 78459 1625021 69996 18% 12 31233 6670 11%
c d 85.67 53 24 103 78459 1625021 69973 18% 12 31233 6667 11%
c 2 85.68 53 24 103 78459 1625021 69972 18% 12 31233 6667 11%
c p 85.70 53 24 103 78459 1625021 74343 18% 12 31233 6667 11%
c d 85.71 53 24 103 78459 1625021 74340 18% 12 31233 6666 11%
c - 86.46 53 25 104 79441 1638314 57389 19% 12 31233 6666 11%
c # 87.05 53 25 104 82502 1653134 69783 19% 13 31233 6666 11%
c - 88.18 53 26 105 84232 1669817 57830 19% 13 31233 6666 11%
c - 89.51 53 24 106 84583 1701617 56951 19% 12 31233 6666 11%
c B 89.83 53 23 106 84936 1711137 64777 19% 12 31233 6666 11%
c - 90.67 53 23 107 87346 1733717 59738 19% 12 31233 6666 11%
c s 90.74 53 23 107 87346 1734381 59855 20% 12 31226 6666 11%
c v 90.79 53 23 107 87346 1734381 59855 20% 12 31214 6666 11%
c w 90.81 53 23 107 87346 1734381 59849 20% 12 31214 6666 11%
c t 90.82 53 23 107 87346 1734381 59847 20% 12 31214 6666 11%
c e 90.82 53 23 107 87346 1734381 59804 20% 12 31218 6664 11%
c 
c  seconds   reductions         redundant   irredundant
c         MB       restarts            trail      variables
c          level         conflicts         glue        remaining
c 
c s 90.86 53 23 107 87346 1734381 59759 20% 12 31218 6664 11%
c ^ 90.86 53 23 107 87346 1734381 59759 20% 12 31218 6664 11%
c d 91.77 53 23 107 90375 1755023 77735 20% 12 31218 6659 11%
c 3 91.78 53 23 107 90375 1755023 80100 20% 12 31218 6659 11%
c 3 91.78 53 23 107 90375 1755023 81173 20% 12 31218 6659 11%
c d 91.79 53 23 107 90375 1755023 81166 20% 12 31218 6658 11%
c 2 91.79 53 23 107 90375 1755023 81164 20% 12 31218 6658 11%
c p 91.82 53 23 107 90375 1755023 85432 20% 12 31218 6658 11%
c d 91.82 53 23 107 90375 1755023 85426 20% 12 31218 6657 11%
c - 92.19 53 23 108 90582 1766119 60346 20% 12 31218 6657 11%
c W 92.76 53 23 108 90613 1770138 63304 19% 12 31218 6657 11%
c - 93.75 53 23 109 92483 1798819 58219 19% 12 31218 6657 11%
c F 94.83 53 22 109 93343 1830139 82909 18% 12 31218 6657 11%
c - 95.02 53 22 110 93535 1831820 56453 18% 12 31218 6657 11%
c s 96.76 53 22 110 95840 1863603 83624 18% 12 31212 6657 11%
c v 96.81 53 22 110 95840 1863603 83624 18% 12 31188 6657 11%
c w 96.84 53 22 110 95840 1863603 83619 18% 12 31188 6657 11%
c t 96.84 53 22 110 95840 1863603 83618 18% 12 31188 6657 11%
c e 96.86 53 22 110 95840 1863603 74509 18% 12 32133 6330 10%
c s 96.91 53 22 110 95840 1863603 74444 18% 12 32036 6330 10%
c 
c  seconds   reductions         redundant   irredundant
c         MB       restarts            trail      variables
c          level         conflicts         glue        remaining
c 
c - 97.03 53 22 111 95926 1865120 50744 18% 12 32036 6330 10%
c d 98.05 53 22 111 97110 1890024 70920 18% 12 32036 6328 10%
c 3 98.06 53 22 111 97110 1890024 73382 18% 12 32036 6328 10%
c 3 98.07 53 22 111 97110 1890024 74119 18% 12 32036 6328 10%
c d 98.08 53 22 111 97110 1890024 74110 18% 12 32036 6327 10%
c p 98.12 53 22 111 97110 1890024 77791 18% 12 32036 6327 10%
c d 98.12 53 22 111 97110 1890024 77788 18% 12 32036 6326 10%
c B 98.16 53 22 111 97111 1891140 78664 18% 12 32036 6326 10%
c - 98.46 53 22 112 98233 1898721 58017 18% 12 32036 6326 10%
c - 100.00 53 23 113 101337 1932621 59341 18% 12 32036 6326 10%
c W 101.63 53 23 113 102468 1953141 75754 17% 12 32036 6326 10%
c - 102.19 53 23 114 103620 1966821 60441 17% 12 32036 6326 10%
c - 103.75 53 23 115 107674 2001321 64975 17% 12 32036 6326 10%
c s 103.94 53 23 115 107791 2003968 65720 17% 12 32022 6326 10%
c v 103.99 53 23 115 107791 2003968 65720 17% 12 32018 6326 10%
c w 104.01 53 23 115 107791 2003968 65714 17% 12 32018 6326 10%
c t 104.01 53 23 115 107791 2003968 65712 17% 12 32017 6326 10%
c e 104.02 53 23 115 107791 2003968 65670 17% 12 32017 6323 10%
c s 104.07 53 23 115 107791 2003968 65582 17% 12 32017 6323 10%
c # 104.45 53 22 115 107953 2016142 74735 16% 12 32017 6323 10%
c 
c  seconds    reductions          redundant   irredundant
c          MB       restarts             trail      variables
c           level          conflicts         glue        remaining
c 
c d 105.00 53 22 115 111160 2030025 85976 16% 12 32017 6319 10%
c p 105.05 53 22 115 111160 2030025 92103 16% 12 32017 6319 10%
c - 105.51 53 23 116 111598 2036121 64159 16% 12 32017 6319 10%
c } 106.17 53 23 116 112329 2047011 73454 16% 12 32017 6319 10%
c [ 106.17 53 64 116 112329 2047011 73454 34% 34 32017 6319 10%
c - 108.28 67 69 117 112340 2071222 65018 36% 38 32017 6319 10%
c I 109.22 67 70 117 112344 2080143 73245 36% 40 32017 6319 10%
c - 111.50 70 71 118 112350 2106622 65350 38% 41 32017 6319 10%
c - 115.60 71 71 119 112365 2142324 65689 39% 45 32017 6319 10%
c B 115.94 71 72 119 112365 2145145 68267 39% 45 32017 6319 10%
c s 116.47 71 72 119 112367 2149060 71654 39% 46 32010 6319 10%
c v 116.53 71 72 119 112367 2149060 71654 39% 46 31909 6319 10%
c w 116.56 71 72 119 112367 2149060 71653 39% 46 31909 6319 10%
c e 116.57 71 72 119 112367 2149060 71652 39% 46 31919 6316 10%
c s 116.60 71 72 119 112367 2149060 71591 39% 46 31905 6316 10%
c p 120.05 71 72 119 112380 2175027 99179 40% 48 31905 6316 10%
c - 120.45 53 71 120 112380 2178324 64214 40% 47 31905 6316 10%
c W 125.42 53 70 120 112382 2211146 91162 41% 48 31905 6316 10%
c - 126.06 68 69 121 112382 2214626 63446 41% 48 31905 6316 10%
c - 130.64 83 68 122 112383 2251227 66107 42% 49 31905 6316 10%
c 
c  seconds    reductions          redundant   irredundant
c          MB       restarts             trail      variables
c           level          conflicts         glue        remaining
c 
c O 134.22 83 68 122 112383 2278151 88467 42% 49 31905 6316 10%
c - 134.98 83 65 123 112383 2288128 68079 41% 47 31905 6316 10%
c p 139.06 83 60 123 112384 2325028 109380 42% 43 31905 6316 10%
c - 139.16 84 61 124 112384 2325329 68036 42% 43 31905 6316 10%
c B 141.45 84 62 124 112384 2346152 86317 41% 43 31905 6316 10%
c - 143.04 101 64 125 112384 2362829 66646 42% 43 31905 6316 10%
c - 147.14 84 71 126 112384 2400630 68798 43% 46 31905 6316 10%
c W 149.21 84 73 126 112384 2415153 82664 42% 47 31905 6316 10%
c - 151.32 102 74 127 112390 2438730 69597 42% 47 31905 6316 10%
c - 153.61 84 68 128 112407 2477130 68262 38% 43 31905 6316 10%
c p 153.78 84 68 128 112409 2480030 76901 38% 42 31905 6316 10%
c I 153.97 84 66 128 112413 2485156 80652 37% 42 31905 6316 10%
c - 156.25 84 70 129 112418 2515830 68986 38% 43 31905 6316 10%
c - 159.00 84 64 130 112436 2554831 68603 35% 40 31905 6316 10%
c B 159.08 84 63 130 112437 2556157 69763 34% 40 31905 6316 10%
c - 162.54 84 67 131 112446 2594132 68716 37% 43 31905 6316 10%
c W 167.12 84 67 131 112447 2628161 100123 39% 46 31905 6316 10%
c - 167.96 104 67 132 112450 2633732 71533 40% 46 31905 6316 10%
c d 168.55 104 67 132 112454 2640031 77323 40% 46 31905 6315 10%
c p 168.60 104 67 132 112454 2640031 83401 40% 46 31905 6315 10%
c 
c  seconds     reductions          redundant   irredundant
c           MB       restarts             trail      variables
c            level          conflicts         glue        remaining
c 
c s 168.66 104 67 132 112454 2640031 82877 40% 46 31904 6315 10%
c v 168.80 104 67 132 112454 2640031 82877 40% 46 31800 6315 10%
c w 168.88 104 67 132 112454 2640031 82870 40% 46 31800 6315 10%
c t 168.88 104 67 132 112454 2640031 82869 40% 46 31800 6315 10%
c e 168.89 104 67 132 112454 2640031 82865 40% 46 31802 6313 10%
c s 168.94 104 67 132 112454 2640031 82758 40% 46 31798 6313 10%
c - 170.45 84 59 133 112469 2673633 67604 25% 42 31798 6313 10%
c O 171.64 84 52 133 112478 2701162 89419 24% 38 31798 6313 10%
c - 172.26 84 51 134 112479 2713833 66469 26% 35 31798 6313 10%
c - 175.59 84 54 135 112499 2754337 70382 36% 36 31798 6313 10%
c B 178.12 84 58 135 112508 2775164 89350 39% 40 31798 6313 10%
c - 179.30 84 63 136 112509 2795138 72826 39% 40 31798 6313 10%
c d 179.72 84 61 136 112510 2805031 81586 38% 39 31798 6312 10%
c p 179.77 84 61 136 112510 2805031 87641 38% 39 31798 6312 10%
c s 179.83 84 61 136 112510 2805031 87300 38% 39 31798 6312 10%
c w 179.94 84 61 136 112510 2805031 87297 38% 39 31798 6312 10%
c t 179.94 84 61 136 112510 2805031 87296 38% 39 31798 6312 10%
c s 179.99 84 61 136 112510 2805031 87239 38% 39 31798 6312 10%
c ^ 180.00 84 61 136 112510 2805031 87239 38% 39 31798 6312 10%
c - 181.34 84 56 137 112511 2836239 71746 35% 36 31798 6312 10%
c 
c  seconds    reductions          redundant   irredundant
c          MB       restarts             trail      variables
c           level          conflicts         glue        remaining
c 
c W 182.94 84 58 137 112511 2850165 84694 36% 37 31798 6312 10%
c - 185.91 84 61 138 112511 2877639 71464 38% 41 31798 6312 10%
c - 190.99 92 63 139 112525 2919339 75109 42% 45 31798 6312 10%
c I 191.78 92 63 139 112526 2926166 81203 42% 46 31798 6312 10%
c - 194.22 92 59 140 112541 2961339 74801 40% 42 31798 6312 10%
c s 194.53 92 58 140 112542 2963664 76538 40% 42 31798 6312 10%
c v 194.60 92 58 140 112542 2963664 76538 40% 42 31798 6312 10%
c w 194.64 92 58 140 112542 2963664 76530 40% 42 31798 6312 10%
c e 194.68 92 58 140 112542 2963664 20719 40% 42 39658 5013  8%
c s 194.73 92 58 140 112542 2963664 20663 40% 42 39164 5013  8%
c e 194.74 92 58 140 112542 2963664 20663 40% 42 39163 5004  8%
c p 195.50 92 58 140 112542 2975038 36622 50% 41 39163 5004  8%
c B 198.09 92 56 140 112556 3003167 59523 51% 41 39163 5004  8%
c - 198.14 92 56 141 112556 3003639 49360 51% 41 39163 5004  8%
c - 200.79 92 59 142 112573 3046240 61826 45% 39 39163 5004  8%
c W 203.03 92 58 142 112574 3081168 93835 41% 36 39163 5004  8%
c - 203.44 92 59 143 112574 3089140 65680 41% 35 39163 5004  8%
c - 207.62 92 65 144 112592 3132340 65699 45% 40 39163 5004  8%
c p 209.86 92 66 144 112603 3150038 84907 47% 43 39163 5004  8%
c O 211.16 92 65 144 112604 3160170 93661 47% 43 39163 5004  8%
c 
c  seconds    reductions          redundant    irredundant
c          MB       restarts              trail      variables
c           level          conflicts          glue        remaining
c 
c s 211.92 92 62 144 112605 3171450 103565 45% 40 39152 5004  8%
c v 212.01 92 62 144 112605 3171450 103565 45% 40 39115 5004  8%
c w 212.10 92 62 144 112605 3171450 103551 45% 40 39115 5004  8%
c t 212.10 92 62 144 112605 3171450 103549 45% 40 39107 5004  8%
c e 212.12 92 62 144 112605 3171450 103548 45% 40 39115 5003  8%
c s 212.26 92 62 144 112605 3171450 103463 45% 40 39103 5003  8%
c - 212.68 109 63 145 112605 3175840 71706 45% 40 39103 5003  8%
c - 216.52 109 64 146 112626 3219641 70510 47% 39 39103 5003  8%
c B 217.86 109 62 146 112635 3240171 88967 46% 37 39103 5003  8%
c - 220.00 109 67 147 112637 3263742 71224 47% 40 39103 5003  8%
c - 224.54 109 71 148 112638 3308145 71534 49% 45 39103 5003  8%
c W 226.73 109 72 148 112638 3321172 83797 49% 46 39103 5003  8%
c d 227.62 109 72 148 112638 3330038 92057 49% 46 39103 5002  8%
c 2 227.63 109 72 148 112638 3330038 93692 49% 46 39102 5002  8%
c p 227.67 109 72 148 112638 3330038 96664 49% 46 39102 5002  8%
c - 229.76 109 71 149 112638 3352845 74773 49% 45 39102 5002  8%
c s 232.79 109 69 149 112639 3385032 104596 49% 44 39094 5002  8%
c v 232.88 109 69 149 112639 3385032 104596 49% 44 38783 5002  8%
c w 232.95 109 69 149 112639 3385032 104592 49% 44 38783 5002  8%
c e 232.97 109 69 149 112639 3385032 104004 49% 44 38796 5000  8%
c 
c  seconds     reductions          redundant    irredundant
c           MB       restarts              trail      variables
c            level          conflicts          glue        remaining
c 
c s 233.04 109 69 149 112639 3385032 103974 49% 44 38780 5000  8%
c - 234.33 109 69 150 112639 3397846 75214 50% 43 38780 5000  8%
c I 234.84 109 68 150 112639 3403174 80199 50% 43 38780 5000  8%
c - 238.53 109 62 151 112639 3443147 74314 50% 40 38780 5000  8%
c B 243.05 109 66 151 112639 3486177 115434 51% 43 38780 5000  8%
c - 243.36 81 66 152 112639 3488749 76617 51% 43 38780 5000  8%
c 3 245.75 81 67 152 112640 3515038 103070 52% 43 38780 5000  8%
c p 245.84 81 67 152 112640 3515038 105999 52% 43 38780 5000  8%
c - 247.72 82 68 153 112640 3534650 74972 52% 43 38780 5000  8%
c W 251.31 82 70 153 112640 3570178 107797 51% 43 38780 5000  8%
c - 252.42 78 70 154 112640 3580853 75238 51% 43 38780 5000  8%
c - 257.35 98 69 155 112640 3627356 75115 51% 44 38780 5000  8%
c O 260.92 98 68 155 112640 3655179 99600 51% 45 38780 5000  8%
c - 262.76 121 70 156 112640 3674156 78722 51% 45 38780 5000  8%
c p 266.29 121 69 156 112640 3705039 112707 51% 45 38780 5000  8%
c - 268.19 121 68 157 112640 3721256 78574 51% 44 38780 5000  8%
c B 270.47 121 67 157 112640 3741180 97627 52% 45 38780 5000  8%
c - 273.05 121 68 158 112646 3768656 79167 50% 45 38780 5000  8%
c - 277.71 121 70 159 112669 3816358 78842 50% 45 38780 5000  8%
c W 279.70 121 71 159 112670 3828182 89931 50% 46 38780 5000  8%
c 
c  seconds     reductions          redundant   irredundant
c           MB       restarts             trail      variables
c            level          conflicts         glue        remaining
c 
c - 281.68 121 65 160 112684 3864358 77973 46% 41 38780 5000  8%
c 3 283.32 121 60 160 112700 3900042 112112 43% 37 38780 5000  8%
c p 283.38 121 60 160 112700 3900042 114976 43% 37 38780 5000  8%
c - 283.88 71 57 161 112702 3912659 76205 41% 36 38780 5000  8%
c I 284.03 71 56 161 112702 3916183 79277 40% 36 38780 5000  8%
c - 288.11 94 57 162 112703 3961259 78097 44% 36 38780 5000  8%
c B 292.50 94 60 162 112725 4005185 117651 47% 39 38780 5000  8%
c - 293.06 114 60 163 112728 4010161 77729 47% 39 38780 5000  8%
c - 297.56 114 61 164 112744 4059362 77973 47% 42 38780 5000  8%
c ] 301.86 114 63 164 112760 4095011 109814 49% 45 38780 5000  8%
c { 301.86 114 23 164 112760 4095011 109814 23% 12 38780 5000  8%
c B 301.90 114 23 164 112794 4095188 109982 23% 12 38780 5000  8%
c 3 302.19 114 24 164 112954 4100047 116169 23% 12 38780 5000  8%
c p 302.26 114 24 164 112954 4100047 119189 23% 12 38780 5000  8%
c - 302.70 114 23 165 113216 4108862 78219 24% 12 38780 5000  8%
c - 304.35 58 19 166 113435 4158662 73996 25% 11 38780 5000  8%
c W 306.18 58 17 166 113505 4186190 95015 25% 10 38780 5000  8%
c s 306.78 58 18 166 114589 4194752 86759 25% 11 38776 5000  8%
c v 306.96 58 18 166 114589 4194752 86759 25% 11 38641 5000  8%
c w 307.07 58 18 166 114589 4194752 86716 25% 11 38641 5000  8%
c 
c  seconds    reductions          redundant   irredundant
c          MB       restarts             trail      variables
c           level          conflicts         glue        remaining
c 
c t 307.07 58 18 166 114589 4194752 86716 25% 11 38640 5000  8%
c e 307.08 58 18 166 114589 4194752 83753 25% 11 38776 4983  8%
c s 307.20 58 18 166 114589 4194752 81573 25% 11 38690 4983  8%
c - 308.14 65 20 167 116753 4208762 67530 25% 11 38690 4983  8%
c - 310.02 65 20 168 121985 4259164 76063 23% 11 38690 4983  8%
c F 310.47 65 19 168 122079 4278191 90750 23% 11 38690 4983  8%
c d 311.93 65 20 168 126114 4305047 112957 23% 11 38690 4981  8%
c 3 311.94 65 20 168 126114 4305047 114326 23% 11 38690 4981  8%
c 2 311.96 65 20 168 126114 4305047 114801 23% 11 38690 4981  8%
c p 312.00 65 20 168 126114 4305047 117773 23% 11 38690 4981  8%
c - 312.34 66 21 169 127242 4309866 80834 23% 12 38690 4981  8%
c - 314.77 66 20 170 130786 4360866 83101 23% 11 38690 4981  8%
c B 315.22 66 19 170 130826 4371193 91233 23% 11 38690 4981  8%
c - 316.81 66 21 171 139650 4412166 85858 22% 12 38690 4981  8%
c s 317.16 66 21 171 140149 4419475 88791 22% 12 38659 4981  8%
c v 317.23 66 21 171 140149 4419475 88791 22% 12 38659 4981  8%
c w 317.28 66 21 171 140149 4419475 88769 22% 12 38659 4981  8%
c t 317.28 66 21 171 140149 4419475 88767 22% 12 38659 4979  8%
c e 317.29 66 21 171 140149 4419475 88247 22% 12 38660 4973  8%
c s 317.37 66 21 171 140149 4419475 87867 22% 12 38656 4973  8%
c 
c  seconds    reductions          redundant    irredundant
c          MB       restarts              trail      variables
c           level          conflicts          glue        remaining
c 
c i 318.49 66 19 171 140681 4450863 112566 22% 11 38656 4972  8%
c - 318.99 66 19 172 140966 4463766 66973 21% 11 38652 4972  8%
c W 319.88 66 19 172 141128 4465197 68058 21% 11 38652 4972  8%
c d 322.50 66 22 172 146875 4515048 110181 21% 12 38652 4971  8%
c 3 322.51 66 22 172 146875 4515048 111514 21% 12 38652 4971  8%
c 3 322.51 66 22 172 146875 4515048 112077 21% 12 38652 4971  8%
c 2 322.53 66 22 172 146875 4515048 112076 21% 12 38652 4971  8%
c p 322.56 66 22 172 146875 4515048 114556 21% 12 38652 4971  8%
c - 322.60 66 22 173 147032 4515667 81223 21% 12 38652 4971  8%
c # 324.09 66 21 173 151777 4560201 115158 21% 12 38652 4971  8%
c - 324.55 66 21 174 152367 4567867 82145 21% 12 38652 4971  8%
c - 326.15 66 20 175 154227 4620367 81559 22% 11 38652 4971  8%
c s 326.93 66 18 175 154246 4650242 96353 23% 10 38613 4971  8%
c v 327.00 66 18 175 154246 4650242 96353 23% 10 38611 4971  8%
c w 327.04 66 18 175 154246 4650242 96342 23% 10 38611 4971  8%
c t 327.04 66 18 175 154246 4650242 96340 23% 10 38611 4971  8%
c e 327.04 66 18 175 154246 4650242 96009 23% 10 38615 4969  8%
c s 327.13 66 18 175 154246 4650242 94949 23% 10 38605 4969  8%
c i 327.23 66 18 175 154246 4654805 97896 23% 10 38605 4951  8%
c B 327.37 66 18 175 154529 4656202 99140 23% 10 38605 4951  8%
c 
c  seconds    reductions          redundant   irredundant
c          MB       restarts             trail      variables
c           level          conflicts         glue        remaining
c 
c - 328.33 66 20 176 158469 4673167 46760 23% 11 38532 4951  8%
c - 330.12 66 20 177 164532 4726268 72487 22% 11 38532 4951  8%
c d 330.21 66 20 177 164533 4730049 75528 22% 11 38532 4949  8%
c 3 330.22 66 20 177 164533 4730049 77013 22% 11 38532 4949  8%
c 3 330.22 66 20 177 164533 4730049 77564 22% 11 38532 4949  8%
c 2 330.23 66 20 177 164533 4730049 77561 22% 11 38532 4949  8%
c p 330.25 66 20 177 164533 4730049 80007 22% 11 38532 4949  8%
c W 332.01 66 20 177 165650 4753203 98700 23% 11 38532 4949  8%
c - 333.18 66 19 178 166748 4779668 83905 24% 11 38532 4949  8%
c - 335.24 66 21 179 177202 4833369 90232 23% 12 38532 4949  8%
c F 335.68 66 20 179 177242 4851206 103942 23% 12 38532 4949  8%
c s 337.18 66 20 179 178772 4886863 126554 21% 12 38499 4949  8%
c v 337.26 66 20 179 178772 4886863 126554 21% 12 38478 4949  8%
c w 337.32 66 20 179 178772 4886863 126520 21% 12 38478 4949  8%
c t 337.32 66 20 179 178772 4886863 126518 21% 12 38478 4949  8%
c e 337.33 66 20 179 178772 4886863 123776 21% 12 38666 4922  8%
c s 337.47 66 20 179 178772 4886863 123239 21% 12 38617 4922  8%
c - 337.52 66 20 180 178772 4887372 82726 21% 12 38617 4922  8%
c - 339.99 66 20 181 183405 4941672 87177 19% 12 38617 4922  8%
c d 340.37 66 20 181 184559 4950050 94054 20% 12 38617 4921  8%
c 
c  seconds    reductions          redundant   irredundant
c          MB       restarts             trail      variables
c           level          conflicts         glue        remaining
c 
c 3 340.38 66 20 181 184559 4950050 95365 20% 12 38617 4921  8%
c 3 340.38 66 20 181 184559 4950050 95993 20% 12 38617 4921  8%
c d 340.39 66 20 181 184559 4950050 95988 20% 12 38617 4920  8%
c p 340.42 66 20 181 184559 4950050 98163 20% 12 38617 4920  8%
c B 340.43 66 20 181 184559 4950208 98303 20% 12 38617 4920  8%
c - 342.29 67 20 182 188344 4996272 94009 18% 11 38617 4920  8%
c W 345.24 67 21 182 197032 5050210 137815 19% 12 38617 4920  8%
c - 345.33 67 21 183 197113 5051172 95273 19% 12 38617 4920  8%
c - 347.92 67 21 184 198922 5106372 91772 18% 12 38617 4920  8%
c s 348.81 67 19 184 199107 5130561 107484 17% 12 38605 4920  8%
c v 348.89 67 19 184 199107 5130561 107484 17% 12 38596 4920  8%
c w 348.93 67 19 184 199107 5130561 107461 17% 12 38596 4920  8%
c t 348.94 67 19 184 199107 5130561 107460 17% 12 38596 4920  8%
c e 348.94 67 19 184 199107 5130561 106777 17% 12 38607 4917  8%
c s 349.04 67 19 184 199107 5130561 106642 17% 12 38607 4917  8%
c ^ 349.04 67 19 184 199107 5130561 106642 17% 12 38607 4917  8%
c # 350.19 67 20 184 200312 5151211 122427 17% 12 38607 4917  8%
c - 350.89 67 20 185 200591 5161872 91324 17% 12 38607 4917  8%
c d 351.48 67 20 185 201693 5175050 101493 17% 12 38607 4915  8%
c 3 351.49 67 20 185 201693 5175050 102868 17% 12 38607 4915  8%
c 
c  seconds    reductions          redundant    irredundant
c          MB       restarts              trail      variables
c           level          conflicts          glue        remaining
c 
c 3 351.49 67 20 185 201693 5175050 103475 17% 12 38607 4915  8%
c 2 351.50 67 20 185 201693 5175050 103474 17% 12 38607 4915  8%
c p 351.52 67 20 185 201693 5175050 105729 17% 12 38607 4915  8%
c - 354.09 67 20 186 204646 5217672 95747 17% 11 38607 4915  8%
c B 356.39 67 21 186 209972 5253212 126530 18% 12 38607 4915  8%
c - 357.51 67 22 187 212642 5273772 102466 19% 12 38607 4915  8%
c - 359.74 67 22 188 218345 5330173 96895 21% 12 38607 4915  8%
c W 361.43 67 22 188 220350 5356216 118071 22% 12 38607 4915  8%
c s 362.61 67 22 188 223514 5380297 136740 22% 13 38602 4915  8%
c v 362.69 67 22 188 223514 5380297 136740 22% 13 38578 4915  8%
c w 362.75 67 22 188 223514 5380297 136726 22% 13 38578 4915  8%
c t 362.75 67 22 188 223514 5380297 136725 22% 13 38578 4915  8%
c e 362.80 67 22 188 223514 5380297 81876 22% 13 45896 4325  7%
c s 362.89 67 22 188 223514 5380297 81640 22% 13 45507 4325  7%
c e 362.90 67 22 188 223514 5380297 81640 22% 13 45536 4315  7%
c - 363.17 67 22 189 223592 5386874 59217 23% 13 45536 4315  7%
c d 363.65 67 20 189 223608 5405052 73704 23% 12 45536 4314  7%
c 3 363.66 67 20 189 223608 5405052 75520 23% 12 45536 4314  7%
c 3 363.66 67 20 189 223608 5405052 75810 23% 12 45536 4314  7%
c 2 363.67 67 20 189 223608 5405052 75809 23% 12 45536 4314  7%
c 
c  seconds    reductions          redundant   irredundant
c          MB       restarts             trail      variables
c           level          conflicts         glue        remaining
c 
c p 363.69 67 20 189 223608 5405052 77702 23% 12 45536 4314  7%
c - 364.74 67 20 190 225824 5443875 74169 22% 12 45536 4314  7%
c F 365.26 67 21 190 226319 5460217 88328 23% 12 45536 4314  7%
c - 366.85 67 22 191 231987 5501175 84753 22% 12 45536 4314  7%
c - 368.66 67 22 192 239058 5558775 87820 19% 13 45536 4314  7%
c B 368.94 67 22 192 239509 5565220 93275 19% 13 45536 4314  7%
c - 370.89 67 22 193 244757 5616675 87892 19% 13 45536 4314  7%
c i 371.71 67 22 193 246516 5636538 103685 19% 13 45536 4313  7%
c d 371.93 67 23 193 246806 5640052 106768 19% 13 45278 4312  7%
c d 371.94 67 23 193 246806 5640052 106768 19% 13 45276 4311  7%
c 2 371.96 67 23 193 246806 5640052 108499 19% 13 45276 4311  7%
c p 371.98 67 23 193 246806 5640052 110346 19% 13 45276 4311  7%
c W 373.75 67 22 193 247150 5671221 135399 21% 12 45276 4311  7%
c s 374.10 67 22 193 247398 5672662 134427 21% 12 45202 4311  7%
c v 374.20 67 22 193 247398 5672662 134427 21% 12 45168 4311  7%
c w 374.26 67 22 193 247398 5672662 134383 21% 12 45168 4311  7%
c t 374.26 67 22 193 247398 5672662 134381 21% 12 45162 4311  7%
c e 374.27 67 22 193 247398 5672662 133232 21% 12 45172 4294  7%
c s 374.41 67 22 193 247398 5672662 132953 21% 12 45169 4294  7%
c - 374.50 67 22 194 247419 5674876 88340 21% 12 45169 4294  7%
c 
c  seconds    reductions          redundant   irredundant
c          MB       restarts             trail      variables
c           level          conflicts         glue        remaining
c 
c - 376.43 67 21 195 249965 5733376 87528 20% 12 45169 4294  7%
c # 378.02 67 22 195 256954 5778222 123323 19% 12 45169 4294  7%
c - 378.48 67 21 196 258152 5792177 89669 19% 12 45169 4294  7%
c - 380.30 67 22 197 267085 5851277 89870 20% 13 45169 4294  7%
c d 381.14 67 21 197 270795 5880052 112503 19% 14 45169 4292  7%
c 3 381.15 67 21 197 270795 5880052 114286 19% 14 45169 4292  7%
c 2 381.17 67 21 197 270795 5880052 114285 19% 14 45169 4292  7%
c p 381.20 67 21 197 270795 5880052 116185 19% 14 45169 4292  7%
c B 381.67 67 22 197 271413 5886226 121862 20% 14 45169 4292  7%
c - 382.65 68 23 198 273695 5910678 88855 20% 14 45169 4292  7%
c - 385.04 68 23 199 276722 5970379 88546 20% 14 45169 4292  7%
c s 385.19 68 23 199 276758 5971418 88661 20% 14 45164 4292  7%
c v 385.27 68 23 199 276758 5971418 88661 20% 14 45054 4292  7%
c w 385.31 68 23 199 276758 5971418 88649 20% 14 45054 4292  7%
c t 385.31 68 23 199 276758 5971418 88648 20% 14 45054 4292  7%
c e 385.32 68 23 199 276758 5971418 88598 20% 14 45081 4290  7%
c s 385.44 68 23 199 276758 5971418 88492 20% 14 45073 4290  7%
c W 387.17 68 24 199 277630 5995227 107827 21% 13 45073 4290  7%
c - 388.23 68 23 200 278797 6030379 90024 20% 13 45073 4290  7%
c - 390.03 68 21 201 281677 6090680 88864 18% 13 45073 4290  7%
c 
c  seconds    reductions          redundant   irredundant
c          MB       restarts             trail      variables
c           level          conflicts         glue        remaining
c 
c F 390.35 68 21 201 281888 6105228 99415 18% 13 45073 4290  7%
c 3 391.32 68 21 201 282933 6125054 116972 20% 13 45073 4290  7%
c p 391.37 68 21 201 282933 6125054 118908 20% 13 45073 4290  7%
c - 391.97 68 20 202 283080 6151284 87492 21% 13 45073 4290  7%
c - 394.35 68 21 203 288620 6212187 89454 21% 13 45073 4290  7%
c B 394.56 68 21 203 288804 6216230 92973 21% 13 45073 4290  7%
c - 397.43 68 22 204 294578 6273388 96610 19% 12 45073 4290  7%
c s 397.75 68 22 204 294578 6276809 98558 19% 12 45057 4290  7%
c v 397.84 68 22 204 294578 6276809 98558 19% 12 44634 4290  7%
c w 397.91 68 22 204 294578 6276809 98526 19% 12 44634 4290  7%
c e 397.92 68 22 204 294578 6276809 98506 19% 12 44662 4285  7%
c s 398.18 68 22 204 294578 6276809 98180 19% 12 44656 4285  7%
c W 401.65 68 21 204 297696 6328232 139179 20% 12 44656 4285  7%
c - 401.91 68 21 205 299185 6334888 99513 19% 12 44656 4285  7%
c 3 403.60 68 21 205 301197 6375054 134328 21% 12 44656 4285  7%
c p 403.66 68 21 205 301197 6375054 136262 21% 12 44656 4285  7%
c - 404.62 68 22 206 304953 6396689 99688 21% 12 44656 4285  7%
c # 406.52 68 23 206 309216 6441234 136202 21% 13 44656 4285  7%
c - 407.06 68 23 207 311443 6458789 96246 20% 13 44656 4285  7%
c - 409.13 68 21 208 315719 6521191 92351 19% 13 44656 4285  7%
c 
c  seconds    reductions          redundant    irredundant
c          MB       restarts              trail      variables
c           level          conflicts          glue        remaining
c 
c B 409.81 68 20 208 316603 6555235 118087 20% 13 44656 4285  7%
c - 410.65 68 20 209 320486 6583891 88927 20% 13 44656 4285  7%
c s 410.86 68 20 209 320503 6587908 92125 20% 13 44652 4285  7%
c v 410.94 68 20 209 320503 6587908 92125 20% 13 44282 4285  7%
c w 410.99 68 20 209 320503 6587908 92122 20% 13 44282 4285  7%
c t 410.99 68 20 209 320503 6587908 92120 20% 13 44282 4285  7%
c e 411.00 68 20 209 320503 6587908 91661 20% 13 44367 4270  7%
c s 411.09 68 20 209 320503 6587908 91602 20% 13 44360 4270  7%
c d 412.54 68 20 209 324886 6630055 124643 20% 13 44360 4269  7%
c 3 412.55 68 20 209 324886 6630055 125643 20% 13 44360 4269  7%
c 3 412.56 68 20 209 324886 6630055 126198 20% 13 44360 4269  7%
c d 412.57 68 20 209 324886 6630055 126185 20% 13 44360 4268  7%
c 2 412.58 68 20 209 324886 6630055 126184 20% 13 44360 4268  7%
c p 412.61 68 20 209 324886 6630055 128119 20% 13 44360 4268  7%
c - 413.33 68 21 210 326569 6646891 91196 20% 13 44360 4268  7%
c W 415.03 68 21 210 329028 6670237 111273 20% 13 44360 4268  7%
c - 416.14 68 20 211 332769 6710193 93264 18% 13 44360 4268  7%
c - 418.24 68 20 212 341784 6773796 93600 18% 13 44360 4268  7%
c F 418.73 68 20 212 343605 6786238 103254 18% 14 44360 4268  7%
c - 420.45 70 20 213 346727 6837697 96423 21% 13 44360 4268  7%
c 
c  seconds    reductions          redundant    irredundant
c          MB       restarts              trail      variables
c           level          conflicts          glue        remaining
c 
c p 422.69 70 20 213 348151 6890055 142507 21% 12 44360 4268  7%
c - 423.37 70 20 214 350571 6901897 98550 21% 12 44360 4268  7%
c B 423.40 70 20 214 350914 6903239 99555 21% 12 44360 4268  7%
c s 423.81 70 21 214 351260 6905342 100599 21% 12 44354 4268  7%
c v 423.90 70 21 214 351260 6905342 100599 21% 12 44349 4268  7%
c w 423.96 70 21 214 351260 6905342 100583 21% 12 44349 4268  7%
c s 424.13 70 21 214 351260 6905342 100499 21% 12 44346 4268  7%
c - 426.73 70 20 215 355441 6966398 103596 21% 12 44346 4268  7%
c W 429.32 70 20 215 364177 7021241 144767 19% 13 44346 4268  7%
c - 429.98 72 20 216 365556 7031199 100278 19% 13 44346 4268  7%
c - 432.95 72 23 217 375037 7096300 100295 18% 13 44346 4268  7%
c # 434.89 72 23 217 379409 7140242 135903 18% 13 44346 4268  7%
c p 435.40 72 23 217 381406 7155055 152018 18% 13 44346 4268  7%
c - 435.84 72 23 218 382225 7161700 102891 18% 13 44346 4268  7%
c - 439.25 76 25 219 388098 7227400 106219 19% 13 44346 4268  7%
c s 439.51 76 25 219 388119 7229551 107377 19% 13 44339 4268  7%
c v 439.60 76 25 219 388119 7229551 107377 19% 13 44304 4268  7%
c w 439.67 76 25 219 388119 7229551 107363 19% 13 44304 4268  7%
c t 439.68 76 25 219 388119 7229551 107362 19% 13 44304 4268  7%
c s 439.86 76 25 219 388119 7229551 107239 19% 13 44302 4268  7%
c 
c  seconds    reductions          redundant    irredundant
c          MB       restarts              trail      variables
c           level          conflicts          glue        remaining
c 
c B 441.28 76 24 219 389584 7260244 133176 20% 13 44302 4268  7%
c - 442.37 76 23 220 390504 7293403 109949 20% 12 44302 4268  7%
c - 445.07 76 21 221 394434 7359704 109301 20% 12 44302 4268  7%
c W 446.77 76 22 221 398522 7381245 127482 20% 13 44302 4268  7%
c d 448.16 76 22 221 404665 7425061 163203 20% 13 44302 4267  7%
c 3 448.17 76 22 221 404665 7425061 164785 20% 13 44302 4267  7%
c 2 448.19 76 22 221 404665 7425061 164782 20% 13 44302 4267  7%
c p 448.22 76 22 221 404665 7425061 166642 20% 13 44302 4267  7%
c - 448.29 76 22 222 404981 7426304 107748 20% 13 44302 4267  7%
c - 450.74 76 22 223 410436 7493204 102371 19% 13 44302 4267  7%
c F 451.23 76 22 223 411657 7503247 110612 20% 13 44302 4267  7%
c s 453.36 76 21 223 413281 7560375 157916 19% 13 44158 4267  7%
c v 453.45 76 21 223 413281 7560375 157916 19% 13 44123 4267  7%
c w 453.54 76 21 223 413281 7560375 157912 19% 13 44123 4267  7%
c e 453.56 76 21 223 413281 7560375 157866 19% 13 44164 4258  7%
c s 453.69 76 21 223 413281 7560375 157791 19% 13 44144 4258  7%
c e 453.70 76 21 223 413281 7560375 157791 19% 13 44155 4257  7%
c - 453.74 76 21 224 413281 7560405 106559 19% 13 44155 4257  7%
c B 456.10 76 21 224 420625 7626248 158553 20% 13 44155 4257  7%
c - 456.36 76 21 225 420864 7627907 103538 20% 13 44155 4257  7%
c 
c  seconds    reductions          redundant    irredundant
c          MB       restarts              trail      variables
c           level          conflicts          glue        remaining
c 
c - 458.46 76 21 226 424489 7695708 103361 22% 13 44155 4257  7%
c 3 458.57 76 21 226 424526 7700062 107943 22% 13 44155 4257  7%
c p 458.61 76 21 226 424526 7700062 110277 22% 13 44155 4257  7%
c 
c caught signal 15 (SIGTERM)
c 
c --- [ result ] -------------------------------------------------------------
c 
c UNKNOWN
c 
c --- [ run-time profiling ] -------------------------------------------------
c 
c process time taken by individual solving procedures
c (percentage relative to process time for solving)
c 
c       445.77   96.94% search
c       230.78   50.19% stable
c       196.18   42.67% unstable
c        18.80    4.09% walk
c        14.05    3.06% simplify
c         5.88    1.28% subsume
c         4.01    0.87% vivify
c         1.49    0.32% probe
c         0.82    0.18% elim
c         0.67    0.15% ternary
c         0.05    0.01% parse
c         0.01    0.00% lucky
c   =================================
c       459.82   99.99% solve
c 
c last line shows process time for solving
c (percentage relative to total process time)
c 
c --- [ statistics ] ---------------------------------------------------------
c 
c blocked:                       0         0.00 %  of irredundant clauses
c   blockings:                   0         0.00    internal
c   candidates:                  0         0.00    per blocking 
c   blockres:                    0         0.00    per candidate
c   pure:                        0         0.00 %  of all variables
c   pureclauses:                 0         0.00    per pure literal
c chronological:           1663613        21.52 %  of conflicts
c compacts:                      6   1288510.00    interval
c conflicts:               7731060     16813.16    per second
c   backtracked:           9615693       124.38 %  of conflicts
c conditioned:                   0         0.00 %  of irredundant clauses
c   conditionings:               0         0.00    interval
c   condcands:                   0         0.00    candidate clauses
c   condassinit:                 0.0       0.00 %  initial assigned
c   condcondinit:                0.0       0.00 %  initial condition
c   condautinit:                 0.0       0.00 %  initial autarky
c   condassrem:                  0.0       0.00 %  final assigned
c   condcondrem:                 0.000     0.00 %  final conditional
c   condautrem:                  0.000     0.00 %  final autarky
c   condprops:                   0         0.00    per candidate
c covered:                       0         0.00 %  of irredundant clauses
c   coverings:                   0         0.00    interval
c   asymmetric:                  0         0.00 %  of covered clauses
c   blocked:                     0         0.00 %  of covered clauses
c decisions:              17129432     37252.31    per second
c   searched:             69846501         4.08    per decision
c eliminated:                51964        82.23 %  of all variables
c   elimphases:                 49    157776.73    interval
c   elimrounds:                 93         1.90    per phase
c   elimtried:              108473        47.91 %  eliminated
c   elimgates:               25003        23.05 %  gates per tried
c   elimequivs:                135         0.54 %  equivalence gates
c   elimands:                24866        99.45 %  and gates
c   elimites:                    2         0.01 %  if-then-else gates
c   elimxors:                    0         0.00 %  xor gates
c   elimsubst:                1627         3.13 %  substituted
c   elimres:               1336527        25.72    per eliminated
c   elimrestried:          1240411        92.81 %  per resolution
c ext.prop. calls:               0         0.00 %  of queries
c   propagating:                 0         0.00 %  per eprop-call
c   explained:                   0         0.00 %  per eprop-call
c   falsified:                   0         0.00 %  per eprop-call
c ext.clause calls:              0         0.00 %  of queries
c   learned:                     0         0.00 %  per called
c   conflicting:                 0         0.00 %  per learned
c   propagating:                 0         0.00 %  per learned
c ext.final check:               0         0.00 %  of queries
c fixed:                      6701        10.60 %  of all variables
c   failed:                     70         0.11 %  of all variables
c   probefailed:                58        82.86 %  per failed
c   transredunits:              10        14.29 %  per failed
c   probingphases:              55    140564.73    interval
c   probesuccess:               41        74.55 %  phases
c   probingrounds:              55         1.00    per phase
c   probed:                 155669      2223.84    per failed
c   hbrs:                   217968         1.40    per probed
c   hbrsizes:               868689         3.99    per hbr
c   hbreds:                 213951        98.16 %  per hbr
c   hbrsubs:                   869         0.40 %  per hbr
c   units:                      36    214751.67    interval
c   binaries:                 1812      4266.59    interval
c flushed:                       0         0.00 %  per conflict
c   hyper:                       0         0.00 %  per conflict
c   flushings:                   0         0.00    interval
c instantiated:                  0         0.00 %  of tried
c   instrounds:                  0         0.00 %  of elimrounds
c learned:                 7558999        97.77 %  per conflict
c   bumped:              327689381        43.35    per learned
c   recomputed:           31444932       415.99 %  per learned
c   promoted1:               35277         0.47 %  per learned
c   promoted2:              179062         2.37 %  per learned
c   improvedglue:          2989567        39.55 %  per learned
c lucky:                         0         0.00 %  of tried
c   constantzero                 0         0.00 %  of tried
c   constantone                  0         0.00 %  of tried
c   backwardone                  0         0.00 %  of tried
c   backwardzero                 0         0.00 %  of tried
c   forwardone                   0         0.00 %  of tried
c   forwardzero                  0         0.00 %  of tried
c   positivehorn                 0         0.00 %  of tried
c   negativehorn                 0         0.00 %  of tried
c   extendbytes:           3613508         3.45    bytes and MB
c learned_lits:          548560340       100.00 %  learned literals
c minimized:                     0         0.00 %  learned literals
c shrunken:              162975473        29.71 %  learned literals
c minishrunken:           63456208        11.57 %  learned literals
c otfs:                      30156         0.39 %  of conflict
c   subsumed                  2348         0.03 %  of conflict
c   strengthened             27808         0.36 %  of conflict
c propagations:         1974228829         4.29 M  per second
c   coverprops:                  0         0.00 %  of propagations
c   probeprops:            4891358         0.25 %  of propagations
c   searchprops:        1661762851        84.17 %  of propagations
c   transredprops:         1170670         0.06 %  of propagations
c   vivifyprops:          33194659         1.68 %  of propagations
c   walkprops:           273209291        13.84 %  of propagations
c reactivated:                   0         0.00 %  of all variables
c reduced:                 6123289        79.20 %  per conflict
c   reductions:                226     34208.23    interval
c   collections:               235     32898.13    interval
c rephased:                    123     62854.15    interval
c   rephasedbest:               41        33.33 %  rephased best
c   rephasedflip:               13        10.57 %  rephased flipping
c   rephasedinv:                 9         7.32 %  rephased inverted
c   rephasedorig:                9         7.32 %  rephased original
c   rephasedrand:               12         9.76 %  rephased random
c   rephasedwalk:               39        31.71 %  rephased walk
c rescored:                    399     19376.09    interval
c restarts:                 426594        18.12    interval
c   reused:                 371135        87.00 %  per restart
c   reusedlevels:          4081017        33.70 %  per restart levels
c restored:                      0         0.00 %  per weakened
c   restorations:                0         0.00 %  per extension
c   literals:                    0         0.00    per restored clause
c stabilizing:                   6        35.31 %  of conflicts
c   restartstab:               630         0.15 %  of all restarts
c   reusedstab:                601        95.40 %  per stable restarts
c substituted:                 274         0.43 %  of all variables
c   decompositions:            225         4.09    per phase
c subsumed:                1075925         6.59 %  of all clauses
c   subsumephases:              49    157776.73    interval
c   subsumerounds:              98         2.00    per phase
c   deduplicated:               81         0.01 %  per subsumed
c   transreds:                  49    157776.73    interval
c   transitive:                662         0.06 %  per subsumed
c   subirr:                   9554         0.89 %  of subsumed
c   subred:                  73565         6.84 %  of subsumed
c   subtried:              4827930         4.49    tried per subsumed
c   subchecks:           819472314       169.74    per tried
c   subchecks2:           15823736         1.93 %  per subcheck
c   elimotfsub:                  0         0.00 %  of subsumed
c   elimbwsub:                1499         0.14 %  of subsumed
c   eagersub:               984888        91.54 %  of subsumed
c   eagertried:          166297186       168.85    tried per eagersub
c strengthened:             176166         1.08 %  of all clauses
c   elimotfstr:               4115         2.34 %  of strengthened
c   elimbwstr:                 145         0.08 %  of strengthened
c ternary:                  163011         1.18 %  of resolved
c   phases:                    110     70282.36    interval
c   htr3:                   162873        99.92 %  ternary hyper ternres
c   htr2:                      138         0.08 %  binary hyper ternres
c vivified:                   7793         0.05 %  of all clauses
c   vivifications:              49    157776.73    interval
c   vivifychecks:           420616         5.44 %  per conflict
c   vivifysched:           2682545        15.68 %  checks per scheduled
c   vivifyunits:                 0         0.00 %  per vivify check
c   vivifyinst:                584         0.14 %  per vivify check
c   vivifysubs:               4381         0.41 %  per subsumed
c   vivifystrs:               3412         1.94 %  per strengthened
c   vivifystrirr:             1204        35.29 %  per vivifystrs
c   vivifystred1:               35         1.03 %  per vivifystrs
c   vivifystred2:             1259        36.90 %  per vivifystrs
c   vivifystred3:              914        26.79 %  per vivifystrs
c   vivifydecs:            1849263         4.40    per checks
c   vivifyreused:           631173        34.13 %  per decision
c walked:                       39    198232.31    interval
c   flips:                23068240         1.23 M  per second
c   minimum:                    16         0.01 %  clauses
c   broken:             1094756900        47.46    per flip
c weakened:                 139526         3.47    average size
c   extensions:                  0         0.00    interval
c   flipped:                     0         0.00    per weakened
c 
c seconds are measured in process time for solving
c 
c --- [ resources ] ----------------------------------------------------------
c 
c total process time since initialization:       459.87    seconds
c total real time since initialization:          460.16    seconds
c maximum resident set size of process:          131.93    MB
c 
c raising signal 15 (SIGTERM)
