c --- [ banner ] -------------------------------------------------------------
c 
c CaDiCaL SAT Solver
c Copyright (c) 2016-2023 A. Biere, M. Fleury, N. Froleyks, K. Fazekas, F. Pollitt
c 
c Version 1.7.3
c g++-13.2.0
c Feb 11 2024 04:08:27
c 
c --- [ limit ] --------------------------------------------------------------
c 
c setting time limit to 28798 seconds real time (due to '-t 28798')
c 
c --- [ proof tracing ] ------------------------------------------------------
c 
c opening file to write '/root/projects/maph/discovery/out/cover-23-6-2-bounded-20260807/222-double-share.drat'
c writing non-binary proof trace to '/root/projects/maph/discovery/out/cover-23-6-2-bounded-20260807/222-double-share.drat'
c 
c --- [ parsing input ] ------------------------------------------------------
c 
c reading DIMACS file from '/root/projects/maph/discovery/out/cover-23-6-2-bounded-20260807/222-double-share.cnf'
c opening file to read '/root/projects/maph/discovery/out/cover-23-6-2-bounded-20260807/222-double-share.cnf'
c found 'p cnf 65228 139977' header
c parsed 139977 clauses in 0.06 seconds process time
c closing file '/root/projects/maph/discovery/out/cover-23-6-2-bounded-20260807/222-double-share.cnf'
c 
c --- [ options ] ------------------------------------------------------------
c 
c   --binary=false                 (different from default 'true')
c 
c --- [ solving ] ------------------------------------------------------------
c 
c time measured in process time since initialization
c 
c  seconds  reductions  redundant  irredundant
c         MB    restarts       trail       variables
c          level   conflicts       glue         remaining
c 
c *  0.06 28  0 0   0    0    0  0% 0 124195 57315 88%
c {  0.07 29  0 0   0    0    0  0% 0 124195 57315 88%
c i  0.07 29 25 0   0    8    4 22% 3 124195 56860 87%
c i  0.07 29 27 0   0   12    7 22% 3 124195 56858 87%
c i  0.08 30 44 0  22  182  151 21% 5 124195 56766 87%
c i  0.09 30 39 0  36  288  246 21% 4 124195 56704 87%
c i  0.09 30 39 0  36  289  246 21% 4 124195 56583 87%
c -  0.10 30 39 1  36  300  253 20% 4 114517 56583 87%
c i  0.13 30 39 1 103  926  773 20% 5 114517 56490 87%
c -  0.15 35 38 2 103  939  735 20% 5 114174 56480 87%
c }  0.15 35 37 2 104 1001  786 20% 5 114174 56480 87%
c [  0.15 35  0 2 104 1001  786  0% 0 114174 56480 87%
c O  0.15 35 24 2 104 1002  787 22% 6 114174 56480 87%
c -  0.22 35 51 3 104 1890 1464 31% 20 114174 56480 87%
c s  0.31 40 66 3 105 2235 1744 13% 23 109884 56480 87%
c v  0.33 41 66 3 105 2235 1744 13% 23 109882 56480 87%
c w  0.34 41 66 3 105 2235 1743 13% 23 109882 56480 87%
c t  0.35 41 66 3 105 2235 1737 13% 23 109437 56086 86%
c e  0.45 41 66 3 105 2235  138 13% 23 33300 7747 12%
c s  0.47 44 66 3 105 2235  133 13% 23 33121 7747 12%
c 
c  seconds  reductions  redundant   irredundant
c         MB    restarts       trail      variables
c          level   conflicts       glue        remaining
c 
c e  0.48 44 66 3 105 2235  133 13% 23 33118 7719 12%
c ]  0.51 44 77 3 105 3002  861  7% 22 33118 7719 12%
c {  0.51 44 37 3 105 3002  861 23% 5 33118 7719 12%
c F  0.51 44 37 3 105 3003  862 23% 5 33118 7719 12%
c -  0.52 38 38 4 128 3159  985 20% 5 33118 7719 12%
c i  0.53 38 41 4 153 3263 1074 19% 5 33118 7705 12%
c -  0.58 38 42 5 417 4660 1735 11% 7 33014 7702 12%
c 3  0.61 40 44 5 497 5000 9670 10% 7 33014 7702 12%
c 2  0.62 40 44 5 497 5000 9850 10% 7 33014 7702 12%
c p  0.64 40 44 5 497 5000 17503 10% 7 33014 7672 12%
c #  0.69 40 48 5 685 6006 18366  8% 8 33014 7672 12%
c -  0.73 40 49 6 787 6460 3090 26% 8 32813 7672 12%
c }  0.74 40 46 6 874 7004 3453 17% 9 32813 7672 12%
c [  0.74 40 77 6 874 7004 3453 53% 22 32813 7672 12%
c -  0.81 40 85 7 875 8562 3396 47% 26 32813 7672 12%
c I  0.87 40 81 7 876 10007 4741 42% 26 32813 7672 12%
c s  0.89 40 76 7 877 10641 5242 39% 25 31985 7672 12%
c v  0.90 40 76 7 877 10641 5242 39% 25 31941 7672 12%
c w  0.91 40 76 7 877 10641 5240 39% 25 31941 7672 12%
c t  0.91 40 76 7 877 10641 5235 39% 25 31908 7672 12%
c 
c  seconds  reductions   redundant   irredundant
c         MB    restarts        trail      variables
c          level    conflicts       glue        remaining
c 
c e  0.92 40 76 7 877 10641 4171 39% 25 31632 7426 11%
c s  0.92 40 76 7 877 10641 4159 39% 25 31590 7426 11%
c e  0.93 40 76 7 877 10641 4158 39% 25 31589 7424 11%
c -  0.95 40 76 8 877 10964 3379 40% 25 31589 7424 11%
c -  1.08 40 86 9 879 13664 4078 38% 35 31589 7424 11%
c 3  1.15 40 88 9 879 15001 9608 38% 36 31589 7424 11%
c 3  1.15 40 88 9 879 15001 10412 38% 36 31589 7424 11%
c p  1.17 40 88 9 879 15001 17743 38% 36 31589 7404 11%
c d  1.18 40 88 9 879 15001 16871 38% 36 31504 7403 11%
c ]  1.18 40 88 9 879 15006 16875 38% 36 31504 7403 11%
c {  1.18 40 46 9 879 15006 16875 17% 9 31504 7403 11%
c B  1.18 40 46 9 880 15008 16877 17% 9 31504 7403 11%
c -  1.25 40 43 10 1042 16664 4936 17% 9 31504 7403 11%
c i  1.26 40 43 10 1107 17223 5392 18% 9 31504 7386 11%
c -  1.36 40 46 11 1431 19965 5378 20% 9 31411 7386 11%
c W  1.40 40 45 11 1482 21009 6302 20% 9 31411 7386 11%
c s  1.49 40 45 11 1794 23176 7797 21% 9 31366 7386 11%
c v  1.51 40 45 11 1794 23176 7797 21% 9 31010 7386 11%
c w  1.51 40 45 11 1794 23176 7794 21% 9 31010 7386 11%
c t  1.51 40 45 11 1794 23176 7785 21% 9 31002 7386 11%
c 
c  seconds  reductions     redundant  irredundant
c         MB     restarts         trail     variables
c          level      conflicts       glue       remaining
c 
c e  1.52 40 45 11 1794 23176 6883 21% 9 30929 7322 11%
c s  1.52 40 45 11 1794 23176 6852 21% 9 30911 7322 11%
c e  1.53 40 45 11 1794 23176 6852 21% 9 30910 7321 11%
c -  1.55 40 45 12 1837 23569 5635 21% 9 30910 7321 11%
c -  1.66 40 44 13 2233 27469 6757 21% 9 30910 7321 11%
c F  1.67 40 43 13 2233 28011 7164 20% 9 30910 7321 11%
c d  1.73 40 41 13 2364 30001 8758 20% 9 30910 7317 11%
c 3  1.73 40 41 13 2364 30001 11839 20% 9 30910 7317 11%
c d  1.74 40 41 13 2364 30001 12463 20% 9 30910 7316 11%
c 2  1.74 40 41 13 2364 30001 12459 20% 9 30910 7316 11%
c p  1.75 40 41 13 2364 30001 18601 20% 9 30910 7316 11%
c d  1.75 40 41 13 2364 30001 18591 20% 9 30909 7314 11%
c }  1.79 40 40 13 2416 31008 19418 20% 9 30909 7314 11%
c [  1.79 40 88 13 2416 31008 19418 38% 36 30909 7314 11%
c -  1.82 40 85 14 2416 31670 8107 37% 35 30909 7314 11%
c B  1.99 40 78 14 2419 36012 12265 37% 32 30909 7314 11%
c -  2.00 40 78 15 2419 36174 9164 37% 32 30909 7314 11%
c s  2.19 40 82 15 2422 39800 12344 38% 33 30898 7314 11%
c v  2.20 40 82 15 2422 39800 12344 38% 33 30867 7314 11%
c w  2.20 40 82 15 2422 39800 12341 38% 33 30867 7314 11%
c 
c  seconds  reductions      redundant   irredundant
c         MB     restarts          trail      variables
c          level      conflicts        glue        remaining
c 
c t  2.20 40 82 15 2422 39800 12340 38% 33 30866 7314 11%
c e  2.21 40 82 15 2422 39800 12182 38% 33 30792 7277 11%
c s  2.21 40 82 15 2422 39800 12163 38% 33 30723 7277 11%
c -  2.30 40 82 16 2422 40975 8579 38% 33 30723 7277 11%
c W  2.56 40 83 16 2423 45014 12406 39% 36 30723 7277 11%
c -  2.63 40 84 17 2424 46075 8895 39% 36 30723 7277 11%
c d  2.86 40 86 17 2424 50001 12549 39% 39 30723 7276 11%
c 3  2.86 40 86 17 2424 50001 14976 39% 39 30723 7276 11%
c 3  2.86 40 86 17 2424 50001 15972 39% 39 30723 7276 11%
c 2  2.87 40 86 17 2424 50001 15971 39% 39 30723 7276 11%
c p  2.88 40 86 17 2424 50001 22235 39% 39 30723 7276 11%
c -  2.99 40 85 18 2424 51475 9490 39% 40 30723 7276 11%
c O  3.18 40 83 18 2425 55016 12858 39% 40 30723 7276 11%
c -  3.29 40 82 19 2427 57178 9915 39% 39 30723 7276 11%
c s  3.48 40 83 19 2429 60581 13108 39% 39 30723 7276 11%
c v  3.49 40 83 19 2429 60581 13108 39% 39 30639 7276 11%
c w  3.50 40 83 19 2429 60581 13108 39% 39 30639 7276 11%
c e  3.51 40 83 19 2429 60581 13108 39% 39 30533 7213 11%
c s  3.51 40 83 19 2429 60581 13099 39% 39 30467 7213 11%
c e  3.51 40 83 19 2429 60581 13099 39% 39 30467 7212 11%
c 
c  seconds  reductions      redundant   irredundant
c         MB     restarts          trail      variables
c          level      conflicts        glue        remaining
c 
c ]  3.64 40 84 19 2431 63008 15422 39% 39 30467 7212 11%
c {  3.64 40 40 19 2431 63008 15422 20% 9 30467 7212 11%
c -  3.66 40 41 20 2447 63179 10411 20% 9 30467 7212 11%
c B  3.78 40 39 20 2693 66019 12927 20% 9 30467 7212 11%
c -  3.90 40 37 21 2827 69480 10161 20% 9 30467 7212 11%
c i  3.96 40 34 21 2828 71664 11751 20% 9 30467 7207 11%
c d  4.10 40 35 21 3450 75003 12191 20% 9 30452 7200 11%
c 3  4.11 40 35 21 3450 75003 15157 20% 9 30452 7200 11%
c 3  4.11 40 35 21 3450 75003 15810 20% 9 30452 7200 11%
c d  4.11 40 35 21 3450 75003 15801 20% 9 30452 7199 11%
c 2  4.12 40 35 21 3450 75003 15795 20% 9 30452 7199 11%
c p  4.13 40 35 21 3450 75003 21832 20% 9 30452 7196 11%
c -  4.16 40 34 22 3726 76080 9817 20% 10 30443 7196 11%
c W  4.24 40 34 22 4052 78031 11328 20% 10 30443 7196 11%
c -  4.40 40 34 23 4459 82980 12206 20% 10 30443 7196 11%
c s  4.50 40 34 23 4759 85528 14069 20% 10 30431 7196 11%
c v  4.51 40 34 23 4759 85528 14069 20% 10 30344 7196 11%
c w  4.52 40 34 23 4759 85528 14060 20% 10 30344 7196 11%
c t  4.52 40 34 23 4759 85528 14053 20% 10 30344 7196 11%
c e  4.52 40 34 23 4759 85528 14038 20% 10 30278 7143 11%
c 
c  seconds  reductions      redundant   irredundant
c         MB     restarts          trail      variables
c          level      conflicts        glue        remaining
c 
c s  4.53 40 34 23 4759 85528 14009 20% 10 30183 7143 11%
c e  4.53 40 34 23 4759 85528 13902 20% 10 30167 7131 11%
c -  4.69 40 34 24 5572 90181 13447 20% 10 30167 7131 11%
c #  4.73 40 34 24 5733 91032 14239 20% 10 30167 7131 11%
c -  5.11 40 35 25 6552 97682 14886 20% 10 30167 7131 11%
c i  5.25 40 35 25 6933 101015 17741 20% 10 30167 7130 11%
c d  5.43 40 36 25 7403 105003 21103 21% 10 30164 7094 11%
c d  5.43 40 36 25 7403 105003 21084 21% 10 30164 7093 11%
c 3  5.44 40 36 25 7403 105003 24329 21% 10 30164 7093 11%
c 3  5.44 40 36 25 7403 105003 25036 21% 10 30164 7093 11%
c d  5.45 40 36 25 7403 105003 25018 21% 10 30164 7091 11%
c 2  5.45 40 36 25 7403 105003 25011 21% 10 30164 7091 11%
c p  5.47 40 36 25 7403 105003 31517 21% 10 30164 7076 11%
c d  5.48 40 36 25 7403 105003 31205 21% 10 30087 7065 11%
c B  5.48 40 36 25 7403 105034 31230 21% 10 30087 7065 11%
c -  5.51 40 36 26 7415 105482 16015 21% 10 30087 7065 11%
c i  5.58 40 36 26 7540 107129 17254 21% 10 30087 7060 11%
c -  5.84 40 35 27 8455 113583 16123 20% 11 30072 7060 11%
c s  5.89 40 36 27 8545 114660 16705 21% 11 30048 7060 11%
c v  5.91 40 36 27 8545 114660 16705 21% 11 30043 7060 11%
c 
c  seconds  reductions       redundant   irredundant
c         MB     restarts           trail      variables
c          level      conflicts         glue        remaining
c 
c w  5.91 40 36 27 8545 114660 16698 21% 11 30043 7060 11%
c t  5.91 40 36 27 8545 114660 16691 21% 11 30043 7060 11%
c e  5.92 40 36 27 8545 114660 16642 21% 11 30027 7044 11%
c s  5.93 40 36 27 8545 114660 16606 21% 11 30008 7044 11%
c e  5.93 40 36 27 8545 114660 16606 21% 11 30006 7042 11%
c W  6.20 40 36 27 9115 120036 21362 21% 11 30006 7042 11%
c -  6.30 40 36 28 9309 121983 17384 21% 11 30006 7042 11%
c }  6.50 40 36 28 9740 127009 21855 21% 11 30006 7042 11%
c [  6.50 40 84 28 9740 127009 21855 39% 39 30006 7042 11%
c -  6.66 40 83 29 9740 130684 18379 39% 38 30006 7042 11%
c B  6.86 40 85 29 9745 136037 23292 38% 39 30006 7042 11%
c -  7.07 40 84 30 9747 139684 18497 38% 38 30006 7042 11%
c d  7.09 40 84 30 9747 140003 18700 38% 38 30006 7017 11%
c 3  7.09 40 84 30 9747 140003 22032 38% 38 30006 7017 11%
c 3  7.10 40 84 30 9747 140003 22858 38% 38 30006 7017 11%
c d  7.10 40 84 30 9747 140003 22813 38% 38 30006 7012 11%
c 2  7.10 40 84 30 9747 140003 22808 38% 38 30006 7012 11%
c p  7.12 40 84 30 9747 140003 28582 38% 38 30006 7011 11%
c d  7.12 40 84 30 9747 140003 28543 38% 38 30001 7005 11%
c s  7.56 40 84 30 9748 148121 35808 38% 38 29987 7005 11%
c 
c  seconds  reductions       redundant   irredundant
c         MB     restarts           trail      variables
c          level      conflicts         glue        remaining
c 
c v  7.58 40 84 30 9748 148121 35808 38% 38 29967 7005 11%
c w  7.59 40 84 30 9748 148121 35800 38% 38 29967 7005 11%
c t  7.59 40 84 30 9748 148121 35792 38% 38 29963 7005 11%
c e  7.60 40 84 30 9748 148121 34348 38% 38 29958 6997 11%
c s  7.60 40 84 30 9748 148121 34288 38% 38 29940 6997 11%
c -  7.70 40 84 31 9748 148985 18100 38% 38 29940 6997 11%
c W  8.03 40 83 31 9749 153038 21823 38% 39 29940 6997 11%
c -  8.36 40 81 32 9749 158586 18250 38% 38 29940 6997 11%
c -  9.06 45 79 33 9750 168487 19095 38% 39 29940 6997 11%
c I  9.23 45 78 33 9752 171039 21432 38% 39 29940 6997 11%
c -  9.63 40 78 34 9756 178687 19608 39% 39 29940 6997 11%
c d  9.72 40 78 34 9756 180003 20830 39% 40 29940 6990 11%
c p  9.74 40 78 34 9756 180003 30080 39% 40 29940 6990 11%
c d  9.74 40 78 34 9756 180003 30062 39% 40 29940 6988 11%
c s 10.04 40 77 34 9760 185872 35146 39% 40 29940 6988 11%
c v 10.06 40 77 34 9760 185872 35146 39% 40 29928 6988 11%
c w 10.07 40 77 34 9760 185872 35142 39% 40 29928 6988 11%
c t 10.07 40 77 34 9760 185872 35140 39% 40 29928 6988 11%
c e 10.08 40 77 34 9760 185872 35123 39% 40 29924 6982 11%
c s 10.09 40 77 34 9760 185872 35107 39% 40 29891 6982 11%
c 
c  seconds  reductions       redundant   irredundant
c         MB     restarts           trail      variables
c          level      conflicts         glue        remaining
c 
c - 10.30 40 76 35 9763 189187 19361 38% 40 29891 6982 11%
c B 10.34 40 75 35 9763 190040 20070 38% 40 29891 6982 11%
c - 10.98 45 79 36 9764 199988 19763 38% 42 29891 6982 11%
c W 11.72 45 79 36 9771 210041 28755 38% 45 29891 6982 11%
c - 11.82 40 78 37 9771 211089 20192 38% 45 29891 6982 11%
c - 12.66 40 78 38 9778 222491 20689 39% 47 29891 6982 11%
c d 12.83 40 78 38 9778 225007 23070 39% 47 29891 6981 11%
c 3 12.84 40 78 38 9778 225007 25882 39% 47 29891 6981 11%
c d 12.85 40 78 38 9778 225007 27039 39% 47 29891 6980 11%
c p 12.86 40 78 38 9778 225007 32541 39% 47 29891 6980 11%
c s 13.10 40 78 38 9779 227832 34819 39% 47 29891 6980 11%
c v 13.12 40 78 38 9779 227832 34819 39% 47 29844 6980 11%
c w 13.13 40 78 38 9779 227832 34816 39% 47 29844 6980 11%
c e 13.14 40 78 38 9779 227832 34802 39% 47 29839 6972 11%
c s 13.14 40 78 38 9779 227832 34793 39% 47 29832 6972 11%
c e 13.15 40 78 38 9779 227832 34793 39% 47 29831 6971 11%
c O 13.38 40 78 38 9779 231043 37732 39% 48 29831 6971 11%
c - 13.55 46 77 39 9779 234191 21974 38% 47 29831 6971 11%
c - 14.29 40 92 40 9780 246192 21579 38% 51 29831 6971 11%
c B 14.78 40 98 40 9781 253044 27852 37% 54 29831 6971 11%
c 
c  seconds   reductions       redundant   irredundant
c         MB      restarts           trail      variables
c           level      conflicts         glue        remaining
c 
c ] 14.89 40 100 40 9781 255011 29719 37% 54 29831 6971 11%
c { 14.89 40 36 40 9781 255011 29719 21% 11 29831 6971 11%
c - 15.10 40 37 41 10175 258495 23219 21% 11 29831 6971 11%
c - 15.55 40 35 42 12277 271098 22579 21% 11 29831 6971 11%
c s 15.64 40 34 42 12301 273975 24381 21% 11 29830 6971 11%
c v 15.66 40 34 42 12301 273975 24381 21% 11 29725 6971 11%
c w 15.67 40 34 42 12301 273975 24375 21% 11 29725 6971 11%
c t 15.67 40 34 42 12301 273975 24371 21% 11 29725 6971 11%
c e 15.68 40 34 42 12301 273975 24371 21% 11 29712 6958 11%
c s 15.70 40 34 42 12301 273975 24301 21% 11 29707 6958 11%
c d 15.73 40 34 42 12301 275007 24962 21% 11 29707 6943 11%
c 3 15.74 40 34 42 12301 275007 28798 21% 11 29707 6943 11%
c d 15.75 40 34 42 12301 275007 28785 21% 11 29707 6942 11%
c p 15.76 40 34 42 12301 275007 34419 21% 11 29707 6941 11%
c d 15.76 40 34 42 12301 275007 34329 21% 11 29704 6939 11%
c F 15.81 40 34 42 12370 276045 35109 21% 11 29704 6939 11%
c - 16.10 40 33 43 12746 283999 24078 21% 11 29704 6939 11%
c - 16.68 40 33 44 13966 297199 26076 21% 11 29704 6939 11%
c B 16.82 40 33 44 14276 300046 28534 21% 11 29704 6939 11%
c - 17.22 40 31 45 14474 310699 25759 20% 11 29704 6939 11%
c 
c  seconds  reductions        redundant   irredundant
c         MB      restarts           trail      variables
c          level       conflicts         glue        remaining
c 
c i 17.48 40 29 45 14479 317022 30219 20% 11 29704 6938 11%
c s 17.89 40 30 45 15459 324233 35858 20% 11 29692 6938 11%
c v 17.92 40 30 45 15459 324233 35858 20% 11 29553 6938 11%
c w 17.94 40 30 45 15459 324233 35852 20% 11 29553 6938 11%
c t 17.94 40 30 45 15459 324233 35847 20% 11 29552 6938 11%
c e 17.95 40 30 45 15459 324233 35033 20% 11 29508 6895 11%
c s 17.96 40 30 45 15459 324233 34975 20% 11 29498 6895 11%
c - 17.99 40 30 46 15459 324499 19372 11% 11 29498 6895 11%
c W 18.10 40 30 46 15496 325047 19744 15% 11 29498 6895 11%
c d 18.31 40 30 46 16496 330009 24033 21% 11 29498 6863 11%
c 3 18.32 40 30 46 16496 330009 27239 21% 11 29498 6863 11%
c d 18.33 40 30 46 16496 330009 28079 21% 11 29498 6860 11%
c p 18.34 40 30 46 16496 330009 33185 21% 11 29498 6858 11%
c d 18.35 40 30 46 16496 330009 32982 21% 11 29492 6853 11%
c - 18.73 40 30 47 17988 338599 25444 20% 11 29492 6853 11%
c # 19.52 40 32 47 20145 351048 36926 23% 11 29492 6853 11%
c - 19.60 40 32 48 20322 352999 28338 23% 11 29492 6853 11%
c i 19.87 40 31 48 20555 361736 35558 22% 11 29492 6851 11%
c - 20.29 40 32 49 21599 367699 29368 23% 11 29486 6851 11%
c B 20.69 40 32 49 23561 378051 38114 22% 12 29486 6851 11%
c 
c  seconds  reductions        redundant   irredundant
c         MB      restarts           trail      variables
c          level       conflicts         glue        remaining
c 
c s 20.76 40 32 49 23690 378755 38355 22% 12 29474 6851 11%
c v 20.79 40 32 49 23690 378755 38355 22% 12 29425 6851 11%
c w 20.80 40 32 49 23690 378755 38344 22% 12 29425 6851 11%
c t 20.80 40 32 49 23690 378755 38330 22% 12 29425 6851 11%
c e 20.81 40 32 49 23690 378755 38263 22% 12 29421 6843 10%
c s 20.84 40 32 49 23690 378755 38173 22% 12 29421 6843 10%
c - 21.07 40 32 50 24127 382703 30494 22% 12 29421 6843 10%
c d 21.35 40 32 50 25608 390013 36907 22% 12 29421 6820 10%
c 3 21.36 40 32 50 25608 390013 40367 22% 12 29421 6820 10%
c d 21.37 40 32 50 25608 390013 41113 22% 12 29421 6816 10%
c 2 21.38 40 32 50 25608 390013 41112 22% 12 29421 6816 10%
c p 21.39 40 32 50 25608 390013 45497 22% 12 29421 6816 10%
c d 21.39 40 32 50 25608 390013 45485 22% 12 29421 6813 10%
c - 21.70 40 31 51 27066 398004 30412 21% 12 29421 6813 10%
c W 22.12 40 30 51 27245 406052 37259 22% 12 29421 6813 10%
c - 22.47 40 31 52 28292 413604 30806 22% 12 29421 6813 10%
c - 23.08 40 31 53 29476 429505 32631 23% 12 29421 6813 10%
c F 23.22 40 30 53 29505 435054 37152 23% 12 29421 6813 10%
c s 23.41 40 31 53 29895 437672 39400 23% 12 29419 6813 10%
c v 23.43 40 31 53 29895 437672 39400 23% 12 29411 6813 10%
c 
c  seconds  reductions        redundant   irredundant
c         MB      restarts           trail      variables
c          level       conflicts         glue        remaining
c 
c w 23.45 40 31 53 29895 437672 39397 23% 12 29411 6813 10%
c t 23.45 40 31 53 29895 437672 39390 23% 12 29411 6813 10%
c e 23.45 40 31 53 29895 437672 39353 23% 12 29407 6808 10%
c s 23.46 40 31 53 29895 437672 39323 23% 12 29404 6808 10%
c - 23.86 40 31 54 30622 445705 33100 23% 12 29404 6808 10%
c d 24.37 40 32 54 31974 455013 41338 23% 12 29404 6790 10%
c 3 24.38 40 32 54 31974 455013 44599 23% 12 29404 6790 10%
c 3 24.39 40 32 54 31974 455013 45528 23% 12 29404 6790 10%
c d 24.40 40 32 54 31974 455013 45490 23% 12 29404 6785 10%
c p 24.41 40 32 54 31974 455013 49929 23% 12 29404 6785 10%
c d 24.42 40 32 54 31974 455013 49905 23% 12 29404 6781 10%
c - 24.68 40 32 55 33525 462205 34344 22% 12 29404 6781 10%
c B 24.85 40 32 55 34087 465055 36874 22% 12 29404 6781 10%
c - 25.37 40 31 56 34765 479005 34111 22% 12 29404 6781 10%
c W 26.19 40 30 56 35605 496057 48485 22% 12 29404 6781 10%
c - 26.21 40 30 57 35605 496106 34989 22% 12 29404 6781 10%
c s 26.38 40 29 57 35636 500995 38519 22% 12 29401 6781 10%
c v 26.41 40 29 57 35636 500995 38519 22% 12 29385 6781 10%
c w 26.42 40 29 57 35636 500995 38517 22% 12 29385 6781 10%
c t 26.42 40 29 57 35636 500995 38510 22% 12 29385 6781 10%
c 
c  seconds  reductions        redundant   irredundant
c         MB      restarts           trail      variables
c          level       conflicts         glue        remaining
c 
c e 26.43 40 29 57 35636 500995 38485 22% 12 29384 6778 10%
c s 26.44 40 29 57 35636 500995 38460 22% 12 29383 6778 10%
c } 26.84 40 29 57 36092 511012 47180 22% 12 29383 6778 10%
c [ 26.84 40 100 57 36092 511012 47180 41% 54 29383 6778 10%
c - 26.92 40 98 58 36092 513507 35176 41% 53 29383 6778 10%
c d 27.56 40 95 58 36092 525015 46090 41% 48 29383 6772 10%
c 3 27.57 40 95 58 36092 525015 49156 41% 48 29383 6772 10%
c d 27.58 40 95 58 36092 525015 49914 41% 48 29383 6770 10%
c 2 27.58 40 95 58 36092 525015 49913 41% 48 29383 6770 10%
c p 27.60 40 95 58 36092 525015 54375 41% 48 29383 6770 10%
c W 27.98 40 96 58 36092 528058 57214 41% 49 29383 6770 10%
c - 28.24 50 97 59 36092 531208 37606 41% 48 29383 6770 10%
c - 29.64 40 95 60 36099 549208 35919 41% 48 29383 6770 10%
c I 30.73 40 90 60 36105 561059 47038 42% 47 29383 6770 10%
c - 31.13 44 86 61 36107 567509 35457 41% 46 29383 6770 10%
c s 31.22 44 86 61 36107 568711 36475 41% 45 29381 6770 10%
c v 31.25 44 86 61 36107 568711 36475 41% 45 29347 6770 10%
c w 31.26 44 86 61 36107 568711 36473 41% 45 29347 6770 10%
c t 31.26 44 86 61 36107 568711 36472 41% 45 29347 6770 10%
c e 31.27 44 86 61 36107 568711 35320 41% 45 29339 6759 10%
c 
c  seconds  reductions        redundant   irredundant
c         MB      restarts           trail      variables
c          level       conflicts         glue        remaining
c 
c s 31.28 44 86 61 36107 568711 35279 41% 45 29337 6759 10%
c - 32.30 44 77 62 36114 586112 35399 40% 42 29337 6759 10%
c B 32.82 44 74 62 36121 595062 43676 39% 41 29337 6759 10%
c d 33.18 44 75 62 36122 600018 48283 40% 41 29337 6757 10%
c p 33.21 44 75 62 36122 600018 56641 40% 41 29337 6757 10%
c - 33.67 44 74 63 36122 605013 36844 40% 42 29337 6757 10%
c - 35.53 44 72 64 36124 624213 36955 40% 42 29337 6757 10%
c W 36.18 44 71 64 36128 630065 42346 40% 42 29337 6757 10%
c s 36.50 44 67 64 36134 640723 50931 38% 40 29337 6757 10%
c v 36.53 44 67 64 36134 640723 50931 38% 40 29323 6757 10%
c w 36.55 44 67 64 36134 640723 50929 38% 40 29323 6757 10%
c e 36.56 44 67 64 36134 640723 50924 38% 40 29319 6751 10%
c s 36.57 44 67 64 36134 640723 50891 38% 40 29316 6751 10%
c - 36.75 44 66 65 36136 643714 36322 37% 40 29316 6751 10%
c - 38.53 44 65 66 36144 663515 36347 39% 40 29316 6751 10%
c O 38.79 44 65 66 36145 666067 38417 39% 40 29316 6751 10%
c d 39.82 44 68 66 36152 680018 51606 39% 40 29316 6748 10%
c 3 39.83 44 68 66 36152 680018 54484 39% 40 29316 6748 10%
c d 39.84 44 68 66 36152 680018 55316 39% 40 29316 6747 10%
c p 39.88 44 68 66 36152 680018 59932 39% 40 29316 6747 10%
c 
c  seconds  reductions        redundant   irredundant
c         MB      restarts           trail      variables
c          level       conflicts         glue        remaining
c 
c - 40.18 45 69 67 36153 683615 38755 39% 40 29316 6747 10%
c B 41.57 45 70 67 36154 703068 57169 39% 40 29316 6747 10%
c - 41.69 45 70 68 36154 704018 39589 39% 40 29316 6747 10%
c s 42.87 45 69 68 36155 716991 51744 40% 40 29316 6747 10%
c v 42.90 45 69 68 36155 716991 51744 40% 40 29309 6747 10%
c w 42.93 45 69 68 36155 716991 51741 40% 40 29309 6747 10%
c e 42.93 45 69 68 36155 716991 51741 40% 40 29308 6746 10%
c s 42.95 45 69 68 36155 716991 51730 40% 40 29308 6746 10%
c ^ 42.95 45 69 68 36155 716991 51730 40% 40 29308 6746 10%
c - 43.77 45 69 69 36155 724722 40375 40% 40 29308 6746 10%
c W 45.76 45 69 69 36156 741069 55220 40% 42 29308 6746 10%
c - 46.38 45 69 70 36156 745722 39982 41% 42 29308 6746 10%
c p 48.70 45 67 70 36156 765020 64164 41% 42 29308 6746 10%
c - 49.05 47 67 71 36156 767022 40899 41% 43 29308 6746 10%
c I 50.68 47 66 71 36156 780072 52279 42% 44 29308 6746 10%
c - 51.49 57 67 72 36156 788622 42165 41% 44 29308 6746 10%
c s 52.38 57 67 72 36156 797521 50244 41% 44 29308 6746 10%
c v 52.42 57 67 72 36156 797521 50244 41% 44 29304 6746 10%
c w 52.45 57 67 72 36156 797521 50240 41% 44 29304 6746 10%
c e 52.52 57 67 72 36156 797521 23421 41% 44 29556 6338 10%
c 
c  seconds  reductions        redundant   irredundant
c         MB      restarts           trail      variables
c          level       conflicts         glue        remaining
c 
c s 52.54 57 67 72 36156 797521 23377 41% 44 29543 6338 10%
c - 53.47 47 68 73 36159 810525 27426 41% 44 29543 6338 10%
c B 54.08 47 69 73 36164 820073 36491 41% 44 29543 6338 10%
c - 55.10 47 71 74 36171 832725 36709 40% 45 29543 6338 10%
c p 57.17 47 70 74 36180 855020 64260 39% 45 29543 6338 10%
c - 57.25 47 70 75 36180 855225 39595 39% 45 29543 6338 10%
c W 58.01 47 69 75 36184 861077 45148 39% 45 29543 6338 10%
c - 59.72 53 68 76 36187 878025 40388 39% 45 29543 6338 10%
c 
c caught signal 15 (SIGTERM)
c 
c --- [ result ] -------------------------------------------------------------
c 
c UNKNOWN
c 
c --- [ run-time profiling ] -------------------------------------------------
c 
c process time taken by individual solving procedures
c (percentage relative to process time for solving)
c 
c        58.30   96.19% search
c        42.56   70.23% stable
c        14.37   23.71% unstable
c         2.31    3.81% simplify
c         1.36    2.24% walk
c         0.58    0.96% vivify
c         0.55    0.91% subsume
c         0.37    0.62% elim
c         0.32    0.52% probe
c         0.21    0.35% ternary
c         0.06    0.10% parse
c         0.01    0.01% lucky
c   =================================
c        60.61   99.90% solve
c 
c last line shows process time for solving
c (percentage relative to total process time)
c 
c --- [ statistics ] ---------------------------------------------------------
c 
c blocked:                       0         0.00 %  of irredundant clauses
c   blockings:                   0         0.00    internal
c   candidates:                  0         0.00    per blocking 
c   blockres:                    0         0.00    per candidate
c   pure:                        0         0.00 %  of all variables
c   pureclauses:                 0         0.00    per pure literal
c chronological:            217911        24.56 %  of conflicts
c compacts:                      3    295802.33    interval
c conflicts:                887407     14642.32    per second
c   backtracked:           1180091       132.98 %  of conflicts
c conditioned:                   0         0.00 %  of irredundant clauses
c   conditionings:               0         0.00    interval
c   condcands:                   0         0.00    candidate clauses
c   condassinit:                 0.0       0.00 %  initial assigned
c   condcondinit:                0.0       0.00 %  initial condition
c   condautinit:                 0.0       0.00 %  initial autarky
c   condassrem:                  0.0       0.00 %  final assigned
c   condcondrem:                 0.000     0.00 %  final conditional
c   condautrem:                  0.000     0.00 %  final autarky
c   condprops:                   0         0.00    per candidate
c covered:                       0         0.00 %  of irredundant clauses
c   coverings:                   0         0.00    interval
c   asymmetric:                  0         0.00 %  of covered clauses
c   blocked:                     0         0.00 %  of covered clauses
c decisions:               2423532     39988.57    per second
c   searched:              9766874         4.03    per decision
c eliminated:                49385        75.71 %  of all variables
c   elimphases:                 19     46705.63    interval
c   elimrounds:                 37         1.95    per phase
c   elimtried:               69472        71.09 %  eliminated
c   elimgates:                6619         9.53 %  gates per tried
c   elimequivs:                 92         1.39 %  equivalence gates
c   elimands:                 6527        98.61 %  and gates
c   elimites:                    0         0.00 %  if-then-else gates
c   elimxors:                    0         0.00 %  xor gates
c   elimsubst:                1329         2.69 %  substituted
c   elimres:                522597        10.58    per eliminated
c   elimrestried:           482092        92.25 %  per resolution
c ext.prop. calls:               0         0.00 %  of queries
c   propagating:                 0         0.00 %  per eprop-call
c   explained:                   0         0.00 %  per eprop-call
c   falsified:                   0         0.00 %  per eprop-call
c ext.clause calls:              0         0.00 %  of queries
c   learned:                     0         0.00 %  per called
c   conflicting:                 0         0.00 %  per learned
c   propagating:                 0         0.00 %  per learned
c ext.final check:               0         0.00 %  of queries
c fixed:                      9262        14.20 %  of all variables
c   failed:                     33         0.05 %  of all variables
c   probefailed:                30        90.91 %  per failed
c   transredunits:               3         9.09 %  per failed
c   probingphases:              18     49300.39    interval
c   probesuccess:               16        88.89 %  phases
c   probingrounds:              18         1.00    per phase
c   probed:                  57725      1749.24    per failed
c   hbrs:                   100247         1.74    per probed
c   hbrsizes:               394324         3.93    per hbr
c   hbreds:                  98751        98.51 %  per hbr
c   hbrsubs:                   469         0.47 %  per hbr
c   units:                      17     52200.41    interval
c   binaries:                 1107       801.63    interval
c flushed:                       0         0.00 %  per conflict
c   hyper:                       0         0.00 %  per conflict
c   flushings:                   0         0.00    interval
c instantiated:                  0         0.00 %  of tried
c   instrounds:                  0         0.00 %  of elimrounds
c learned:                  868025        97.82 %  per conflict
c   bumped:               25016790        28.82    per learned
c   recomputed:            4015576       462.61 %  per learned
c   promoted1:                9538         1.10 %  per learned
c   promoted2:               15010         1.73 %  per learned
c   improvedglue:           348403        40.14 %  per learned
c lucky:                         0         0.00 %  of tried
c   constantzero                 0         0.00 %  of tried
c   constantone                  0         0.00 %  of tried
c   backwardone                  0         0.00 %  of tried
c   backwardzero                 0         0.00 %  of tried
c   forwardone                   0         0.00 %  of tried
c   forwardzero                  0         0.00 %  of tried
c   positivehorn                 0         0.00 %  of tried
c   negativehorn                 0         0.00 %  of tried
c   extendbytes:           2786104         2.66    bytes and MB
c learned_lits:           85575306       100.00 %  learned literals
c minimized:                     0         0.00 %  learned literals
c shrunken:               25362749        29.64 %  learned literals
c minishrunken:            9480157        11.08 %  learned literals
c otfs:                       2046         0.23 %  of conflict
c   subsumed                    84         0.01 %  of conflict
c   strengthened              1962         0.22 %  of conflict
c propagations:          304756417         5.03 M  per second
c   coverprops:                  0         0.00 %  of propagations
c   probeprops:            2196999         0.72 %  of propagations
c   searchprops:         268618922        88.14 %  of propagations
c   transredprops:         1092200         0.36 %  of propagations
c   vivifyprops:           5155421         1.69 %  of propagations
c   walkprops:            27692875         9.09 %  of propagations
c reactivated:                   0         0.00 %  of all variables
c reduced:                  688257        77.56 %  per conflict
c   reductions:                 76     11676.41    interval
c   collections:                80     11092.59    interval
c rephased:                     41     21644.07    interval
c   rephasedbest:               13        31.71 %  rephased best
c   rephasedflip:                4         9.76 %  rephased flipping
c   rephasedinv:                 4         9.76 %  rephased inverted
c   rephasedorig:                4         9.76 %  rephased original
c   rephasedrand:                3         7.32 %  rephased random
c   rephasedwalk:               13        31.71 %  rephased walk
c rescored:                     79     11233.00    interval
c restarts:                  36187        24.52    interval
c   reused:                  23110        63.86 %  per restart
c   reusedlevels:           219005        14.56 %  per restart levels
c restored:                      0         0.00 %  per weakened
c   restorations:                0         0.00 %  per extension
c   literals:                    0         0.00    per restored clause
c stabilizing:                   5        61.57 %  of conflicts
c   restartstab:               157         0.43 %  of all restarts
c   reusedstab:                146        92.99 %  per stable restarts
c substituted:                 243         0.37 %  of all variables
c   decompositions:             84         4.67    per phase
c subsumed:                  90110         3.72 %  of all clauses
c   subsumephases:              19     46705.63    interval
c   subsumerounds:              38         2.00    per phase
c   deduplicated:               26         0.03 %  per subsumed
c   transreds:                  19     46705.63    interval
c   transitive:                575         0.64 %  per subsumed
c   subirr:                   5992         6.65 %  of subsumed
c   subred:                   5174         5.74 %  of subsumed
c   subtried:              1159067        12.86    tried per subsumed
c   subchecks:            42373122        36.56    per tried
c   subchecks2:            2349501         5.54 %  per subcheck
c   elimotfsub:                  0         0.00 %  of subsumed
c   elimbwsub:                 600         0.67 %  of subsumed
c   eagersub:                77156        85.62 %  of subsumed
c   eagertried:           19096176       247.50    tried per eagersub
c strengthened:              27118         1.12 %  of all clauses
c   elimotfstr:               4590        16.93 %  of strengthened
c   elimbwstr:                   1         0.00 %  of strengthened
c ternary:                   74454         1.50 %  of resolved
c   phases:                     36     24650.19    interval
c   htr3:                    74400        99.93 %  ternary hyper ternres
c   htr2:                       54         0.07 %  binary hyper ternres
c vivified:                   1730         0.07 %  of all clauses
c   vivifications:              19     46705.63    interval
c   vivifychecks:            66937         7.54 %  per conflict
c   vivifysched:            729506         9.18 %  checks per scheduled
c   vivifyunits:                 0         0.00 %  per vivify check
c   vivifyinst:                148         0.22 %  per vivify check
c   vivifysubs:               1143         1.27 %  per subsumed
c   vivifystrs:                587         2.16 %  per strengthened
c   vivifystrirr:              249        42.42 %  per vivifystrs
c   vivifystred1:                4         0.68 %  per vivifystrs
c   vivifystred2:              178        30.32 %  per vivifystrs
c   vivifystred3:              156        26.58 %  per vivifystrs
c   vivifydecs:             255319         3.81    per checks
c   vivifyreused:            77300        30.28 %  per decision
c walked:                       13     68262.08    interval
c   flips:                 2007313         1.48 M  per second
c   minimum:                    20         0.01 %  clauses
c   broken:               85743196        42.72    per flip
c weakened:                 111630         3.24    average size
c   extensions:                  0         0.00    interval
c   flipped:                     0         0.00    per weakened
c 
c seconds are measured in process time for solving
c 
c --- [ resources ] ----------------------------------------------------------
c 
c total process time since initialization:        60.67    seconds
c total real time since initialization:           60.73    seconds
c maximum resident set size of process:           56.66    MB
c 
c raising signal 15 (SIGTERM)
