c --- [ banner ] -------------------------------------------------------------
c 
c CaDiCaL SAT Solver
c Copyright (c) 2016-2023 A. Biere, M. Fleury, N. Froleyks, K. Fazekas, F. Pollitt
c 
c Version 1.7.3
c g++-13.2.0
c Feb 11 2024 04:08:27
c 
c --- [ limit ] --------------------------------------------------------------
c 
c setting time limit to 28798 seconds real time (due to '-t 28798')
c 
c --- [ proof tracing ] ------------------------------------------------------
c 
c opening file to write '/root/projects/maph/discovery/out/cover-23-6-2-bounded-20260807/4.drat'
c writing non-binary proof trace to '/root/projects/maph/discovery/out/cover-23-6-2-bounded-20260807/4.drat'
c 
c --- [ parsing input ] ------------------------------------------------------
c 
c reading DIMACS file from '/root/projects/maph/discovery/out/cover-23-6-2-bounded-20260807/4.cnf'
c opening file to read '/root/projects/maph/discovery/out/cover-23-6-2-bounded-20260807/4.cnf'
c found 'p cnf 63196 136607' header
c parsed 136607 clauses in 0.06 seconds process time
c closing file '/root/projects/maph/discovery/out/cover-23-6-2-bounded-20260807/4.cnf'
c 
c --- [ options ] ------------------------------------------------------------
c 
c   --binary=false                 (different from default 'true')
c 
c --- [ solving ] ------------------------------------------------------------
c 
c time measured in process time since initialization
c 
c  seconds  reductions  redundant  irredundant
c         MB    restarts       trail       variables
c          level   conflicts       glue         remaining
c 
c *  0.06 28  0 0   0    0    0  0% 0 129198 58942 93%
c {  0.06 29  0 0   0    0    0  0% 0 129198 58942 93%
c i  0.07 30 68 0   0   22   21 17% 2 129198 58925 93%
c i  0.07 30 67 0   0   24   22 17% 2 129198 58908 93%
c i  0.07 30 32 0   3  101   84 11% 2 129198 58893 93%
c i  0.07 30 28 0   4  124  104 11% 2 129198 58836 93%
c i  0.07 30 30 0   9  158  135 11% 3 129198 58814 93%
c i  0.07 30 29 0  11  167  142 11% 3 129198 58798 93%
c i  0.07 30 29 0  11  168  142 11% 3 129198 58783 93%
c i  0.07 30 30 0  12  171  144 11% 3 129198 58782 93%
c i  0.08 30 37 0  33  244  214 13% 5 129198 58670 93%
c i  0.08 30 40 0  43  284  247 14% 5 129198 58656 93%
c i  0.08 30 40 0  44  294  252 14% 5 129198 58551 93%
c -  0.09 30 39 1  47  300  243 14% 5 122949 58518 93%
c i  0.10 30 39 1  55  338  276 14% 6 122949 58462 93%
c i  0.10 30 40 1  57  351  285 14% 6 122949 58365 92%
c i  0.10 30 40 1  57  353  286 14% 6 122949 58260 92%
c i  0.10 30 40 1  58  355  287 14% 6 122949 58224 92%
c i  0.10 30 42 1  71  421  344 15% 6 122949 57826 92%
c i  0.10 30 42 1  71  422  344 15% 6 122949 57713 91%
c 
c  seconds  reductions  redundant  irredundant
c         MB    restarts       trail       variables
c          level   conflicts       glue         remaining
c 
c i  0.10 30 42 1  72  423  344 15% 6 122949 57614 91%
c i  0.11 30 44 1  89  509  419 16% 6 122949 57592 91%
c i  0.11 30 45 1 100  561  469 16% 6 122949 57487 91%
c i  0.12 30 42 1 107  775  593 16% 5 122949 57436 91%
c -  0.15 36 43 2 118  954  657 16% 5 119429 57387 91%
c }  0.15 36 44 2 118 1002  697 16% 5 119429 57387 91%
c [  0.15 36  0 2 118 1002  697  0% 0 119429 57387 91%
c O  0.15 36 33 2 118 1003  698 19% 4 119429 57387 91%
c -  0.20 37 40 3 118 1925 1406 19% 16 119429 57387 91%
c i  0.20 37 39 3 119 2087 1556 19% 16 119429 57372 91%
c s  0.24 33 45 3 119 2265 1669 21% 16 115587 57372 91%
c v  0.26 37 45 3 119 2265 1669 21% 16 115585 57372 91%
c w  0.27 37 45 3 119 2265 1667 21% 16 115585 57372 91%
c t  0.28 37 45 3 119 2265 1653 21% 16 115230 56962 90%
c e  0.40 43 45 3 119 2265  137 21% 16 41660 9938 16%
c s  0.41 43 45 3 119 2265  121 21% 16 39915 9938 16%
c e  0.43 43 45 3 119 2265  116 21% 16 38318 9076 14%
c i  0.46 36 45 3 119 2266  116 16% 16 38318 8992 14%
c ]  0.49 36 57 3 119 3002  795 31% 19 38318 8992 14%
c {  0.49 36 44 3 119 3002  795 114% 5 38318 8992 14%
c 
c  seconds  reductions  redundant   irredundant
c         MB    restarts       trail      variables
c          level   conflicts        glue       remaining
c 
c F  0.49 36 44 3 119 3005  797 114% 5 38318 8922 14%
c i  0.49 36 44 3 119 3005  797 114% 5 38318 8917 14%
c -  0.50 36 45 4 162 3217  961 98% 6 37589 8917 14%
c i  0.51 36 45 4 190 3471 1161 84% 6 37589 8909 14%
c i  0.53 36 45 4 344 4102 1738 66% 8 37589 8906 14%
c i  0.55 36 47 4 433 4614 2131 57% 8 37589 8901 14%
c -  0.56 36 47 5 460 4719 1740 56% 8 37473 8900 14%
c i  0.56 36 47 5 482 4804 1818 55% 8 37473 8893 14%
c i  0.56 36 47 5 486 4821 1834 55% 8 37473 8872 14%
c d  0.57 36 47 5 499 5001 1959 53% 8 37175 8823 14%
c d  0.57 36 47 5 499 5001 1959 53% 8 37173 8822 14%
c 3  0.58 36 47 5 499 5001 11153 53% 8 37173 8822 14%
c 3  0.58 36 47 5 499 5001 11415 53% 8 37173 8822 14%
c d  0.59 36 47 5 499 5001 11412 53% 8 37171 8821 14%
c 2  0.59 36 47 5 499 5001 11409 53% 8 37155 8756 14%
c p  0.61 36 47 5 499 5001 19050 53% 8 37155 8673 14%
c d  0.61 36 47 5 499 5001 18119 53% 8 36575 8663 14%
c d  0.61 36 47 5 499 5001 18118 53% 8 36562 8658 14%
c #  0.65 36 45 5 608 6006 19024 46% 8 36562 8658 14%
c -  0.67 36 43 6 648 6520 3220 43% 8 36562 8658 14%
c 
c  seconds  reductions  redundant  irredundant
c         MB    restarts       trail     variables
c          level   conflicts       glue       remaining
c 
c }  0.68 36 40 6 648 7004 3655 40% 8 36562 8658 14%
c [  0.68 36 57 6 648 7004 3655 31% 19 36562 8658 14%
c -  0.73 36 37 7 649 8623 3433 22% 14 36562 8658 14%
c I  0.77 36 30 7 650 10008 4479 20% 13 36562 8658 14%
c s  0.80 36 27 7 651 10578 4452 20% 12 35544 8658 14%
c v  0.81 36 27 7 651 10578 4452 20% 12 35437 8658 14%
c w  0.81 36 27 7 651 10578 4444 20% 12 35437 8658 14%
c t  0.81 36 27 7 651 10578 4404 20% 12 35318 8658 14%
c e  0.82 37 27 7 651 10578 4103 20% 12 34695 8264 13%
c s  0.82 37 27 7 651 10578 4051 20% 12 34538 8264 13%
c e  0.83 37 27 7 651 10578 4049 20% 12 34528 8246 13%
c i  0.83 37 27 7 651 10656 4082 20% 12 34528 8244 13%
c -  0.86 37 32 8 651 11024 1512 22% 13 34523 8244 13%
c -  0.99 37 52 9 653 13724 3562 28% 23 34523 8244 13%
c d  1.06 37 54 9 653 15001 4772 29% 24 34517 8241 13%
c 3  1.06 37 54 9 653 15001 12085 29% 24 34516 8241 13%
c 3  1.07 37 54 9 653 15001 12959 29% 24 34516 8241 13%
c d  1.07 37 54 9 653 15001 12959 29% 24 34513 8240 13%
c 2  1.08 37 54 9 653 15001 12958 29% 24 34512 8240 13%
c p  1.09 37 54 9 653 15001 18970 29% 24 34512 8240 13%
c 
c  seconds  reductions    redundant   irredundant
c         MB    restarts         trail      variables
c          level    conflicts        glue        remaining
c 
c d  1.09 37 54 9 653 15001 18966 29% 24 34507 8235 13%
c ]  1.09 37 54 9 653 15004 18969 29% 24 34507 8235 13%
c {  1.09 37 40 9 653 15004 18969 40% 8 34507 8235 13%
c B  1.09 37 40 9 653 15013 18977 40% 8 34507 8235 13%
c -  1.17 37 42 10 952 16724 5292 37% 9 34507 8235 13%
c -  1.30 37 41 11 1341 20024 5527 32% 9 34507 8235 13%
c W  1.35 37 42 11 1525 21017 6385 32% 9 34507 8235 13%
c s  1.44 37 41 11 1743 22975 8016 30% 10 34458 8235 13%
c v  1.45 37 41 11 1743 22975 8016 30% 10 34070 8235 13%
c w  1.46 37 41 11 1743 22975 8013 30% 10 34070 8235 13%
c t  1.46 37 41 11 1743 22975 8000 30% 10 34046 8235 13%
c e  1.46 37 41 11 1743 22975 7858 30% 10 34021 8214 13%
c s  1.47 37 41 11 1743 22975 7831 30% 10 33999 8214 13%
c -  1.51 37 41 12 1786 23624 6744 30% 10 33999 8214 13%
c -  1.63 37 40 13 2314 27526 6951 28% 10 33999 8214 13%
c F  1.66 37 40 13 2410 28018 7416 28% 10 33999 8214 13%
c d  1.72 37 41 13 2628 30001 9157 28% 10 33997 8206 13%
c 3  1.73 37 41 13 2628 30001 12922 28% 10 33997 8206 13%
c 3  1.73 37 41 13 2628 30001 13735 28% 10 33997 8206 13%
c d  1.74 37 41 13 2628 30001 13730 28% 10 33997 8205 13%
c 
c  seconds  reductions      redundant   irredundant
c         MB     restarts          trail      variables
c          level      conflicts        glue        remaining
c 
c 2  1.74 37 41 13 2628 30001 13721 28% 10 33996 8205 13%
c p  1.75 37 41 13 2628 30001 19987 28% 10 33996 8203 13%
c d  1.75 37 41 13 2628 30001 19854 28% 10 33990 8200 13%
c }  1.78 37 40 13 2638 31005 20766 27% 10 33990 8200 13%
c [  1.78 37 54 13 2638 31005 20766 29% 24 33990 8200 13%
c -  1.81 37 51 14 2638 31726 7806 28% 23 33990 8200 13%
c B  1.99 37 56 14 2641 36020 11718 29% 24 33990 8200 13%
c -  2.01 37 56 15 2641 36228 8775 29% 24 33990 8200 13%
c s  2.16 37 58 15 2643 39370 11442 29% 26 33969 8200 13%
c v  2.17 37 58 15 2643 39370 11442 29% 26 33755 8200 13%
c w  2.18 37 58 15 2643 39370 11439 29% 26 33755 8200 13%
c e  2.19 37 58 15 2643 39370 9095 29% 26 33611 8070 13%
c s  2.19 37 58 15 2643 39370 9082 29% 26 33503 8070 13%
c e  2.19 37 58 15 2643 39370 9082 29% 26 33386 8037 13%
c -  2.28 37 57 16 2644 41031 6791 26% 26 33386 8037 13%
c W  2.45 37 56 16 2645 45021 10246 28% 27 33386 8037 13%
c -  2.51 37 56 17 2646 46134 8293 28% 27 33386 8037 13%
c d  2.65 37 55 17 2646 50004 11776 29% 28 33386 8036 13%
c 3  2.66 37 55 17 2646 50004 15940 29% 28 33386 8036 13%
c p  2.68 37 55 17 2646 50004 21962 29% 28 33386 8036 13%
c 
c  seconds  reductions     redundant   irredundant
c         MB     restarts         trail      variables
c          level      conflicts       glue        remaining
c 
c -  2.75 37 55 18 2646 51534 9262 29% 28 33386 8036 13%
c O  2.89 37 55 18 2647 55025 12488 30% 29 33386 8036 13%
c -  2.98 37 53 19 2649 57234 9665 28% 28 33386 8036 13%
c s  3.09 37 51 19 2651 59916 12040 27% 27 33384 8036 13%
c v  3.11 37 51 19 2651 59916 12040 27% 27 33333 8036 13%
c w  3.12 37 51 19 2651 59916 12039 27% 27 33333 8036 13%
c e  3.12 37 51 19 2651 59916 12037 27% 27 33164 7956 13%
c s  3.13 37 51 19 2651 59916 12034 27% 27 33061 7956 13%
c e  3.13 37 51 19 2651 59916 12034 27% 27 33043 7950 13%
c ]  3.22 37 49 19 2653 63005 14637 26% 27 33043 7950 13%
c {  3.22 37 40 19 2653 63005 14637 30% 10 33043 7950 13%
c -  3.24 37 40 20 2700 63234 9740 30% 10 33043 7950 13%
c B  3.33 37 41 20 2918 66026 12255 30% 10 33043 7950 13%
c -  3.46 37 40 21 3251 69538 9948 28% 10 33043 7950 13%
c d  3.62 37 38 21 3933 75004 14720 27% 10 33043 7945 13%
c 3  3.63 37 38 21 3933 75004 18323 27% 10 33043 7945 13%
c 3  3.63 37 38 21 3933 75004 19090 27% 10 33043 7945 13%
c d  3.64 37 38 21 3933 75004 19071 27% 10 33043 7942 13%
c 2  3.64 37 38 21 3933 75004 19067 27% 10 33043 7942 13%
c p  3.65 37 38 21 3933 75004 25124 27% 10 33043 7942 13%
c 
c  seconds  reductions      redundant   irredundant
c         MB     restarts          trail      variables
c          level      conflicts        glue        remaining
c 
c -  3.71 37 38 22 4099 76138 12003 27% 10 33043 7942 13%
c W  3.77 37 37 22 4248 78027 13594 26% 10 33043 7942 13%
c -  3.88 37 35 23 4531 83038 11744 25% 10 33043 7942 13%
c s  3.92 37 34 23 4587 84580 12604 24% 10 33037 7942 13%
c v  3.94 37 34 23 4587 84580 12604 24% 10 32997 7942 13%
c w  3.94 37 34 23 4587 84580 12601 24% 10 32997 7942 13%
c t  3.94 37 34 23 4587 84580 12597 24% 10 32997 7942 13%
c e  3.95 37 34 23 4587 84580 12588 24% 10 32932 7900 13%
c s  3.95 37 34 23 4587 84580 12567 24% 10 32901 7900 13%
c e  3.96 37 34 23 4587 84580 12567 24% 10 32892 7897 12%
c -  4.08 37 32 24 4787 90238 11457 23% 10 32892 7897 12%
c #  4.10 37 31 24 4802 91029 12028 22% 10 32892 7897 12%
c -  4.33 37 32 25 5139 97739 12477 22% 10 32892 7897 12%
c d  4.57 37 32 25 5508 105004 19017 22% 10 32892 7883 12%
c 3  4.57 37 32 25 5508 105004 22643 22% 10 32892 7883 12%
c 3  4.58 37 32 25 5508 105004 23518 22% 10 32892 7883 12%
c d  4.58 37 32 25 5508 105004 23492 22% 10 32892 7880 12%
c 2  4.58 37 32 25 5508 105004 23489 22% 10 32892 7880 12%
c p  4.60 37 32 25 5508 105004 29559 22% 10 32892 7880 12%
c B  4.60 37 32 25 5508 105030 29584 22% 10 32892 7880 12%
c 
c  seconds  reductions       redundant   irredundant
c         MB     restarts           trail      variables
c          level      conflicts         glue        remaining
c 
c -  4.64 37 32 26 5615 105539 14731 22% 10 32892 7880 12%
c s  4.84 37 30 26 5994 113398 20935 21% 10 32889 7880 12%
c v  4.85 37 30 26 5994 113398 20935 21% 10 32880 7880 12%
c w  4.86 37 30 26 5994 113398 20931 21% 10 32880 7880 12%
c t  4.86 37 30 26 5994 113398 20927 21% 10 32879 7880 12%
c e  4.86 37 30 26 5994 113398 20927 21% 10 32878 7878 12%
c s  4.87 37 30 26 5994 113398 20904 21% 10 32877 7878 12%
c -  4.89 37 30 27 6003 113640 14659 21% 10 32877 7878 12%
c W  5.12 37 29 27 6594 120033 20347 20% 10 32877 7878 12%
c -  5.23 37 30 28 6879 122042 14727 20% 11 32877 7878 12%
c }  5.35 37 28 28 6904 127008 18752 20% 10 32877 7878 12%
c [  5.35 37 49 28 6904 127008 18752 26% 27 32877 7878 12%
c -  5.46 37 46 29 6904 130743 14880 24% 25 32877 7878 12%
c B  5.61 37 41 29 6909 136036 18860 22% 23 32877 7878 12%
c -  5.78 37 45 30 6911 139745 16336 24% 24 32877 7878 12%
c d  5.79 37 45 30 6911 140005 16575 24% 24 32877 7875 12%
c 3  5.80 37 45 30 6911 140005 20206 24% 24 32877 7875 12%
c 3  5.80 37 45 30 6911 140005 21182 24% 24 32877 7875 12%
c d  5.81 37 45 30 6911 140005 21169 24% 24 32877 7874 12%
c 2  5.81 37 45 30 6911 140005 21168 24% 24 32877 7874 12%
c 
c  seconds  reductions       redundant   irredundant
c         MB     restarts           trail      variables
c          level      conflicts         glue        remaining
c 
c p  5.82 37 45 30 6911 140005 26997 24% 24 32877 7874 12%
c d  5.82 37 45 30 6911 140005 26990 24% 24 32877 7873 12%
c s  6.26 37 51 30 6912 146378 32447 28% 27 32873 7873 12%
c v  6.28 37 51 30 6912 146378 32447 28% 27 32807 7873 12%
c w  6.29 37 51 30 6912 146378 32446 28% 27 32807 7873 12%
c t  6.29 37 51 30 6912 146378 32443 28% 27 32807 7873 12%
c e  6.29 37 51 30 6912 146378 32286 28% 27 32791 7851 12%
c s  6.30 37 51 30 6912 146378 32251 28% 27 32782 7851 12%
c -  6.51 37 52 31 6912 149046 18003 29% 28 32782 7851 12%
c W  6.88 37 54 31 6913 153037 21748 31% 30 32782 7851 12%
c -  7.33 37 56 32 6913 158647 17723 33% 32 32782 7851 12%
c -  8.17 42 60 33 6914 168551 18283 36% 34 32782 7851 12%
c I  8.44 42 60 33 6916 171041 20550 37% 35 32782 7851 12%
c -  8.84 37 63 34 6920 178751 18529 37% 34 32782 7851 12%
c d  8.93 37 64 34 6920 180006 19722 37% 34 32782 7847 12%
c 3  8.94 37 64 34 6920 180006 23177 37% 34 32782 7847 12%
c d  8.95 37 64 34 6920 180006 24073 37% 34 32782 7846 12%
c p  8.96 37 64 34 6920 180006 29782 37% 34 32782 7846 12%
c s  9.23 37 66 34 6923 183494 32856 38% 35 32781 7846 12%
c v  9.26 37 66 34 6923 183494 32856 38% 35 32680 7846 12%
c 
c  seconds  reductions       redundant   irredundant
c         MB     restarts           trail      variables
c          level      conflicts         glue        remaining
c 
c w  9.27 37 66 34 6923 183494 32852 38% 35 32680 7846 12%
c e  9.28 37 66 34 6923 183494 32721 38% 35 32648 7804 12%
c s  9.29 37 66 34 6923 183494 32639 38% 35 32620 7804 12%
c -  9.68 39 67 35 6927 189258 19336 38% 35 32620 7804 12%
c B  9.73 39 67 35 6927 190043 20085 38% 35 32620 7804 12%
c - 10.45 39 70 36 6928 200058 19059 39% 36 32620 7804 12%
c W 11.14 39 70 36 6935 210044 28393 39% 36 32620 7804 12%
c - 11.24 39 70 37 6935 211159 19640 39% 36 32620 7804 12%
c - 11.87 39 69 38 6942 222559 19715 39% 34 32620 7804 12%
c d 12.00 39 70 38 6942 225006 22014 38% 35 32620 7799 12%
c 3 12.01 39 70 38 6942 225006 25751 38% 35 32620 7799 12%
c p 12.03 39 70 38 6942 225006 32410 38% 35 32620 7799 12%
c d 12.04 39 70 38 6942 225006 32407 38% 35 32620 7798 12%
c s 12.06 39 70 38 6942 225006 32230 38% 35 32620 7798 12%
c v 12.09 39 70 38 6942 225006 32230 38% 35 32567 7798 12%
c w 12.09 39 70 38 6942 225006 32227 38% 35 32567 7798 12%
c e 12.10 39 70 38 6942 225006 32137 38% 35 32555 7787 12%
c s 12.11 39 70 38 6942 225006 32120 38% 35 32539 7787 12%
c e 12.11 39 70 38 6942 225006 31835 38% 35 32535 7786 12%
c O 12.61 39 70 38 6943 231046 37493 39% 35 32535 7786 12%
c 
c  seconds  reductions       redundant   irredundant
c         MB     restarts           trail      variables
c          level      conflicts         glue        remaining
c 
c - 12.85 39 69 39 6943 234262 20614 39% 35 32535 7786 12%
c - 13.87 39 70 40 6944 246265 20763 40% 36 32535 7786 12%
c B 14.49 39 70 40 6945 253047 27195 40% 36 32535 7786 12%
c ] 14.68 39 70 40 6945 255009 29039 40% 37 32535 7786 12%
c { 14.68 39 28 40 6945 255009 29039 20% 10 32535 7786 12%
c - 14.87 40 28 41 7204 258566 22354 20% 10 32535 7786 12%
c s 15.25 40 28 41 8245 270394 31625 20% 11 32528 7786 12%
c v 15.28 40 28 41 8245 270394 31625 20% 11 32307 7786 12%
c w 15.29 40 28 41 8245 270394 31624 20% 11 32307 7786 12%
c t 15.29 40 28 41 8245 270394 31621 20% 11 32307 7786 12%
c e 15.29 40 28 41 8245 270394 31620 20% 11 32247 7731 12%
c s 15.30 40 28 41 8245 270394 31582 20% 11 32212 7731 12%
c e 15.31 40 28 41 8245 270394 31570 20% 11 32208 7727 12%
c - 15.38 40 28 42 8426 271166 20731 20% 11 32208 7727 12%
c d 15.53 40 28 42 8876 275006 24147 20% 11 32208 7714 12%
c 3 15.54 40 28 42 8876 275006 28685 20% 11 32208 7714 12%
c p 15.56 40 28 42 8876 275006 34340 20% 11 32208 7714 12%
c d 15.56 40 28 42 8876 275006 34338 20% 11 32208 7713 12%
c F 15.60 40 28 42 8878 276048 35212 20% 11 32208 7713 12%
c - 15.83 40 28 43 10741 284066 21997 19% 11 32208 7713 12%
c 
c  seconds  reductions        redundant   irredundant
c         MB      restarts           trail      variables
c          level       conflicts         glue        remaining
c 
c - 16.19 40 26 44 12292 297269 21397 18% 11 32208 7713 12%
c B 16.29 40 26 44 12476 300051 23849 19% 11 32208 7713 12%
c - 16.62 40 26 45 12888 310770 21760 18% 11 32208 7713 12%
c s 16.93 40 27 45 13208 319825 29571 19% 11 32205 7713 12%
c v 16.95 40 27 45 13208 319825 29571 19% 11 32144 7713 12%
c w 16.96 40 27 45 13208 319825 29567 19% 11 32144 7713 12%
c t 16.96 40 27 45 13208 319825 29561 19% 11 32144 7713 12%
c e 16.96 40 27 45 13208 319825 29547 19% 11 32129 7697 12%
c s 16.97 40 27 45 13208 319825 29499 19% 11 32080 7697 12%
c - 17.11 40 26 46 13280 324570 23281 18% 11 32080 7697 12%
c W 17.21 40 26 46 13280 325053 23660 18% 11 32080 7697 12%
c d 17.35 40 26 46 13384 330006 27437 18% 11 32080 7684 12%
c 3 17.36 40 26 46 13384 330006 30932 18% 11 32080 7684 12%
c 3 17.36 40 26 46 13384 330006 31950 18% 11 32080 7684 12%
c d 17.37 40 26 46 13384 330006 31943 18% 11 32080 7683 12%
c 2 17.37 40 26 46 13384 330006 31942 18% 11 32080 7683 12%
c p 17.38 40 26 46 13384 330006 37406 18% 11 32080 7683 12%
c - 17.64 40 25 47 13666 338671 24327 18% 11 32080 7683 12%
c # 18.05 40 25 47 14252 351054 34796 19% 11 32080 7683 12%
c - 18.18 40 25 48 14503 353071 26034 19% 11 32080 7683 12%
c 
c  seconds  reductions        redundant   irredundant
c         MB      restarts           trail      variables
c          level       conflicts         glue        remaining
c 
c - 18.78 40 25 49 15101 367771 27738 19% 11 32080 7683 12%
c s 18.98 40 24 49 15106 373367 32228 18% 11 32075 7683 12%
c v 19.00 40 24 49 15106 373367 32228 18% 11 31892 7683 12%
c w 19.01 40 24 49 15106 373367 32228 18% 11 31892 7683 12%
c t 19.01 40 24 49 15106 373367 32223 18% 11 31892 7683 12%
c e 19.02 40 24 49 15106 373367 32178 18% 11 31845 7642 12%
c s 19.03 40 24 49 15106 373367 32134 18% 11 31817 7642 12%
c B 19.18 40 24 49 15115 378058 35716 18% 11 31817 7642 12%
c - 19.42 40 24 50 15966 382771 28586 18% 11 31817 7642 12%
c d 19.65 40 24 50 16866 390006 34532 18% 11 31817 7633 12%
c 3 19.66 40 24 50 16866 390006 38039 18% 11 31817 7633 12%
c 3 19.66 40 24 50 16866 390006 38836 18% 11 31817 7633 12%
c d 19.67 40 24 50 16866 390006 38833 18% 11 31817 7632 12%
c 2 19.67 40 24 50 16866 390006 38831 18% 11 31817 7629 12%
c p 19.69 40 24 50 16866 390006 44067 18% 11 31817 7629 12%
c d 19.69 40 24 50 16866 390006 44041 18% 11 31808 7628 12%
c - 19.98 40 24 51 17315 398071 29398 18% 11 31808 7628 12%
c W 20.37 40 24 51 18360 406060 35879 18% 11 31808 7628 12%
c - 20.59 40 23 52 19165 413671 27875 18% 11 31808 7628 12%
c - 21.10 40 22 53 19408 429571 27208 17% 11 31808 7628 12%
c 
c  seconds  reductions        redundant   irredundant
c         MB      restarts           trail      variables
c          level       conflicts         glue        remaining
c 
c s 21.16 40 22 53 19411 430986 28204 17% 11 31799 7628 12%
c v 21.18 40 22 53 19411 430986 28204 17% 11 31695 7628 12%
c w 21.19 40 22 53 19411 430986 28199 17% 11 31695 7628 12%
c t 21.19 40 22 53 19411 430986 28196 17% 11 31695 7628 12%
c e 21.20 40 22 53 19411 430986 28144 17% 11 31657 7594 12%
c s 21.21 40 22 53 19411 430986 28116 17% 11 31647 7594 12%
c F 21.36 40 22 53 19426 435063 31252 17% 11 31647 7594 12%
c i 21.65 40 22 53 19997 443967 38641 17% 11 31647 7593 12%
c - 21.77 40 22 54 20222 445771 29987 17% 11 31468 7593 12%
c d 22.06 40 22 54 20565 455007 37497 17% 11 31468 7587 12%
c 3 22.07 40 22 54 20565 455007 40863 17% 11 31468 7587 12%
c 3 22.07 40 22 54 20565 455007 41865 17% 11 31468 7587 12%
c d 22.08 40 22 54 20565 455007 41840 17% 11 31468 7585 12%
c 2 22.08 40 22 54 20565 455007 41837 17% 11 31468 7585 12%
c p 22.10 40 22 54 20565 455007 47102 17% 11 31468 7585 12%
c d 22.10 40 22 54 20565 455007 47070 17% 11 31468 7580 12%
c - 22.40 40 22 55 20860 462271 30491 17% 11 31468 7580 12%
c B 22.48 40 21 55 20865 465065 32560 17% 11 31468 7580 12%
c - 22.87 40 21 56 21877 479071 31326 17% 11 31468 7580 12%
c s 23.53 40 22 56 22966 492761 41624 17% 11 31456 7580 12%
c 
c  seconds  reductions        redundant   irredundant
c         MB      restarts           trail      variables
c          level       conflicts         glue        remaining
c 
c v 23.56 40 22 56 22966 492761 41624 17% 11 31450 7580 12%
c w 23.57 40 22 56 22966 492761 41616 17% 11 31450 7580 12%
c t 23.57 40 22 56 22966 492761 41612 17% 11 31447 7580 12%
c e 23.58 40 22 56 22966 492761 41612 17% 11 31446 7547 12%
c s 23.60 40 22 56 22966 492761 41577 17% 11 31446 7547 12%
c ^ 23.60 40 22 56 22966 492761 41577 17% 11 31446 7547 12%
c W 23.87 40 22 56 23223 496067 44398 17% 11 31446 7547 12%
c - 23.89 40 22 57 23223 496171 32093 17% 11 31446 7547 12%
c } 24.32 40 21 57 23641 511009 44282 17% 11 31446 7547 12%
c [ 24.32 40 70 57 23641 511009 44282 40% 37 31446 7547 12%
c - 24.42 40 69 58 23641 513573 32483 39% 36 31446 7547 12%
c d 25.16 40 67 58 23641 525011 42284 39% 35 31445 7542 12%
c 3 25.17 40 67 58 23641 525011 45599 39% 35 31445 7542 12%
c 3 25.18 40 67 58 23641 525011 46601 39% 35 31445 7542 12%
c d 25.19 40 67 58 23641 525011 46571 39% 35 31445 7539 12%
c 2 25.19 40 67 58 23641 525011 46571 39% 35 31443 7539 12%
c p 25.22 40 67 58 23641 525011 51840 39% 35 31443 7539 12%
c d 25.22 40 67 58 23641 525011 51836 39% 35 31443 7538 12%
c W 25.60 40 69 58 23641 528071 54722 40% 36 31443 7538 12%
c - 25.82 48 69 59 23641 531273 34338 39% 36 31443 7538 12%
c 
c  seconds  reductions        redundant   irredundant
c         MB      restarts           trail      variables
c          level       conflicts         glue        remaining
c 
c - 27.11 47 70 60 23647 549273 33569 39% 37 31443 7538 12%
c s 27.83 47 71 60 23652 558650 40852 39% 38 31443 7538 12%
c v 27.86 47 71 60 23652 558650 40852 39% 38 31419 7538 12%
c w 27.87 47 71 60 23652 558650 40851 39% 38 31419 7538 12%
c e 27.93 47 71 60 23652 558650 14793 39% 38 31709 7015 11%
c s 27.95 47 71 60 23652 558650 14616 39% 38 31677 7015 11%
c I 28.06 40 71 60 23654 561072 16846 25% 38 31677 7015 11%
c - 28.24 40 70 61 23656 567577 18387 22% 37 31677 7015 11%
c - 29.25 41 74 62 23663 586179 27445 33% 38 31677 7015 11%
c B 30.03 41 76 62 23669 595079 35299 36% 41 31677 7015 11%
c d 30.34 41 77 62 23671 600012 39950 37% 41 31677 7013 11%
c 3 30.35 41 77 62 23671 600012 43270 37% 41 31677 7013 11%
c 3 30.35 41 77 62 23671 600012 44151 37% 41 31677 7013 11%
c 2 30.36 41 77 62 23671 600012 44150 37% 41 31677 7013 11%
c p 30.38 41 77 62 23671 600012 48833 37% 41 31677 7013 11%
c - 30.78 50 78 63 23671 605079 31058 38% 42 31677 7013 11%
c - 32.39 51 82 64 23672 624280 33190 40% 44 31677 7013 11%
c W 33.06 51 82 64 23677 630080 38654 41% 44 31677 7013 11%
c s 33.23 51 81 64 23678 632598 40764 41% 44 31671 7013 11%
c v 33.27 51 81 64 23678 632598 40764 41% 44 31524 7013 11%
c 
c  seconds  reductions        redundant   irredundant
c         MB      restarts           trail      variables
c          level       conflicts         glue        remaining
c 
c w 33.30 51 81 64 23678 632598 40757 41% 44 31524 7013 11%
c t 33.30 51 81 64 23678 632598 40757 41% 44 31522 7013 11%
c e 33.30 51 81 64 23678 632598 40753 41% 44 31517 6999 11%
c s 33.33 51 81 64 23678 632598 40701 41% 44 31496 6999 11%
c e 33.34 51 81 64 23678 632598 40671 41% 44 31496 6998 11%
c - 34.23 50 82 65 23685 643780 35137 41% 44 31496 6998 11%
c - 35.63 42 81 66 23692 663583 34330 42% 42 31496 6998 11%
c O 35.82 42 80 66 23694 666083 36653 42% 42 31496 6998 11%
c d 36.61 42 79 66 23701 680013 49739 41% 41 31496 6996 11%
c 3 36.61 42 79 66 23701 680013 51625 41% 41 31496 6996 11%
c 3 36.62 42 79 66 23701 680013 52637 41% 41 31496 6996 11%
c p 36.65 42 79 66 23701 680013 57133 41% 41 31496 6996 11%
c - 37.02 50 79 67 23702 683683 34370 42% 41 31496 6996 11%
c B 38.87 50 81 67 23703 703084 52632 43% 43 31496 6996 11%
c - 39.03 60 81 68 23703 704083 35278 43% 43 31496 6996 11%
c s 39.42 60 82 68 23704 710724 41128 43% 44 31490 6996 11%
c v 39.47 60 82 68 23704 710724 41128 43% 44 31411 6996 11%
c w 39.49 60 82 68 23704 710724 41123 43% 44 31411 6996 11%
c e 39.50 60 82 68 23704 710724 40868 43% 44 31401 6982 11%
c s 39.52 60 82 68 23704 710724 40799 43% 44 31401 6982 11%
c 
c  seconds  reductions        redundant   irredundant
c         MB      restarts           trail      variables
c          level       conflicts         glue        remaining
c 
c - 40.17 50 80 69 23704 724785 34249 40% 43 31401 6982 11%
c W 41.80 50 81 69 23705 741086 49682 40% 44 31401 6982 11%
c - 42.13 51 81 70 23705 745788 35777 40% 44 31401 6982 11%
c d 43.65 51 81 70 23705 765014 54129 41% 43 31401 6974 11%
c 3 43.66 51 81 70 23705 765014 57000 41% 43 31401 6974 11%
c 2 43.67 51 81 70 23705 765014 56999 41% 43 31401 6974 11%
c p 43.70 51 81 70 23705 765014 61619 41% 43 31401 6974 11%
c - 44.03 60 81 71 23705 767090 36765 41% 44 31401 6974 11%
c I 45.22 60 80 71 23705 780087 48983 41% 44 31401 6974 11%
c - 45.83 60 80 72 23705 788690 37845 41% 44 31401 6974 11%
c s 46.09 60 79 72 23705 793150 41688 41% 44 31401 6974 11%
c v 46.13 60 79 72 23705 793150 41688 41% 44 31211 6974 11%
c w 46.15 60 79 72 23705 793150 41687 41% 44 31211 6974 11%
c e 46.16 60 79 72 23705 793150 41687 41% 44 31213 6972 11%
c s 46.17 60 79 72 23705 793150 41649 41% 44 31212 6972 11%
c - 47.31 60 77 73 23708 810591 37228 41% 44 31212 6972 11%
c B 47.83 60 77 73 23713 820090 45902 41% 43 31212 6972 11%
c - 48.84 60 76 74 23720 832791 36395 40% 43 31212 6972 11%
c d 51.01 60 73 74 23729 855016 56483 41% 43 31212 6971 11%
c 3 51.02 60 73 74 23729 855016 58976 41% 43 31212 6971 11%
c 
c  seconds  reductions        redundant   irredundant
c         MB      restarts           trail      variables
c          level       conflicts         glue        remaining
c 
c p 51.06 60 73 74 23729 855016 63654 41% 43 31212 6971 11%
c - 51.15 60 73 75 23729 855291 37710 41% 43 31212 6971 11%
c W 51.81 60 74 75 23733 861093 43152 41% 43 31212 6971 11%
c - 53.41 45 74 76 23736 878092 38715 42% 44 31212 6971 11%
c s 53.59 45 74 76 23736 879649 40046 42% 44 31209 6971 11%
c v 53.64 45 74 76 23736 879649 40046 42% 44 31178 6971 11%
c w 53.66 45 74 76 23736 879649 40044 42% 44 31178 6971 11%
c t 53.66 45 74 76 23736 879649 40043 42% 44 31178 6971 11%
c e 53.66 45 74 76 23736 879649 40034 42% 44 31180 6968 11%
c s 53.68 45 74 76 23736 879649 40019 42% 44 31180 6968 11%
c - 55.86 45 74 77 23743 901192 41067 43% 44 31180 6968 11%
c O 56.05 45 73 77 23743 903094 42730 43% 44 31180 6968 11%
c - 56.80 34 66 78 23752 924593 39122 38% 40 31180 6968 11%
c B 57.50 34 59 78 23765 946095 57538 35% 36 31180 6968 11%
c - 57.69 41 60 79 23765 948293 38073 35% 36 31180 6968 11%
c 3 57.79 41 60 79 23766 950016 42150 35% 36 31180 6968 11%
c 2 57.79 41 60 79 23766 950016 42149 35% 36 31180 6968 11%
c p 57.81 41 60 79 23766 950016 46869 35% 36 31180 6968 11%
c d 57.81 41 60 79 23766 950016 46862 35% 36 31180 6967 11%
c s 58.68 41 57 79 23767 970445 65195 33% 34 31178 6967 11%
c 
c  seconds  reductions        redundant   irredundant
c         MB      restarts           trail      variables
c          level       conflicts         glue        remaining
c 
c v 58.72 41 57 79 23767 970445 65195 33% 34 31140 6967 11%
c w 58.74 41 57 79 23767 970445 65190 33% 34 31140 6967 11%
c t 58.74 41 57 79 23767 970445 65189 33% 34 31140 6967 11%
c s 58.76 41 57 79 23767 970445 65177 33% 34 31140 6967 11%
c - 58.92 41 57 80 23767 972295 39452 33% 34 31140 6967 11%
c W 60.57 41 61 80 23768 990096 56525 35% 34 31140 6967 11%
c 
c caught signal 15 (SIGTERM)
c 
c --- [ result ] -------------------------------------------------------------
c 
c UNKNOWN
c 
c --- [ run-time profiling ] -------------------------------------------------
c 
c process time taken by individual solving procedures
c (percentage relative to process time for solving)
c 
c        57.98   95.62% search
c        44.84   73.96% stable
c        11.51   18.98% unstable
c         2.66    4.38% simplify
c         1.62    2.67% walk
c         0.69    1.13% vivify
c         0.67    1.11% subsume
c         0.41    0.67% elim
c         0.30    0.50% probe
c         0.23    0.38% ternary
c         0.06    0.09% parse
c         0.01    0.01% lucky
c   =================================
c        60.63   99.91% solve
c 
c last line shows process time for solving
c (percentage relative to total process time)
c 
c --- [ statistics ] ---------------------------------------------------------
c 
c blocked:                       0         0.00 %  of irredundant clauses
c   blockings:                   0         0.00    internal
c   candidates:                  0         0.00    per blocking 
c   blockres:                    0         0.00    per candidate
c   pure:                        0         0.00 %  of all variables
c   pureclauses:                 0         0.00    per pure literal
c chronological:            219124        22.10 %  of conflicts
c compacts:                      3    330518.67    interval
c conflicts:                991556     16353.47    per second
c   backtracked:           1298086       130.91 %  of conflicts
c conditioned:                   0         0.00 %  of irredundant clauses
c   conditionings:               0         0.00    interval
c   condcands:                   0         0.00    candidate clauses
c   condassinit:                 0.0       0.00 %  initial assigned
c   condcondinit:                0.0       0.00 %  initial condition
c   condautinit:                 0.0       0.00 %  initial autarky
c   condassrem:                  0.0       0.00 %  final assigned
c   condcondrem:                 0.000     0.00 %  final conditional
c   condautrem:                  0.000     0.00 %  final autarky
c   condprops:                   0         0.00    per candidate
c covered:                       0         0.00 %  of irredundant clauses
c   coverings:                   0         0.00    interval
c   asymmetric:                  0         0.00 %  of covered clauses
c   blocked:                     0         0.00 %  of covered clauses
c decisions:               1932838     31877.78    per second
c   searched:              6164357         3.19    per decision
c eliminated:                49391        78.16 %  of all variables
c   elimphases:                 21     47216.95    interval
c   elimrounds:                 41         1.95    per phase
c   elimtried:               79959        61.77 %  eliminated
c   elimgates:               12038        15.06 %  gates per tried
c   elimequivs:                135         1.12 %  equivalence gates
c   elimands:                11901        98.86 %  and gates
c   elimites:                    2         0.02 %  if-then-else gates
c   elimxors:                    0         0.00 %  xor gates
c   elimsubst:                1125         2.28 %  substituted
c   elimres:                523655        10.60    per eliminated
c   elimrestried:           469979        89.75 %  per resolution
c ext.prop. calls:               0         0.00 %  of queries
c   propagating:                 0         0.00 %  per eprop-call
c   explained:                   0         0.00 %  per eprop-call
c   falsified:                   0         0.00 %  per eprop-call
c ext.clause calls:              0         0.00 %  of queries
c   learned:                     0         0.00 %  per called
c   conflicting:                 0         0.00 %  per learned
c   propagating:                 0         0.00 %  per learned
c ext.final check:               0         0.00 %  of queries
c fixed:                      6678        10.57 %  of all variables
c   failed:                     69         0.11 %  of all variables
c   probefailed:                58        84.06 %  per failed
c   transredunits:               9        13.04 %  per failed
c   probingphases:              19     52187.16    interval
c   probesuccess:               19       100.00 %  phases
c   probingrounds:              19         1.00    per phase
c   probed:                  61994       898.46    per failed
c   hbrs:                   109773         1.77    per probed
c   hbrsizes:               444845         4.05    per hbr
c   hbreds:                 105781        96.36 %  per hbr
c   hbrsubs:                   524         0.48 %  per hbr
c   units:                      32     30986.12    interval
c   binaries:                  983      1008.70    interval
c flushed:                       0         0.00 %  per conflict
c   hyper:                       0         0.00 %  per conflict
c   flushings:                   0         0.00    interval
c instantiated:                  0         0.00 %  of tried
c   instrounds:                  0         0.00 %  of elimrounds
c learned:                  971502        97.98 %  per conflict
c   bumped:               21545295        22.18    per learned
c   recomputed:            4152739       427.46 %  per learned
c   promoted1:                7218         0.74 %  per learned
c   promoted2:               20213         2.08 %  per learned
c   improvedglue:           389316        40.07 %  per learned
c lucky:                         0         0.00 %  of tried
c   constantzero                 0         0.00 %  of tried
c   constantone                  0         0.00 %  of tried
c   backwardone                  0         0.00 %  of tried
c   backwardzero                 0         0.00 %  of tried
c   forwardone                   0         0.00 %  of tried
c   forwardzero                  0         0.00 %  of tried
c   positivehorn                 0         0.00 %  of tried
c   negativehorn                 0         0.00 %  of tried
c   extendbytes:           3117660         2.97    bytes and MB
c learned_lits:           86594616       100.00 %  learned literals
c minimized:                     0         0.00 %  learned literals
c shrunken:               20454867        23.62 %  learned literals
c minishrunken:           11321629        13.07 %  learned literals
c otfs:                       2518         0.25 %  of conflict
c   subsumed                   142         0.01 %  of conflict
c   strengthened              2376         0.24 %  of conflict
c propagations:          334151949         5.51 M  per second
c   coverprops:                  0         0.00 %  of propagations
c   probeprops:            2346876         0.70 %  of propagations
c   searchprops:         291565252        87.26 %  of propagations
c   transredprops:         1082770         0.32 %  of propagations
c   vivifyprops:           6145748         1.84 %  of propagations
c   walkprops:            33011303         9.88 %  of propagations
c reactivated:                   0         0.00 %  of all variables
c reduced:                  783798        79.05 %  per conflict
c   reductions:                 80     12394.45    interval
c   collections:                84     11804.24    interval
c rephased:                     44     22535.36    interval
c   rephasedbest:               14        31.82 %  rephased best
c   rephasedflip:                4         9.09 %  rephased flipping
c   rephasedinv:                 4         9.09 %  rephased inverted
c   rephasedorig:                5        11.36 %  rephased original
c   rephasedrand:                3         6.82 %  rephased random
c   rephasedwalk:               14        31.82 %  rephased walk
c rescored:                     95     10437.43    interval
c restarts:                  23768        41.72    interval
c   reused:                  16371        68.88 %  per restart
c   reusedlevels:           154210        17.70 %  per restart levels
c restored:                      0         0.00 %  per weakened
c   restorations:                0         0.00 %  per extension
c   literals:                    0         0.00    per restored clause
c stabilizing:                   5        65.61 %  of conflicts
c   restartstab:               189         0.80 %  of all restarts
c   reusedstab:                173        91.53 %  per stable restarts
c substituted:                 160         0.25 %  of all variables
c   decompositions:             96         5.05    per phase
c subsumed:                 107721         3.99 %  of all clauses
c   subsumephases:              21     47216.95    interval
c   subsumerounds:              42         2.00    per phase
c   deduplicated:               50         0.05 %  per subsumed
c   transreds:                  21     47216.95    interval
c   transitive:                605         0.56 %  per subsumed
c   subirr:                   7560         7.02 %  of subsumed
c   subred:                   7278         6.76 %  of subsumed
c   subtried:              1302285        12.09    tried per subsumed
c   subchecks:            47281725        36.31    per tried
c   subchecks2:            2420115         5.12 %  per subcheck
c   elimotfsub:                  0         0.00 %  of subsumed
c   elimbwsub:                1213         1.13 %  of subsumed
c   eagersub:                89353        82.95 %  of subsumed
c   eagertried:           21372340       239.19    tried per eagersub
c strengthened:              26477         0.98 %  of all clauses
c   elimotfstr:               4113        15.53 %  of strengthened
c   elimbwstr:                 145         0.55 %  of strengthened
c ternary:                   86020         1.50 %  of resolved
c   phases:                     38     26093.58    interval
c   htr3:                    85927        99.89 %  ternary hyper ternres
c   htr2:                       93         0.11 %  binary hyper ternres
c vivified:                   3138         0.12 %  of all clauses
c   vivifications:              21     47216.95    interval
c   vivifychecks:            78152         7.88 %  per conflict
c   vivifysched:            807130         9.68 %  checks per scheduled
c   vivifyunits:                 0         0.00 %  per vivify check
c   vivifyinst:                401         0.51 %  per vivify check
c   vivifysubs:               2186         2.03 %  per subsumed
c   vivifystrs:                952         3.60 %  per strengthened
c   vivifystrirr:              580        60.92 %  per vivifystrs
c   vivifystred1:                7         0.74 %  per vivifystrs
c   vivifystred2:              173        18.17 %  per vivifystrs
c   vivifystred3:              192        20.17 %  per vivifystrs
c   vivifydecs:             323613         4.14    per checks
c   vivifyreused:            94613        29.24 %  per decision
c walked:                       14     70825.43    interval
c   flips:                 1985215         1.22 M  per second
c   minimum:                    25         0.01 %  clauses
c   broken:              110049676        55.43    per flip
c weakened:                 121753         3.40    average size
c   extensions:                  0         0.00    interval
c   flipped:                     0         0.00    per weakened
c 
c seconds are measured in process time for solving
c 
c --- [ resources ] ----------------------------------------------------------
c 
c total process time since initialization:        60.69    seconds
c total real time since initialization:           60.73    seconds
c maximum resident set size of process:           70.72    MB
c 
c raising signal 15 (SIGTERM)
