c --- [ banner ] -------------------------------------------------------------
c 
c CaDiCaL SAT Solver
c Copyright (c) 2016-2023 A. Biere, M. Fleury, N. Froleyks, K. Fazekas, F. Pollitt
c 
c Version 1.7.3
c g++-13.2.0
c Feb 11 2024 04:08:27
c 
c --- [ limit ] --------------------------------------------------------------
c 
c setting time limit to 28734 seconds real time (due to '-t 28734')
c 
c --- [ proof tracing ] ------------------------------------------------------
c 
c opening file to write '/root/projects/maph/discovery/out/cover-23-6-2-bounded-binary-20260807/222-double-disjoint.drat'
c writing binary proof trace to '/root/projects/maph/discovery/out/cover-23-6-2-bounded-binary-20260807/222-double-disjoint.drat'
c 
c --- [ parsing input ] ------------------------------------------------------
c 
c reading DIMACS file from '/root/projects/maph/discovery/out/cover-23-6-2-bounded-binary-20260807/222-double-disjoint.cnf'
c opening file to read '/root/projects/maph/discovery/out/cover-23-6-2-bounded-binary-20260807/222-double-disjoint.cnf'
c found 'p cnf 65228 139977' header
c parsed 139977 clauses in 0.05 seconds process time
c closing file '/root/projects/maph/discovery/out/cover-23-6-2-bounded-binary-20260807/222-double-disjoint.cnf'
c 
c --- [ options ] ------------------------------------------------------------
c 
c all options are set to their default value
c 
c --- [ solving ] ------------------------------------------------------------
c 
c time measured in process time since initialization
c 
c  seconds  reductions  redundant  irredundant
c         MB    restarts       trail       variables
c          level   conflicts       glue         remaining
c 
c *  0.05 28  0 0   0    0    0  0% 0 124195 57315 88%
c {  0.06 29  0 0   0    0    0  0% 0 124195 57315 88%
c i  0.06 29 25 0   0    8    4 22% 3 124195 56860 87%
c i  0.06 29 27 0   0   12    7 22% 3 124195 56858 87%
c i  0.06 29 36 0   5   94   72 21% 3 124195 56785 87%
c i  0.06 29 36 0   5   95   72 21% 3 124195 56723 87%
c i  0.06 29 35 0   5   96   72 21% 3 124195 56722 87%
c i  0.06 29 35 0   6   98   73 21% 3 124195 56617 87%
c i  0.07 29 39 0  14  241  176 20% 3 124195 56532 87%
c i  0.07 30 41 0  15  255  189 20% 3 124195 56451 87%
c -  0.08 30 44 1  26  300  225 20% 3 114124 56451 87%
c i  0.08 30 44 1  26  308  228 20% 3 114124 56395 86%
c -  0.14 35 37 2 104  935  664 20% 5 113926 56391 86%
c }  0.15 35 37 2 121 1001  723 20% 5 113926 56391 86%
c [  0.15 35  0 2 121 1001  723  0% 0 113926 56391 86%
c O  0.15 35 24 2 121 1002  724 22% 6 113926 56391 86%
c -  0.22 35 56 3 121 1885 1394 33% 20 113926 56391 86%
c s  0.31 40 76 3 122 2234 1631 18% 27 109579 56391 86%
c v  0.33 40 76 3 122 2234 1631 18% 27 109577 56391 86%
c w  0.34 40 76 3 122 2234 1630 18% 27 109577 56391 86%
c 
c  seconds  reductions  redundant   irredundant
c         MB    restarts       trail        variables
c          level   conflicts       glue          remaining
c 
c t  0.35 40 76 3 122 2234 1622 18% 27 109123 55997 86%
c e  0.45 41 76 3 122 2234  105 18% 27 33113 7699 12%
c s  0.47 43 76 3 122 2234   98 18% 27 32922 7699 12%
c e  0.48 43 76 3 122 2234   98 18% 27 32919 7671 12%
c ]  0.51 43 98 3 122 3001  829  8% 30 32919 7671 12%
c {  0.51 43 37 3 122 3001  829 23% 5 32919 7671 12%
c F  0.51 43 37 3 123 3003  831 23% 5 32919 7671 12%
c -  0.53 38 40 4 150 3153  935 21% 5 32919 7671 12%
c i  0.53 38 39 4 150 3171  945 20% 5 32919 7668 12%
c i  0.56 38 43 4 334 4280 1875 12% 7 32919 7666 12%
c -  0.58 38 43 5 390 4653 1670 11% 7 32850 7666 12%
c 3  0.60 39 43 5 451 5001 9567 10% 7 32850 7666 12%
c 3  0.60 39 43 5 451 5001 9734 10% 7 32850 7666 12%
c 2  0.61 39 43 5 451 5001 9733 10% 7 32849 7666 12%
c p  0.63 39 43 5 451 5001 17262 10% 7 32849 7625 12%
c d  0.64 39 43 5 451 5001 16526 10% 7 32677 7624 12%
c #  0.67 39 39 5 692 6004 17436  8% 9 32677 7624 12%
c -  0.71 40 40 6 798 6453 2965 23% 9 32677 7624 12%
c }  0.73 40 40 6 825 7002 3444 22% 9 32677 7624 12%
c [  0.73 40 98 6 825 7002 3444 56% 30 32677 7624 12%
c 
c  seconds   reductions  redundant   irredundant
c         MB     restarts       trail      variables
c           level   conflicts       glue        remaining
c 
c -  0.80 40 100 7 826 8554 3322 49% 33 32677 7624 12%
c I  0.88 40 105 7 827 10005 4716 48% 38 32677 7624 12%
c s  0.90 40 101 7 828 10642 5162 45% 35 31907 7624 12%
c v  0.91 40 101 7 828 10642 5162 45% 35 31884 7624 12%
c w  0.92 40 101 7 828 10642 5161 45% 35 31884 7624 12%
c t  0.92 40 101 7 828 10642 5159 45% 35 31865 7624 12%
c e  0.92 40 101 7 828 10642 3667 45% 35 31650 7425 11%
c s  0.93 40 101 7 828 10642 3652 45% 35 31616 7425 11%
c -  0.95 40 98 8 828 10954 3013 44% 34 31616 7425 11%
c -  1.08 40 94 9 830 13654 3983 41% 36 31616 7425 11%
c 3  1.14 40 92 9 830 15001 8603 41% 38 31616 7425 11%
c p  1.16 40 92 9 830 15001 16171 41% 38 31616 7424 11%
c ]  1.16 40 92 9 830 15002 16172 41% 38 31616 7424 11%
c {  1.16 40 40 9 830 15002 16172 22% 9 31616 7424 11%
c B  1.16 40 40 9 831 15009 16179 22% 9 31616 7424 11%
c -  1.22 40 43 10 1042 16656 4910 22% 10 31613 7424 11%
c i  1.26 40 43 10 1171 17940 6066 23% 10 31613 7410 11%
c i  1.29 40 45 10 1273 18694 6722 23% 10 31613 7382 11%
c -  1.35 40 46 11 1502 19957 5407 23% 10 31390 7382 11%
c W  1.38 40 45 11 1538 21013 6316 23% 10 31390 7382 11%
c 
c  seconds  reductions     redundant   irredundant
c         MB     restarts         trail      variables
c          level      conflicts       glue        remaining
c 
c s  1.45 40 47 11 1669 23184 7944 23% 10 31332 7382 11%
c v  1.46 40 47 11 1669 23184 7944 23% 10 30974 7382 11%
c w  1.46 40 47 11 1669 23184 7933 23% 10 30974 7382 11%
c t  1.46 40 47 11 1669 23184 7927 23% 10 30972 7382 11%
c e  1.47 40 47 11 1669 23184 7084 23% 10 30862 7297 11%
c s  1.48 40 47 11 1669 23184 7020 23% 10 30847 7297 11%
c e  1.48 40 47 11 1669 23184 6993 23% 10 30841 7294 11%
c -  1.50 40 47 12 1724 23557 5632 23% 10 30841 7294 11%
c i  1.54 40 47 12 1852 24755 6675 23% 10 30841 7283 11%
c -  1.64 40 47 13 2150 27461 6636 23% 10 30759 7281 11%
c F  1.65 40 46 13 2174 28015 7147 23% 10 30759 7281 11%
c d  1.72 40 48 13 2401 30003 8958 23% 10 30759 7280 11%
c 3  1.73 40 48 13 2401 30003 12338 23% 10 30759 7280 11%
c 2  1.73 40 48 13 2401 30003 12945 23% 10 30759 7280 11%
c p  1.75 40 48 13 2401 30003 19015 23% 10 30759 7277 11%
c d  1.75 40 48 13 2401 30003 18968 23% 10 30748 7272 11%
c }  1.79 40 48 13 2512 31006 19822 23% 10 30748 7272 11%
c [  1.79 40 92 13 2512 31006 19822 41% 38 30748 7272 11%
c -  1.83 40 92 14 2512 31662 8336 41% 38 30748 7272 11%
c B  2.04 40 92 14 2515 36017 12419 40% 39 30748 7272 11%
c 
c  seconds  reductions     redundant   irredundant
c         MB     restarts         trail      variables
c          level      conflicts       glue        remaining
c 
c -  2.05 40 92 15 2515 36162 9012 40% 39 30748 7272 11%
c s  2.18 40 85 15 2518 39825 12045 36% 36 30722 7272 11%
c v  2.19 40 85 15 2518 39825 12045 36% 36 30669 7272 11%
c w  2.20 40 85 15 2518 39825 12041 36% 36 30669 7272 11%
c t  2.20 40 85 15 2518 39825 12036 36% 36 30665 7272 11%
c e  2.20 40 85 15 2518 39825 11845 36% 36 30566 7214 11%
c s  2.21 40 85 15 2518 39825 11820 36% 36 30483 7214 11%
c -  2.27 40 82 16 2518 40962 8203 35% 35 30483 7214 11%
c W  2.44 40 73 16 2519 45018 11521 32% 34 30483 7214 11%
c -  2.49 40 71 17 2520 46062 8462 31% 33 30483 7214 11%
c d  2.66 40 70 17 2520 50003 12082 32% 33 30483 7213 11%
c 3  2.66 40 70 17 2520 50003 15155 32% 33 30483 7213 11%
c 3  2.67 40 70 17 2520 50003 16057 32% 33 30483 7213 11%
c d  2.67 40 70 17 2520 50003 16047 32% 33 30483 7212 11%
c p  2.68 40 70 17 2520 50003 22073 32% 33 30483 7212 11%
c -  2.73 40 70 18 2520 51462 9160 32% 33 30483 7212 11%
c O  2.89 40 71 18 2521 55019 12484 32% 32 30483 7212 11%
c -  2.99 40 71 19 2523 57164 9603 33% 32 30483 7212 11%
c s  3.14 40 71 19 2526 60617 12721 32% 32 30479 7212 11%
c v  3.16 40 71 19 2526 60617 12721 32% 32 30408 7212 11%
c 
c  seconds  reductions      redundant   irredundant
c         MB     restarts          trail      variables
c          level      conflicts        glue        remaining
c 
c w  3.16 40 71 19 2526 60617 12719 32% 32 30408 7212 11%
c e  3.17 40 71 19 2526 60617 12719 32% 32 30311 7155 11%
c s  3.18 40 71 19 2526 60617 12709 32% 32 30252 7155 11%
c ]  3.35 40 72 19 2527 63006 14947 33% 32 30252 7155 11%
c {  3.35 40 48 19 2527 63006 14947 23% 10 30252 7155 11%
c -  3.36 40 48 20 2542 63165 10480 23% 10 30252 7155 11%
c i  3.39 40 47 20 2575 63912 11054 23% 10 30252 7154 11%
c B  3.49 40 47 20 2882 66020 12954 23% 10 30252 7154 11%
c -  3.64 40 47 21 3186 69466 10565 24% 10 30249 7154 11%
c d  3.85 40 46 21 4047 75003 15464 23% 10 30249 7146 11%
c 3  3.86 40 46 21 4047 75003 19086 23% 10 30249 7146 11%
c d  3.87 40 46 21 4047 75003 19888 23% 10 30249 7145 11%
c 2  3.87 40 46 21 4047 75003 19883 23% 10 30249 7145 11%
c p  3.88 40 46 21 4047 75003 25927 23% 10 30249 7145 11%
c d  3.89 40 46 21 4047 75003 25909 23% 10 30249 7142 11%
c -  3.94 40 45 22 4234 76067 12454 22% 10 30249 7142 11%
c W  4.06 40 44 22 4492 78021 14202 22% 11 30249 7142 11%
c -  4.29 40 43 23 4905 82968 13428 22% 11 30249 7142 11%
c s  4.41 40 43 23 5175 85579 15439 22% 11 30215 7142 11%
c v  4.43 40 43 23 5175 85579 15439 22% 11 30142 7142 11%
c 
c  seconds  reductions      redundant   irredundant
c         MB     restarts          trail      variables
c          level      conflicts        glue        remaining
c 
c w  4.43 40 43 23 5175 85579 15432 22% 11 30142 7142 11%
c t  4.43 40 43 23 5175 85579 15424 22% 11 30142 7142 11%
c e  4.44 40 43 23 5175 85579 15342 22% 11 30074 7090 11%
c s  4.45 40 43 23 5175 85579 15281 22% 11 30013 7090 11%
c e  4.45 40 43 23 5175 85579 15281 22% 11 30011 7088 11%
c -  4.62 40 42 24 5864 90173 14100 22% 11 30011 7088 11%
c #  4.66 40 42 24 5948 91023 14883 22% 11 30011 7088 11%
c -  4.90 40 39 25 6141 97673 14702 21% 11 30011 7088 11%
c d  5.28 40 39 25 7153 105003 21410 21% 11 30011 7078 11%
c 3  5.28 40 39 25 7153 105003 25110 21% 11 30011 7078 11%
c 3  5.29 40 39 25 7153 105003 25927 21% 11 30011 7078 11%
c d  5.29 40 39 25 7153 105003 25922 21% 11 30011 7077 11%
c 2  5.30 40 39 25 7153 105003 25914 21% 11 30011 7077 11%
c p  5.31 40 39 25 7153 105003 32024 21% 11 30011 7076 11%
c d  5.32 40 39 25 7153 105003 31895 21% 11 30008 7075 11%
c B  5.32 40 39 25 7157 105024 31914 21% 11 30008 7075 11%
c -  5.36 40 40 26 7246 105473 16692 22% 11 30008 7075 11%
c -  5.68 40 38 27 7738 113573 17000 21% 11 30008 7075 11%
c s  5.75 40 38 27 7800 114730 17718 21% 11 29994 7075 11%
c v  5.76 40 38 27 7800 114730 17718 21% 11 29971 7075 11%
c 
c  seconds  reductions       redundant   irredundant
c         MB     restarts           trail      variables
c          level      conflicts         glue        remaining
c 
c w  5.77 40 38 27 7800 114730 17713 21% 11 29971 7075 11%
c t  5.77 40 38 27 7800 114730 17707 21% 11 29970 7075 11%
c e  5.78 40 38 27 7800 114730 17704 21% 11 29958 7063 11%
c s  5.78 40 38 27 7800 114730 17660 21% 11 29941 7063 11%
c e  5.79 40 38 27 7800 114730 17660 21% 11 29937 7059 11%
c W  6.02 40 36 27 7854 120025 22359 21% 11 29937 7059 11%
c i  6.06 40 36 27 7931 120670 22924 21% 11 29937 7054 11%
c -  6.12 40 36 28 8110 121974 17887 21% 11 29922 7054 11%
c }  6.28 40 34 28 8460 127009 21874 20% 11 29922 7054 11%
c [  6.28 40 72 28 8460 127009 21874 33% 32 29922 7054 11%
c -  6.44 40 66 29 8460 130674 18009 31% 30 29922 7054 11%
c B  6.67 40 60 29 8465 136026 22299 29% 28 29922 7054 11%
c -  6.87 40 63 30 8467 139674 18834 30% 29 29922 7054 11%
c d  6.89 40 63 30 8467 140004 19071 30% 29 29922 7035 11%
c 3  6.90 40 63 30 8467 140004 22849 30% 29 29922 7035 11%
c 3  6.90 40 63 30 8467 140004 23672 30% 29 29922 7035 11%
c d  6.91 40 63 30 8467 140004 23653 30% 29 29922 7032 11%
c 2  6.91 40 63 30 8467 140004 23650 30% 29 29922 7032 11%
c p  6.92 40 63 30 8467 140004 29086 30% 29 29922 7032 11%
c d  6.93 40 63 30 8467 140004 29080 30% 29 29922 7030 11%
c 
c  seconds  reductions       redundant   irredundant
c         MB     restarts           trail      variables
c          level      conflicts         glue        remaining
c 
c s  7.36 40 62 30 8468 148081 36108 30% 30 29909 7030 11%
c v  7.38 40 62 30 8468 148081 36108 30% 30 29880 7030 11%
c w  7.39 40 62 30 8468 148081 36102 30% 30 29880 7030 11%
c t  7.39 40 62 30 8468 148081 36101 30% 30 29880 7030 11%
c e  7.39 40 62 30 8468 148081 35212 30% 30 29875 7022 11%
c s  7.40 40 62 30 8468 148081 35157 30% 30 29860 7022 11%
c -  7.46 40 63 31 8468 148976 19376 30% 30 29860 7022 11%
c W  7.76 40 63 31 8469 153028 23241 31% 30 29860 7022 11%
c -  8.16 40 66 32 8469 158577 18860 33% 32 29860 7022 11%
c -  8.89 40 69 33 8470 168486 19343 35% 34 29860 7022 11%
c I  9.11 40 69 33 8472 171030 21742 35% 34 29860 7022 11%
c -  9.55 40 70 34 8476 178689 19999 35% 34 29860 7022 11%
c d  9.66 40 70 34 8476 180006 21168 35% 34 29860 7016 11%
c 2  9.67 40 70 34 8476 180006 25352 35% 34 29860 7016 11%
c p  9.68 40 70 34 8476 180006 30731 35% 34 29860 7016 11%
c d  9.69 40 70 34 8476 180006 30726 35% 34 29860 7015 11%
c s  9.95 40 69 34 8480 185670 35712 35% 34 29855 7015 11%
c v  9.97 40 69 34 8480 185670 35712 35% 34 29853 7015 11%
c w  9.98 40 69 34 8480 185670 35712 35% 34 29853 7015 11%
c t  9.98 40 69 34 8480 185670 35710 35% 34 29849 7015 11%
c 
c  seconds  reductions       redundant   irredundant
c         MB     restarts           trail      variables
c          level      conflicts         glue        remaining
c 
c e  9.99 40 69 34 8480 185670 35641 35% 34 29844 7008 11%
c s  9.99 40 69 34 8480 185670 35625 35% 34 29815 7008 11%
c - 10.24 40 68 35 8483 189190 20455 36% 34 29815 7008 11%
c B 10.30 40 68 35 8483 190032 21212 36% 34 29815 7008 11%
c - 10.97 40 71 36 8484 199993 20561 37% 36 29815 7008 11%
c W 11.70 40 72 36 8491 210033 29976 38% 37 29815 7008 11%
c - 11.81 45 72 37 8491 211093 21168 38% 37 29815 7008 11%
c - 12.69 40 73 38 8498 222493 21746 39% 39 29815 7008 11%
c d 12.89 40 74 38 8498 225006 24020 39% 39 29815 7006 11%
c 3 12.90 40 74 38 8498 225006 27501 39% 39 29815 7006 11%
c d 12.91 40 74 38 8498 225006 28444 39% 39 29815 7005 11%
c 2 12.91 40 74 38 8498 225006 28442 39% 39 29815 7005 11%
c p 12.93 40 74 38 8498 225006 33807 39% 39 29815 7005 11%
c d 12.94 40 74 38 8498 225006 33805 39% 39 29815 7004 11%
c s 13.12 40 74 38 8499 227453 35731 39% 40 29815 7004 11%
c v 13.15 40 74 38 8499 227453 35731 39% 40 29784 7004 11%
c w 13.16 40 74 38 8499 227453 35731 39% 40 29784 7004 11%
c e 13.16 40 74 38 8499 227453 35720 39% 40 29779 6997 11%
c s 13.17 40 74 38 8499 227453 35708 39% 40 29770 6997 11%
c O 13.40 40 74 38 8499 231035 38705 39% 40 29770 6997 11%
c 
c  seconds  reductions       redundant   irredundant
c         MB     restarts           trail      variables
c          level      conflicts         glue        remaining
c 
c - 13.60 40 72 39 8499 234194 22222 39% 39 29770 6997 11%
c - 13.97 40 70 40 8500 246194 21486 36% 36 29770 6997 11%
c B 14.22 40 69 40 8501 253036 27632 35% 35 29770 6997 11%
c ] 14.33 40 71 40 8501 255010 29515 35% 35 29770 6997 11%
c { 14.33 40 34 40 8501 255010 29515 20% 11 29770 6997 11%
c - 14.45 40 33 41 8534 258494 23200 20% 11 29770 6997 11%
c - 14.93 40 32 42 10059 271096 23227 20% 11 29770 6997 11%
c s 15.07 40 32 42 10238 273414 24193 20% 11 29767 6997 11%
c v 15.09 40 32 42 10238 273414 24193 20% 11 29649 6997 11%
c w 15.10 40 32 42 10238 273414 24192 20% 11 29649 6997 11%
c t 15.11 40 32 42 10238 273414 24186 20% 11 29649 6997 11%
c e 15.11 40 32 42 10238 273414 23843 20% 11 29636 6982 11%
c s 15.14 40 32 42 10238 273414 23625 20% 11 29631 6982 11%
c d 15.19 40 32 42 10244 275006 24958 20% 11 29631 6966 11%
c 3 15.19 40 32 42 10244 275006 28497 20% 11 29631 6966 11%
c d 15.20 40 32 42 10244 275006 29244 20% 11 29631 6965 11%
c p 15.22 40 32 42 10244 275006 34637 20% 11 29631 6965 11%
c F 15.25 40 32 42 10244 276038 35429 19% 11 29631 6965 11%
c - 15.71 40 32 43 11202 283997 27006 20% 11 29631 6965 11%
c - 16.22 40 30 44 11640 297198 26573 20% 10 29631 6965 11%
c 
c  seconds  reductions        redundant   irredundant
c         MB      restarts           trail      variables
c          level       conflicts         glue        remaining
c 
c B 16.35 40 31 44 12040 300039 29220 20% 11 29631 6965 11%
c - 16.88 40 31 45 14059 310698 28948 20% 11 29631 6965 11%
c s 17.54 40 32 45 15662 323473 39315 20% 11 29625 6965 11%
c v 17.57 40 32 45 15662 323473 39315 20% 11 29470 6965 11%
c w 17.58 40 32 45 15662 323473 39307 20% 11 29470 6965 11%
c t 17.58 40 32 45 15662 323473 39298 20% 11 29469 6965 11%
c e 17.59 40 32 45 15662 323473 36839 20% 11 29428 6919 11%
c s 17.60 40 32 45 15662 323473 36772 20% 11 29415 6919 11%
c - 17.64 40 31 46 15671 324500 27031 20% 11 29415 6919 11%
c W 17.75 40 31 46 15671 325041 27422 20% 11 29415 6919 11%
c d 17.94 40 31 46 15989 330006 31780 20% 11 29415 6892 11%
c 3 17.95 40 31 46 15989 330006 35521 20% 11 29415 6892 11%
c 3 17.95 40 31 46 15989 330006 36384 20% 11 29415 6892 11%
c d 17.96 40 31 46 15989 330006 36358 20% 11 29415 6889 11%
c p 17.97 40 31 46 15989 330006 41384 20% 11 29415 6889 11%
c d 17.98 40 31 46 15989 330006 41367 20% 11 29415 6887 11%
c - 18.28 40 30 47 16831 338600 27659 20% 11 29415 6887 11%
c # 18.82 40 29 47 17775 351043 38243 20% 11 29415 6887 11%
c - 18.95 40 29 48 18006 353000 29659 20% 11 29415 6887 11%
c - 19.60 40 28 49 18684 367700 30661 20% 11 29415 6887 11%
c 
c  seconds  reductions        redundant   irredundant
c         MB      restarts           trail      variables
c          level       conflicts         glue        remaining
c 
c i 19.91 40 27 49 18696 374938 35643 19% 11 29415 6881 11%
c s 20.08 40 27 49 19349 377759 37990 19% 11 29409 6881 11%
c v 20.10 40 27 49 19349 377759 37990 19% 11 29378 6881 11%
c w 20.12 40 27 49 19349 377759 37981 19% 11 29378 6881 11%
c t 20.12 40 27 49 19349 377759 37974 19% 11 29378 6881 11%
c e 20.12 40 27 49 19349 377759 37922 19% 11 29357 6874 11%
c s 20.14 40 27 49 19349 377759 37803 19% 11 29357 6874 11%
c ^ 20.14 40 27 49 19349 377759 37803 19% 11 29357 6874 11%
c B 20.15 40 27 49 19422 378044 38062 19% 11 29357 6874 11%
c - 20.45 40 28 50 20059 382700 22417 20% 11 29357 6874 11%
c d 20.74 40 28 50 20641 390008 28856 20% 11 29357 6845 10%
c 3 20.75 40 28 50 20641 390008 32311 20% 11 29357 6845 10%
c 3 20.76 40 28 50 20641 390008 33154 20% 11 29357 6845 10%
c d 20.76 40 28 50 20641 390008 33089 20% 11 29357 6840 10%
c p 20.79 40 28 50 20641 390008 37894 20% 11 29357 6839 10%
c d 20.79 40 28 50 20641 390008 37740 20% 11 29354 6836 10%
c - 21.26 40 29 51 21764 398000 29870 25% 11 29354 6836 10%
c W 21.64 40 29 51 23111 406046 36610 22% 11 29354 6836 10%
c - 21.98 40 29 52 24174 413602 31212 21% 11 29354 6836 10%
c - 22.93 40 30 53 26188 429504 32812 23% 12 29354 6836 10%
c 
c  seconds  reductions        redundant   irredundant
c         MB      restarts           trail      variables
c          level       conflicts         glue        remaining
c 
c F 23.17 40 31 53 27216 435048 37772 23% 12 29354 6836 10%
c s 23.28 40 31 53 27379 436406 38554 23% 12 29337 6836 10%
c v 23.31 40 31 53 27379 436406 38554 23% 12 29306 6836 10%
c w 23.33 40 31 53 27379 436406 38542 23% 12 29306 6836 10%
c t 23.33 40 31 53 27379 436406 38528 23% 12 29306 6836 10%
c e 23.35 40 31 53 27379 436406 25823 23% 12 29541 6433 10%
c s 23.37 40 31 53 27379 436406 25629 23% 12 29536 6433 10%
c - 23.74 40 31 54 27993 445704 27381 22% 12 29536 6433 10%
c d 24.20 40 31 54 28864 455011 35576 22% 12 29536 6405 10%
c 3 24.21 40 31 54 28864 455011 39058 22% 12 29536 6405 10%
c 3 24.22 40 31 54 28864 455011 39852 22% 12 29536 6405 10%
c d 24.22 40 31 54 28864 455011 39813 22% 12 29536 6402 10%
c 2 24.22 40 31 54 28864 455011 39812 22% 12 29536 6402 10%
c p 24.24 40 31 54 28864 455011 43499 22% 12 29536 6402 10%
c d 24.24 40 31 54 28864 455011 43475 22% 12 29536 6399 10%
c - 24.50 40 31 55 29165 462205 30935 22% 12 29536 6399 10%
c B 24.64 40 31 55 29524 465049 33589 22% 12 29536 6399 10%
c - 25.06 40 29 56 29768 479006 31203 21% 12 29536 6399 10%
c W 25.94 40 30 56 32707 496053 46211 20% 12 29536 6399 10%
c - 25.96 40 30 57 32717 496107 33420 20% 12 29536 6399 10%
c 
c  seconds  reductions        redundant   irredundant
c         MB      restarts           trail      variables
c          level       conflicts         glue        remaining
c 
c s 26.33 40 31 57 33517 502374 38678 21% 12 29532 6399 10%
c v 26.36 40 31 57 33517 502374 38678 21% 12 29512 6399 10%
c w 26.37 40 31 57 33517 502374 38673 21% 12 29512 6399 10%
c t 26.37 40 31 57 33517 502374 38664 21% 12 29510 6399 10%
c e 26.38 40 31 57 33517 502374 38634 21% 12 29513 6394 10%
c s 26.40 40 31 57 33517 502374 38543 21% 12 29505 6394 10%
c } 26.71 40 31 57 34924 511010 46302 20% 12 29505 6394 10%
c [ 26.71 40 71 57 34924 511010 46302 39% 35 29505 6394 10%
c - 26.80 40 71 58 34924 513507 34931 39% 35 29505 6394 10%
c d 27.24 40 74 58 34924 525014 44822 39% 34 29505 6376 10%
c 3 27.25 40 74 58 34924 525014 48061 39% 34 29505 6376 10%
c 3 27.25 40 74 58 34924 525014 48847 39% 34 29505 6376 10%
c d 27.26 40 74 58 34924 525014 48819 39% 34 29505 6373 10%
c 2 27.26 40 74 58 34924 525014 48819 39% 34 29505 6372 10%
c p 27.28 40 74 58 34924 525014 52555 39% 34 29505 6372 10%
c d 27.28 40 74 58 34924 525014 52477 39% 34 29502 6370 10%
c d 27.28 40 74 58 34924 525014 52461 39% 34 29502 6367 10%
c W 27.60 48 74 58 34924 528055 55348 39% 34 29502 6367 10%
c - 27.71 40 72 59 34924 531208 34054 38% 34 29502 6367 10%
c - 28.48 40 68 60 34931 549208 33189 36% 32 29502 6367 10%
c 
c  seconds  reductions        redundant   irredundant
c         MB      restarts           trail      variables
c          level       conflicts         glue        remaining
c 
c I 28.96 40 66 60 34937 561056 43384 34% 32 29502 6367 10%
c - 29.25 42 66 61 34939 567509 32926 34% 32 29502 6367 10%
c s 29.42 42 65 61 34939 572973 37727 34% 32 29501 6367 10%
c v 29.45 42 65 61 34939 572973 37727 34% 32 29478 6367 10%
c w 29.46 42 65 61 34939 572973 37722 34% 32 29478 6367 10%
c t 29.46 42 65 61 34939 572973 37716 34% 32 29476 6367 10%
c e 29.46 42 65 61 34939 572973 37716 34% 32 29483 6358 10%
c s 29.47 42 65 61 34939 572973 37603 34% 32 29467 6358 10%
c - 30.20 42 67 62 34946 586109 33925 34% 31 29467 6358 10%
c B 30.68 42 66 62 34953 595058 42041 34% 32 29467 6358 10%
c d 30.96 42 66 62 34954 600016 46668 34% 31 29467 6355 10%
c 3 30.96 42 66 62 34954 600016 48875 34% 31 29467 6355 10%
c d 30.98 42 66 62 34954 600016 49724 34% 31 29467 6354 10%
c p 31.00 42 66 62 34954 600016 53629 34% 31 29467 6354 10%
c d 31.01 42 66 62 34954 600016 53624 34% 31 29467 6353 10%
c - 31.30 43 67 63 34954 605010 34607 34% 32 29467 6353 10%
c - 32.90 43 74 64 34956 624210 35756 35% 37 29467 6353 10%
c W 33.54 43 76 64 34961 630061 41181 35% 38 29467 6353 10%
c - 34.23 43 74 65 34968 643711 36502 34% 37 29467 6353 10%
c s 34.61 43 73 65 34969 648197 40761 35% 36 29467 6353 10%
c 
c  seconds  reductions        redundant   irredundant
c         MB      restarts           trail      variables
c          level       conflicts         glue        remaining
c 
c v 34.64 43 73 65 34969 648197 40761 35% 36 29450 6353 10%
c w 34.66 43 73 65 34969 648197 40758 35% 36 29450 6353 10%
c e 34.66 43 73 65 34969 648197 40722 35% 36 29451 6349 10%
c s 34.68 43 73 65 34969 648197 40695 35% 36 29449 6349 10%
c - 35.90 43 69 66 34976 663512 36681 35% 36 29449 6349 10%
c O 36.11 43 69 66 34977 666064 38941 35% 36 29449 6349 10%
c d 37.04 43 66 66 34984 680016 51936 35% 35 29449 6348 10%
c p 37.07 43 66 66 34984 680016 58733 35% 35 29449 6348 10%
c - 37.36 43 66 67 34985 683613 37948 35% 35 29449 6348 10%
c B 38.89 43 65 67 34986 703065 56147 35% 37 29449 6348 10%
c - 38.98 43 65 68 34986 704013 38429 35% 37 29449 6348 10%
c - 40.98 53 68 69 34987 724713 38287 36% 40 29449 6348 10%
c s 41.38 53 68 69 34987 727889 41209 37% 40 29448 6348 10%
c v 41.42 53 68 69 34987 727889 41209 37% 40 29413 6348 10%
c w 41.44 53 68 69 34987 727889 41189 37% 40 29413 6348 10%
c e 41.44 53 68 69 34987 727889 41187 37% 40 29410 6345 10%
c s 41.46 53 68 69 34987 727889 41140 37% 40 29408 6345 10%
c W 43.33 53 68 69 34988 741066 53086 37% 42 29408 6345 10%
c - 43.79 53 68 70 34988 745716 40375 37% 42 29408 6345 10%
c d 45.82 53 69 70 34988 765017 58601 38% 43 29408 6335 10%
c 
c  seconds  reductions        redundant   irredundant
c         MB      restarts           trail      variables
c          level       conflicts         glue        remaining
c 
c p 45.85 53 69 70 34988 765017 65355 38% 43 29408 6335 10%
c - 46.11 55 69 71 34988 767017 41395 39% 44 29408 6335 10%
c I 47.43 55 69 71 34988 780068 53315 39% 44 29408 6335 10%
c - 48.24 54 69 72 34988 788617 41160 39% 44 29408 6335 10%
c - 50.23 47 68 73 34991 810518 41973 40% 44 29408 6335 10%
c s 50.40 47 68 73 34992 811967 43240 40% 44 29408 6335 10%
c v 50.43 47 68 73 34992 811967 43240 40% 44 29278 6335 10%
c w 50.45 47 68 73 34992 811967 43238 40% 44 29278 6335 10%
c s 50.47 47 68 73 34992 811967 43213 40% 44 29278 6335 10%
c ^ 50.47 47 68 73 34992 811967 43213 40% 44 29278 6335 10%
c B 51.25 47 68 73 34996 820069 50551 40% 44 29278 6335 10%
c - 52.47 57 68 74 35003 832718 41287 40% 45 29278 6335 10%
c p 54.52 57 67 74 35013 855017 68184 40% 44 29278 6335 10%
c - 54.59 57 67 75 35013 855220 42210 40% 44 29278 6335 10%
c W 55.27 57 67 75 35016 861070 47602 40% 44 29278 6335 10%
c - 56.49 57 68 76 35019 878020 42220 40% 44 29278 6335 10%
c s 58.35 57 69 76 35026 900305 62833 39% 45 29278 6335 10%
c v 58.41 57 69 76 35026 900305 62833 39% 45 29245 6335 10%
c w 58.44 57 69 76 35026 900305 62828 39% 45 29245 6335 10%
c e 58.48 57 69 76 35026 900305 51041 39% 45 29681 6117  9%
c 
c  seconds  reductions        redundant   irredundant
c         MB      restarts           trail      variables
c          level       conflicts         glue        remaining
c 
c s 58.50 57 69 76 35026 900305 51016 39% 45 29650 6117  9%
c - 58.66 57 69 77 35026 901121 35736 41% 45 29650 6117  9%
c O 58.81 57 69 77 35027 903073 37455 40% 46 29650 6117  9%
c - 59.97 57 65 78 35035 924522 40451 36% 42 29650 6117  9%
c B 61.51 57 65 78 35048 946074 60775 38% 41 29650 6117  9%
c - 61.72 57 66 79 35048 948225 42776 38% 42 29650 6117  9%
c 2 61.89 57 66 79 35049 950020 47403 39% 42 29649 6117  9%
c p 61.90 57 66 79 35049 950020 51205 39% 42 29649 6117  9%
c - 63.81 65 68 80 35050 972225 43365 40% 43 29649 6117  9%
c W 65.62 65 69 80 35051 990075 60051 41% 44 29649 6117  9%
c s 66.25 65 69 80 35051 995946 65267 41% 44 29649 6117  9%
c v 66.30 65 69 80 35051 995946 65267 41% 44 29634 6117  9%
c w 66.32 65 69 80 35051 995946 65262 41% 44 29634 6117  9%
c t 66.32 65 69 80 35051 995946 65262 41% 44 29631 6117  9%
c e 66.33 65 69 80 35051 995946 65150 41% 44 29632 6116  9%
c s 66.36 65 69 80 35051 995946 65108 41% 44 29632 6116  9%
c ^ 66.37 65 69 80 35051 995946 65108 41% 44 29632 6116  9%
c - 66.48 65 69 81 35051 996525 45973 41% 44 29632 6116  9%
c 
c caught signal 15 (SIGTERM)
c 
c --- [ result ] -------------------------------------------------------------
c 
c UNKNOWN
c 
c --- [ run-time profiling ] -------------------------------------------------
c 
c process time taken by individual solving procedures
c (percentage relative to process time for solving)
c 
c        65.86   96.08% search
c        49.40   72.07% stable
c        14.82   21.62% unstable
c         2.69    3.92% simplify
c         1.63    2.38% walk
c         0.74    1.08% vivify
c         0.74    1.07% subsume
c         0.39    0.56% elim
c         0.30    0.44% probe
c         0.22    0.32% ternary
c         0.05    0.08% parse
c         0.01    0.01% lucky
c   =================================
c        68.55   99.92% solve
c 
c last line shows process time for solving
c (percentage relative to total process time)
c 
c --- [ statistics ] ---------------------------------------------------------
c 
c blocked:                       0         0.00 %  of irredundant clauses
c   blockings:                   0         0.00    internal
c   candidates:                  0         0.00    per blocking 
c   blockres:                    0         0.00    per candidate
c   pure:                        0         0.00 %  of all variables
c   pureclauses:                 0         0.00    per pure literal
c chronological:            244355        23.96 %  of conflicts
c compacts:                      4    254917.25    interval
c conflicts:               1019669     14875.73    per second
c   backtracked:           1337608       131.18 %  of conflicts
c conditioned:                   0         0.00 %  of irredundant clauses
c   conditionings:               0         0.00    interval
c   condcands:                   0         0.00    candidate clauses
c   condassinit:                 0.0       0.00 %  initial assigned
c   condcondinit:                0.0       0.00 %  initial condition
c   condautinit:                 0.0       0.00 %  initial autarky
c   condassrem:                  0.0       0.00 %  final assigned
c   condcondrem:                 0.000     0.00 %  final conditional
c   condautrem:                  0.000     0.00 %  final autarky
c   condprops:                   0         0.00    per candidate
c covered:                       0         0.00 %  of irredundant clauses
c   coverings:                   0         0.00    interval
c   asymmetric:                  0         0.00 %  of covered clauses
c   blocked:                     0         0.00 %  of covered clauses
c decisions:               2551264     37219.85    per second
c   searched:              9538251         3.74    per decision
c eliminated:                49531        75.94 %  of all variables
c   elimphases:                 21     48555.67    interval
c   elimrounds:                 39         1.86    per phase
c   elimtried:               75174        65.89 %  eliminated
c   elimgates:                8150        10.84 %  gates per tried
c   elimequivs:                 90         1.10 %  equivalence gates
c   elimands:                 8060        98.90 %  and gates
c   elimites:                    0         0.00 %  if-then-else gates
c   elimxors:                    0         0.00 %  xor gates
c   elimsubst:                1321         2.67 %  substituted
c   elimres:                604427        12.20    per eliminated
c   elimrestried:           562458        93.06 %  per resolution
c ext.prop. calls:               0         0.00 %  of queries
c   propagating:                 0         0.00 %  per eprop-call
c   explained:                   0         0.00 %  per eprop-call
c   falsified:                   0         0.00 %  per eprop-call
c ext.clause calls:              0         0.00 %  of queries
c   learned:                     0         0.00 %  per called
c   conflicting:                 0         0.00 %  per learned
c   propagating:                 0         0.00 %  per learned
c ext.final check:               0         0.00 %  of queries
c fixed:                      9351        14.34 %  of all variables
c   failed:                     26         0.04 %  of all variables
c   probefailed:                22        84.62 %  per failed
c   transredunits:               3        11.54 %  per failed
c   probingphases:              19     53666.79    interval
c   probesuccess:               17        89.47 %  phases
c   probingrounds:              19         1.00    per phase
c   probed:                  52635      2024.42    per failed
c   hbrs:                    97791         1.86    per probed
c   hbrsizes:               389177         3.98    per hbr
c   hbreds:                  96808        98.99 %  per hbr
c   hbrsubs:                   464         0.47 %  per hbr
c   units:                      21     48555.67    interval
c   binaries:                 1028       991.90    interval
c flushed:                       0         0.00 %  per conflict
c   hyper:                       0         0.00 %  per conflict
c   flushings:                   0         0.00    interval
c instantiated:                  0         0.00 %  of tried
c   instrounds:                  0         0.00 %  of elimrounds
c learned:                  998522        97.93 %  per conflict
c   bumped:               25012907        25.05    per learned
c   recomputed:            4412410       441.89 %  per learned
c   promoted1:               10729         1.07 %  per learned
c   promoted2:               17944         1.80 %  per learned
c   improvedglue:           393394        39.40 %  per learned
c lucky:                         0         0.00 %  of tried
c   constantzero                 0         0.00 %  of tried
c   constantone                  0         0.00 %  of tried
c   backwardone                  0         0.00 %  of tried
c   backwardzero                 0         0.00 %  of tried
c   forwardone                   0         0.00 %  of tried
c   forwardzero                  0         0.00 %  of tried
c   positivehorn                 0         0.00 %  of tried
c   negativehorn                 0         0.00 %  of tried
c   extendbytes:           2809252         2.68    bytes and MB
c learned_lits:           98665159       100.00 %  learned literals
c minimized:                     0         0.00 %  learned literals
c shrunken:               25764059        26.11 %  learned literals
c minishrunken:           12537561        12.71 %  learned literals
c otfs:                       2269         0.22 %  of conflict
c   subsumed                   100         0.01 %  of conflict
c   strengthened              2169         0.21 %  of conflict
c propagations:          338902072         4.94 M  per second
c   coverprops:                  0         0.00 %  of propagations
c   probeprops:            1923368         0.57 %  of propagations
c   searchprops:         296701427        87.55 %  of propagations
c   transredprops:         1087362         0.32 %  of propagations
c   vivifyprops:           6224406         1.84 %  of propagations
c   walkprops:            32965509         9.73 %  of propagations
c reactivated:                   0         0.00 %  of all variables
c reduced:                  800310        78.49 %  per conflict
c   reductions:                 81     12588.51    interval
c   collections:                87     11720.33    interval
c rephased:                     44     23174.30    interval
c   rephasedbest:               14        31.82 %  rephased best
c   rephasedflip:                4         9.09 %  rephased flipping
c   rephasedinv:                 4         9.09 %  rephased inverted
c   rephasedorig:                5        11.36 %  rephased original
c   rephasedrand:                3         6.82 %  rephased random
c   rephasedwalk:               14        31.82 %  rephased walk
c rescored:                     99     10299.69    interval
c restarts:                  35059        29.08    interval
c   reused:                  21725        61.97 %  per restart
c   reusedlevels:           193748        13.34 %  per restart levels
c restored:                      0         0.00 %  per weakened
c   restorations:                0         0.00 %  per extension
c   literals:                    0         0.00    per restored clause
c stabilizing:                   5        66.56 %  of conflicts
c   restartstab:               197         0.56 %  of all restarts
c   reusedstab:                168        85.28 %  per stable restarts
c substituted:                 230         0.35 %  of all variables
c   decompositions:             90         4.74    per phase
c subsumed:                  93851         3.49 %  of all clauses
c   subsumephases:              21     48555.67    interval
c   subsumerounds:              42         2.00    per phase
c   deduplicated:               31         0.03 %  per subsumed
c   transreds:                  21     48555.67    interval
c   transitive:                581         0.62 %  per subsumed
c   subirr:                   6124         6.53 %  of subsumed
c   subred:                   7150         7.62 %  of subsumed
c   subtried:              1354369        14.43    tried per subsumed
c   subchecks:            61679286        45.54    per tried
c   subchecks2:            2851775         4.62 %  per subcheck
c   elimotfsub:                  0         0.00 %  of subsumed
c   elimbwsub:                 608         0.65 %  of subsumed
c   eagersub:                78532        83.68 %  of subsumed
c   eagertried:           21967022       279.72    tried per eagersub
c strengthened:              34272         1.27 %  of all clauses
c   elimotfstr:               4597        13.41 %  of strengthened
c   elimbwstr:                   0         0.00 %  of strengthened
c ternary:                   78333         1.70 %  of resolved
c   phases:                     38     26833.39    interval
c   htr3:                    78275        99.93 %  ternary hyper ternres
c   htr2:                       58         0.07 %  binary hyper ternres
c vivified:                   2026         0.08 %  of all clauses
c   vivifications:              21     48555.67    interval
c   vivifychecks:            78474         7.70 %  per conflict
c   vivifysched:            822672         9.54 %  checks per scheduled
c   vivifyunits:                 0         0.00 %  per vivify check
c   vivifyinst:                154         0.20 %  per vivify check
c   vivifysubs:               1385         1.48 %  per subsumed
c   vivifystrs:                641         1.87 %  per strengthened
c   vivifystrirr:              241        37.60 %  per vivifystrs
c   vivifystred1:                3         0.47 %  per vivifystrs
c   vivifystred2:              160        24.96 %  per vivifystrs
c   vivifystred3:              237        36.97 %  per vivifystrs
c   vivifydecs:             321176         4.09    per checks
c   vivifyreused:            93035        28.97 %  per decision
c walked:                       14     72833.50    interval
c   flips:                 2530827         1.55 M  per second
c   minimum:                    14         0.01 %  clauses
c   broken:              100544413        39.73    per flip
c weakened:                 112531         3.24    average size
c   extensions:                  0         0.00    interval
c   flipped:                     0         0.00    per weakened
c 
c seconds are measured in process time for solving
c 
c --- [ resources ] ----------------------------------------------------------
c 
c total process time since initialization:        68.60    seconds
c total real time since initialization:           68.68    seconds
c maximum resident set size of process:           69.75    MB
c 
c raising signal 15 (SIGTERM)
