c --- [ banner ] -------------------------------------------------------------
c 
c CaDiCaL SAT Solver
c Copyright (c) 2016-2023 A. Biere, M. Fleury, N. Froleyks, K. Fazekas, F. Pollitt
c 
c Version 1.7.3
c g++-13.2.0
c Feb 11 2024 04:08:27
c 
c --- [ limit ] --------------------------------------------------------------
c 
c setting time limit to 28734 seconds real time (due to '-t 28734')
c 
c --- [ proof tracing ] ------------------------------------------------------
c 
c opening file to write '/root/projects/maph/discovery/out/cover-23-6-2-bounded-binary-20260807/4.drat'
c writing binary proof trace to '/root/projects/maph/discovery/out/cover-23-6-2-bounded-binary-20260807/4.drat'
c 
c --- [ parsing input ] ------------------------------------------------------
c 
c reading DIMACS file from '/root/projects/maph/discovery/out/cover-23-6-2-bounded-binary-20260807/4.cnf'
c opening file to read '/root/projects/maph/discovery/out/cover-23-6-2-bounded-binary-20260807/4.cnf'
c found 'p cnf 63196 136607' header
c parsed 136607 clauses in 0.05 seconds process time
c closing file '/root/projects/maph/discovery/out/cover-23-6-2-bounded-binary-20260807/4.cnf'
c 
c --- [ options ] ------------------------------------------------------------
c 
c all options are set to their default value
c 
c --- [ solving ] ------------------------------------------------------------
c 
c time measured in process time since initialization
c 
c  seconds  reductions  redundant  irredundant
c         MB    restarts       trail       variables
c          level   conflicts       glue         remaining
c 
c *  0.05 28  0 0   0    0    0  0% 0 129198 58942 93%
c {  0.06 29  0 0   0    0    0  0% 0 129198 58942 93%
c i  0.06 30 68 0   0   22   21 17% 2 129198 58925 93%
c i  0.06 30 67 0   0   24   22 17% 2 129198 58908 93%
c i  0.06 30 32 0   3  101   84 11% 2 129198 58893 93%
c i  0.07 30 28 0   4  124  104 11% 2 129198 58836 93%
c i  0.07 30 30 0   9  158  135 11% 3 129198 58814 93%
c i  0.07 30 29 0  11  167  142 11% 3 129198 58798 93%
c i  0.07 30 29 0  11  168  142 11% 3 129198 58783 93%
c i  0.07 30 30 0  12  171  144 11% 3 129198 58782 93%
c i  0.08 30 37 0  33  244  214 13% 5 129198 58670 93%
c i  0.08 30 40 0  43  284  247 14% 5 129198 58656 93%
c i  0.08 30 40 0  44  294  252 14% 5 129198 58551 93%
c -  0.09 30 39 1  47  300  243 14% 5 122949 58518 93%
c i  0.10 30 39 1  55  338  276 14% 6 122949 58462 93%
c i  0.10 30 40 1  57  351  285 14% 6 122949 58365 92%
c i  0.10 30 40 1  57  353  286 14% 6 122949 58260 92%
c i  0.10 30 40 1  58  355  287 14% 6 122949 58224 92%
c i  0.10 30 42 1  71  421  344 15% 6 122949 57826 92%
c i  0.10 30 42 1  71  422  344 15% 6 122949 57713 91%
c 
c  seconds  reductions  redundant  irredundant
c         MB    restarts       trail       variables
c          level   conflicts       glue         remaining
c 
c i  0.10 30 42 1  72  423  344 15% 6 122949 57614 91%
c i  0.11 30 44 1  89  509  419 16% 6 122949 57592 91%
c i  0.12 30 45 1 100  561  469 16% 6 122949 57487 91%
c i  0.12 30 42 1 107  775  593 16% 5 122949 57436 91%
c -  0.15 35 43 2 118  954  657 16% 5 119429 57387 91%
c }  0.15 35 44 2 118 1002  697 16% 5 119429 57387 91%
c [  0.15 35  0 2 118 1002  697  0% 0 119429 57387 91%
c O  0.15 35 33 2 118 1003  698 19% 4 119429 57387 91%
c -  0.20 37 40 3 118 1925 1406 19% 16 119429 57387 91%
c i  0.21 37 39 3 119 2087 1556 19% 16 119429 57372 91%
c s  0.25 33 45 3 119 2265 1669 21% 16 115587 57372 91%
c v  0.28 37 45 3 119 2265 1669 21% 16 115585 57372 91%
c w  0.28 37 45 3 119 2265 1667 21% 16 115585 57372 91%
c t  0.29 37 45 3 119 2265 1653 21% 16 115230 56962 90%
c e  0.41 43 45 3 119 2265  137 21% 16 41660 9938 16%
c s  0.42 43 45 3 119 2265  121 21% 16 39915 9938 16%
c e  0.44 43 45 3 119 2265  116 21% 16 38318 9076 14%
c i  0.47 36 45 3 119 2266  116 16% 16 38318 8992 14%
c ]  0.50 36 57 3 119 3002  795 31% 19 38318 8992 14%
c {  0.50 36 44 3 119 3002  795 114% 5 38318 8992 14%
c 
c  seconds  reductions  redundant   irredundant
c         MB    restarts       trail      variables
c          level   conflicts        glue       remaining
c 
c F  0.50 36 44 3 119 3005  797 114% 5 38318 8922 14%
c i  0.50 36 44 3 119 3005  797 114% 5 38318 8917 14%
c -  0.51 36 45 4 162 3217  961 98% 6 37589 8917 14%
c i  0.52 36 45 4 190 3471 1161 84% 6 37589 8909 14%
c i  0.54 36 45 4 344 4102 1738 66% 8 37589 8906 14%
c i  0.56 36 47 4 433 4614 2131 57% 8 37589 8901 14%
c -  0.57 36 47 5 460 4719 1740 56% 8 37473 8900 14%
c i  0.57 36 47 5 482 4804 1818 55% 8 37473 8893 14%
c i  0.57 36 47 5 486 4821 1834 55% 8 37473 8872 14%
c d  0.58 36 47 5 499 5001 1959 53% 8 37175 8823 14%
c d  0.58 36 47 5 499 5001 1959 53% 8 37173 8822 14%
c 3  0.58 36 47 5 499 5001 11153 53% 8 37173 8822 14%
c 3  0.59 36 47 5 499 5001 11415 53% 8 37173 8822 14%
c d  0.59 36 47 5 499 5001 11412 53% 8 37171 8821 14%
c 2  0.59 36 47 5 499 5001 11409 53% 8 37155 8756 14%
c p  0.62 36 47 5 499 5001 19050 53% 8 37155 8673 14%
c d  0.62 36 47 5 499 5001 18119 53% 8 36575 8663 14%
c d  0.62 36 47 5 499 5001 18118 53% 8 36562 8658 14%
c #  0.65 36 45 5 608 6006 19024 46% 8 36562 8658 14%
c -  0.67 36 43 6 648 6520 3220 43% 8 36562 8658 14%
c 
c  seconds  reductions  redundant  irredundant
c         MB    restarts       trail     variables
c          level   conflicts       glue       remaining
c 
c }  0.68 36 40 6 648 7004 3655 40% 8 36562 8658 14%
c [  0.68 36 57 6 648 7004 3655 31% 19 36562 8658 14%
c -  0.73 36 37 7 649 8623 3433 22% 14 36562 8658 14%
c I  0.77 36 30 7 650 10008 4479 20% 13 36562 8658 14%
c s  0.80 36 27 7 651 10578 4452 20% 12 35544 8658 14%
c v  0.81 36 27 7 651 10578 4452 20% 12 35437 8658 14%
c w  0.81 36 27 7 651 10578 4444 20% 12 35437 8658 14%
c t  0.81 36 27 7 651 10578 4404 20% 12 35318 8658 14%
c e  0.82 36 27 7 651 10578 4103 20% 12 34695 8264 13%
c s  0.83 36 27 7 651 10578 4051 20% 12 34538 8264 13%
c e  0.83 37 27 7 651 10578 4049 20% 12 34528 8246 13%
c i  0.84 37 27 7 651 10656 4082 20% 12 34528 8244 13%
c -  0.86 37 32 8 651 11024 1512 22% 13 34523 8244 13%
c -  0.99 37 52 9 653 13724 3562 28% 23 34523 8244 13%
c d  1.06 37 54 9 653 15001 4772 29% 24 34517 8241 13%
c 3  1.07 37 54 9 653 15001 12085 29% 24 34516 8241 13%
c 3  1.07 37 54 9 653 15001 12959 29% 24 34516 8241 13%
c d  1.08 37 54 9 653 15001 12959 29% 24 34513 8240 13%
c 2  1.08 37 54 9 653 15001 12958 29% 24 34512 8240 13%
c p  1.09 37 54 9 653 15001 18970 29% 24 34512 8240 13%
c 
c  seconds  reductions    redundant   irredundant
c         MB    restarts         trail      variables
c          level    conflicts        glue        remaining
c 
c d  1.09 37 54 9 653 15001 18966 29% 24 34507 8235 13%
c ]  1.09 37 54 9 653 15004 18969 29% 24 34507 8235 13%
c {  1.09 37 40 9 653 15004 18969 40% 8 34507 8235 13%
c B  1.09 37 40 9 653 15013 18977 40% 8 34507 8235 13%
c -  1.17 37 42 10 952 16724 5292 37% 9 34507 8235 13%
c -  1.29 37 41 11 1341 20024 5527 32% 9 34507 8235 13%
c W  1.34 37 42 11 1525 21017 6385 32% 9 34507 8235 13%
c s  1.42 37 41 11 1743 22975 8016 30% 10 34458 8235 13%
c v  1.43 37 41 11 1743 22975 8016 30% 10 34070 8235 13%
c w  1.43 37 41 11 1743 22975 8013 30% 10 34070 8235 13%
c t  1.43 37 41 11 1743 22975 8000 30% 10 34046 8235 13%
c e  1.44 37 41 11 1743 22975 7858 30% 10 34021 8214 13%
c s  1.45 37 41 11 1743 22975 7831 30% 10 33999 8214 13%
c -  1.48 37 41 12 1786 23624 6744 30% 10 33999 8214 13%
c -  1.61 37 40 13 2314 27526 6951 28% 10 33999 8214 13%
c F  1.63 37 40 13 2410 28018 7416 28% 10 33999 8214 13%
c d  1.70 37 41 13 2628 30001 9157 28% 10 33997 8206 13%
c 3  1.71 37 41 13 2628 30001 12922 28% 10 33997 8206 13%
c 3  1.72 37 41 13 2628 30001 13735 28% 10 33997 8206 13%
c d  1.72 37 41 13 2628 30001 13730 28% 10 33997 8205 13%
c 
c  seconds  reductions      redundant   irredundant
c         MB     restarts          trail      variables
c          level      conflicts        glue        remaining
c 
c 2  1.72 37 41 13 2628 30001 13721 28% 10 33996 8205 13%
c p  1.74 37 41 13 2628 30001 19987 28% 10 33996 8203 13%
c d  1.74 37 41 13 2628 30001 19854 28% 10 33990 8200 13%
c }  1.77 37 40 13 2638 31005 20766 27% 10 33990 8200 13%
c [  1.77 37 54 13 2638 31005 20766 29% 24 33990 8200 13%
c -  1.80 37 51 14 2638 31726 7806 28% 23 33990 8200 13%
c B  1.97 37 56 14 2641 36020 11718 29% 24 33990 8200 13%
c -  1.98 37 56 15 2641 36228 8775 29% 24 33990 8200 13%
c s  2.12 37 58 15 2643 39370 11442 29% 26 33969 8200 13%
c v  2.14 37 58 15 2643 39370 11442 29% 26 33755 8200 13%
c w  2.14 37 58 15 2643 39370 11439 29% 26 33755 8200 13%
c e  2.15 37 58 15 2643 39370 9095 29% 26 33611 8070 13%
c s  2.15 37 58 15 2643 39370 9082 29% 26 33503 8070 13%
c e  2.16 37 58 15 2643 39370 9082 29% 26 33386 8037 13%
c -  2.24 37 57 16 2644 41031 6791 26% 26 33386 8037 13%
c W  2.42 37 56 16 2645 45021 10246 28% 27 33386 8037 13%
c -  2.47 37 56 17 2646 46134 8293 28% 27 33386 8037 13%
c d  2.62 37 55 17 2646 50004 11776 29% 28 33386 8036 13%
c 3  2.63 37 55 17 2646 50004 15940 29% 28 33386 8036 13%
c p  2.64 37 55 17 2646 50004 21962 29% 28 33386 8036 13%
c 
c  seconds  reductions     redundant   irredundant
c         MB     restarts         trail      variables
c          level      conflicts       glue        remaining
c 
c -  2.71 37 55 18 2646 51534 9262 29% 28 33386 8036 13%
c O  2.86 37 55 18 2647 55025 12488 30% 29 33386 8036 13%
c -  2.94 37 53 19 2649 57234 9665 28% 28 33386 8036 13%
c s  3.06 37 51 19 2651 59916 12040 27% 27 33384 8036 13%
c v  3.07 37 51 19 2651 59916 12040 27% 27 33333 8036 13%
c w  3.07 37 51 19 2651 59916 12039 27% 27 33333 8036 13%
c e  3.08 37 51 19 2651 59916 12037 27% 27 33164 7956 13%
c s  3.09 37 51 19 2651 59916 12034 27% 27 33061 7956 13%
c e  3.09 37 51 19 2651 59916 12034 27% 27 33043 7950 13%
c ]  3.18 37 49 19 2653 63005 14637 26% 27 33043 7950 13%
c {  3.18 37 40 19 2653 63005 14637 30% 10 33043 7950 13%
c -  3.20 37 40 20 2700 63234 9740 30% 10 33043 7950 13%
c B  3.29 37 41 20 2918 66026 12255 30% 10 33043 7950 13%
c -  3.42 37 40 21 3251 69538 9948 28% 10 33043 7950 13%
c d  3.58 37 38 21 3933 75004 14720 27% 10 33043 7945 13%
c 3  3.59 37 38 21 3933 75004 18323 27% 10 33043 7945 13%
c 3  3.59 37 38 21 3933 75004 19090 27% 10 33043 7945 13%
c d  3.60 37 38 21 3933 75004 19071 27% 10 33043 7942 13%
c 2  3.60 37 38 21 3933 75004 19067 27% 10 33043 7942 13%
c p  3.61 37 38 21 3933 75004 25124 27% 10 33043 7942 13%
c 
c  seconds  reductions      redundant   irredundant
c         MB     restarts          trail      variables
c          level      conflicts        glue        remaining
c 
c -  3.66 37 38 22 4099 76138 12003 27% 10 33043 7942 13%
c W  3.74 37 37 22 4248 78027 13594 26% 10 33043 7942 13%
c -  3.85 37 35 23 4531 83038 11744 25% 10 33043 7942 13%
c s  3.88 37 34 23 4587 84580 12604 24% 10 33037 7942 13%
c v  3.90 37 34 23 4587 84580 12604 24% 10 32997 7942 13%
c w  3.90 37 34 23 4587 84580 12601 24% 10 32997 7942 13%
c t  3.90 37 34 23 4587 84580 12597 24% 10 32997 7942 13%
c e  3.91 37 34 23 4587 84580 12588 24% 10 32932 7900 13%
c s  3.91 37 34 23 4587 84580 12567 24% 10 32901 7900 13%
c e  3.92 37 34 23 4587 84580 12567 24% 10 32892 7897 12%
c -  4.04 37 32 24 4787 90238 11457 23% 10 32892 7897 12%
c #  4.06 37 31 24 4802 91029 12028 22% 10 32892 7897 12%
c -  4.28 37 32 25 5139 97739 12477 22% 10 32892 7897 12%
c d  4.52 37 32 25 5508 105004 19017 22% 10 32892 7883 12%
c 3  4.52 37 32 25 5508 105004 22643 22% 10 32892 7883 12%
c 3  4.53 37 32 25 5508 105004 23518 22% 10 32892 7883 12%
c d  4.53 37 32 25 5508 105004 23492 22% 10 32892 7880 12%
c 2  4.54 37 32 25 5508 105004 23489 22% 10 32892 7880 12%
c p  4.55 37 32 25 5508 105004 29559 22% 10 32892 7880 12%
c B  4.55 37 32 25 5508 105030 29584 22% 10 32892 7880 12%
c 
c  seconds  reductions       redundant   irredundant
c         MB     restarts           trail      variables
c          level      conflicts         glue        remaining
c 
c -  4.59 37 32 26 5615 105539 14731 22% 10 32892 7880 12%
c s  4.79 37 30 26 5994 113398 20935 21% 10 32889 7880 12%
c v  4.80 37 30 26 5994 113398 20935 21% 10 32880 7880 12%
c w  4.81 37 30 26 5994 113398 20931 21% 10 32880 7880 12%
c t  4.81 37 30 26 5994 113398 20927 21% 10 32879 7880 12%
c e  4.81 37 30 26 5994 113398 20927 21% 10 32878 7878 12%
c s  4.82 37 30 26 5994 113398 20904 21% 10 32877 7878 12%
c -  4.84 37 30 27 6003 113640 14659 21% 10 32877 7878 12%
c W  5.08 37 29 27 6594 120033 20347 20% 10 32877 7878 12%
c -  5.18 37 30 28 6879 122042 14727 20% 11 32877 7878 12%
c }  5.30 37 28 28 6904 127008 18752 20% 10 32877 7878 12%
c [  5.30 37 49 28 6904 127008 18752 26% 27 32877 7878 12%
c -  5.40 37 46 29 6904 130743 14880 24% 25 32877 7878 12%
c B  5.55 37 41 29 6909 136036 18860 22% 23 32877 7878 12%
c -  5.72 37 45 30 6911 139745 16336 24% 24 32877 7878 12%
c d  5.73 37 45 30 6911 140005 16575 24% 24 32877 7875 12%
c 3  5.73 37 45 30 6911 140005 20206 24% 24 32877 7875 12%
c 3  5.74 37 45 30 6911 140005 21182 24% 24 32877 7875 12%
c d  5.74 37 45 30 6911 140005 21169 24% 24 32877 7874 12%
c 2  5.75 37 45 30 6911 140005 21168 24% 24 32877 7874 12%
c 
c  seconds  reductions       redundant   irredundant
c         MB     restarts           trail      variables
c          level      conflicts         glue        remaining
c 
c p  5.76 37 45 30 6911 140005 26997 24% 24 32877 7874 12%
c d  5.76 37 45 30 6911 140005 26990 24% 24 32877 7873 12%
c s  6.18 37 51 30 6912 146378 32447 28% 27 32873 7873 12%
c v  6.20 37 51 30 6912 146378 32447 28% 27 32807 7873 12%
c w  6.21 37 51 30 6912 146378 32446 28% 27 32807 7873 12%
c t  6.21 37 51 30 6912 146378 32443 28% 27 32807 7873 12%
c e  6.22 37 51 30 6912 146378 32286 28% 27 32791 7851 12%
c s  6.22 37 51 30 6912 146378 32251 28% 27 32782 7851 12%
c -  6.43 37 52 31 6912 149046 18003 29% 28 32782 7851 12%
c W  6.80 37 54 31 6913 153037 21748 31% 30 32782 7851 12%
c -  7.25 37 56 32 6913 158647 17723 33% 32 32782 7851 12%
c -  8.07 42 60 33 6914 168551 18283 36% 34 32782 7851 12%
c I  8.32 42 60 33 6916 171041 20550 37% 35 32782 7851 12%
c -  8.72 37 63 34 6920 178751 18529 37% 34 32782 7851 12%
c d  8.80 37 64 34 6920 180006 19722 37% 34 32782 7847 12%
c 3  8.81 37 64 34 6920 180006 23177 37% 34 32782 7847 12%
c d  8.82 37 64 34 6920 180006 24073 37% 34 32782 7846 12%
c p  8.84 37 64 34 6920 180006 29782 37% 34 32782 7846 12%
c s  9.11 37 66 34 6923 183494 32856 38% 35 32781 7846 12%
c v  9.14 37 66 34 6923 183494 32856 38% 35 32680 7846 12%
c 
c  seconds  reductions       redundant   irredundant
c         MB     restarts           trail      variables
c          level      conflicts         glue        remaining
c 
c w  9.15 37 66 34 6923 183494 32852 38% 35 32680 7846 12%
c e  9.15 37 66 34 6923 183494 32721 38% 35 32648 7804 12%
c s  9.16 37 66 34 6923 183494 32639 38% 35 32620 7804 12%
c -  9.56 39 67 35 6927 189258 19336 38% 35 32620 7804 12%
c B  9.61 39 67 35 6927 190043 20085 38% 35 32620 7804 12%
c - 10.28 39 70 36 6928 200058 19059 39% 36 32620 7804 12%
c W 10.89 39 70 36 6935 210044 28393 39% 36 32620 7804 12%
c - 10.97 39 70 37 6935 211159 19640 39% 36 32620 7804 12%
c - 11.52 39 69 38 6942 222559 19715 39% 34 32620 7804 12%
c d 11.63 39 70 38 6942 225006 22014 38% 35 32620 7799 12%
c 3 11.64 39 70 38 6942 225006 25751 38% 35 32620 7799 12%
c p 11.66 39 70 38 6942 225006 32410 38% 35 32620 7799 12%
c d 11.67 39 70 38 6942 225006 32407 38% 35 32620 7798 12%
c s 11.69 39 70 38 6942 225006 32230 38% 35 32620 7798 12%
c v 11.71 39 70 38 6942 225006 32230 38% 35 32567 7798 12%
c w 11.72 39 70 38 6942 225006 32227 38% 35 32567 7798 12%
c e 11.73 39 70 38 6942 225006 32137 38% 35 32555 7787 12%
c s 11.73 39 70 38 6942 225006 32120 38% 35 32539 7787 12%
c e 11.74 39 70 38 6942 225006 31835 38% 35 32535 7786 12%
c O 12.15 39 70 38 6943 231046 37493 39% 35 32535 7786 12%
c 
c  seconds  reductions       redundant   irredundant
c         MB     restarts           trail      variables
c          level      conflicts         glue        remaining
c 
c - 12.37 39 69 39 6943 234262 20614 39% 35 32535 7786 12%
c - 13.35 39 70 40 6944 246265 20763 40% 36 32535 7786 12%
c B 13.97 39 70 40 6945 253047 27195 40% 36 32535 7786 12%
c ] 14.15 39 70 40 6945 255009 29039 40% 37 32535 7786 12%
c { 14.15 39 28 40 6945 255009 29039 20% 10 32535 7786 12%
c - 14.33 40 28 41 7204 258566 22354 20% 10 32535 7786 12%
c s 14.72 40 28 41 8245 270394 31625 20% 11 32528 7786 12%
c v 14.74 40 28 41 8245 270394 31625 20% 11 32307 7786 12%
c w 14.75 40 28 41 8245 270394 31624 20% 11 32307 7786 12%
c t 14.75 40 28 41 8245 270394 31621 20% 11 32307 7786 12%
c e 14.76 40 28 41 8245 270394 31620 20% 11 32247 7731 12%
c s 14.77 40 28 41 8245 270394 31582 20% 11 32212 7731 12%
c e 14.77 40 28 41 8245 270394 31570 20% 11 32208 7727 12%
c - 14.83 40 28 42 8426 271166 20731 20% 11 32208 7727 12%
c d 14.99 40 28 42 8876 275006 24147 20% 11 32208 7714 12%
c 3 15.00 40 28 42 8876 275006 28685 20% 11 32208 7714 12%
c p 15.01 40 28 42 8876 275006 34340 20% 11 32208 7714 12%
c d 15.02 40 28 42 8876 275006 34338 20% 11 32208 7713 12%
c F 15.05 40 28 42 8878 276048 35212 20% 11 32208 7713 12%
c - 15.29 40 28 43 10741 284066 21997 19% 11 32208 7713 12%
c 
c  seconds  reductions        redundant   irredundant
c         MB      restarts           trail      variables
c          level       conflicts         glue        remaining
c 
c - 15.64 40 26 44 12292 297269 21397 18% 11 32208 7713 12%
c B 15.73 40 26 44 12476 300051 23849 19% 11 32208 7713 12%
c - 16.07 40 26 45 12888 310770 21760 18% 11 32208 7713 12%
c s 16.40 40 27 45 13208 319825 29571 19% 11 32205 7713 12%
c v 16.42 40 27 45 13208 319825 29571 19% 11 32144 7713 12%
c w 16.43 40 27 45 13208 319825 29567 19% 11 32144 7713 12%
c t 16.43 40 27 45 13208 319825 29561 19% 11 32144 7713 12%
c e 16.44 40 27 45 13208 319825 29547 19% 11 32129 7697 12%
c s 16.45 40 27 45 13208 319825 29499 19% 11 32080 7697 12%
c - 16.58 40 26 46 13280 324570 23281 18% 11 32080 7697 12%
c W 16.69 40 26 46 13280 325053 23660 18% 11 32080 7697 12%
c d 16.84 40 26 46 13384 330006 27437 18% 11 32080 7684 12%
c 3 16.85 40 26 46 13384 330006 30932 18% 11 32080 7684 12%
c 3 16.86 40 26 46 13384 330006 31950 18% 11 32080 7684 12%
c d 16.86 40 26 46 13384 330006 31943 18% 11 32080 7683 12%
c 2 16.87 40 26 46 13384 330006 31942 18% 11 32080 7683 12%
c p 16.88 40 26 46 13384 330006 37406 18% 11 32080 7683 12%
c - 17.16 40 25 47 13666 338671 24327 18% 11 32080 7683 12%
c # 17.58 40 25 47 14252 351054 34796 19% 11 32080 7683 12%
c - 17.70 40 25 48 14503 353071 26034 19% 11 32080 7683 12%
c 
c  seconds  reductions        redundant   irredundant
c         MB      restarts           trail      variables
c          level       conflicts         glue        remaining
c 
c - 18.30 40 25 49 15101 367771 27738 19% 11 32080 7683 12%
c s 18.52 40 24 49 15106 373367 32228 18% 11 32075 7683 12%
c v 18.55 40 24 49 15106 373367 32228 18% 11 31892 7683 12%
c w 18.56 40 24 49 15106 373367 32228 18% 11 31892 7683 12%
c t 18.56 40 24 49 15106 373367 32223 18% 11 31892 7683 12%
c e 18.56 40 24 49 15106 373367 32178 18% 11 31845 7642 12%
c s 18.58 40 24 49 15106 373367 32134 18% 11 31817 7642 12%
c B 18.73 40 24 49 15115 378058 35716 18% 11 31817 7642 12%
c - 18.98 40 24 50 15966 382771 28586 18% 11 31817 7642 12%
c d 19.22 40 24 50 16866 390006 34532 18% 11 31817 7633 12%
c 3 19.23 40 24 50 16866 390006 38039 18% 11 31817 7633 12%
c 3 19.23 40 24 50 16866 390006 38836 18% 11 31817 7633 12%
c d 19.24 40 24 50 16866 390006 38833 18% 11 31817 7632 12%
c 2 19.24 40 24 50 16866 390006 38831 18% 11 31817 7629 12%
c p 19.26 40 24 50 16866 390006 44067 18% 11 31817 7629 12%
c d 19.26 40 24 50 16866 390006 44041 18% 11 31808 7628 12%
c - 19.52 40 24 51 17315 398071 29398 18% 11 31808 7628 12%
c W 19.89 40 24 51 18360 406060 35879 18% 11 31808 7628 12%
c - 20.11 40 23 52 19165 413671 27875 18% 11 31808 7628 12%
c - 20.65 40 22 53 19408 429571 27208 17% 11 31808 7628 12%
c 
c  seconds  reductions        redundant   irredundant
c         MB      restarts           trail      variables
c          level       conflicts         glue        remaining
c 
c s 20.70 40 22 53 19411 430986 28204 17% 11 31799 7628 12%
c v 20.73 40 22 53 19411 430986 28204 17% 11 31695 7628 12%
c w 20.74 40 22 53 19411 430986 28199 17% 11 31695 7628 12%
c t 20.74 40 22 53 19411 430986 28196 17% 11 31695 7628 12%
c e 20.75 40 22 53 19411 430986 28144 17% 11 31657 7594 12%
c s 20.76 40 22 53 19411 430986 28116 17% 11 31647 7594 12%
c F 20.91 40 22 53 19426 435063 31252 17% 11 31647 7594 12%
c i 21.19 40 22 53 19997 443967 38641 17% 11 31647 7593 12%
c - 21.30 40 22 54 20222 445771 29987 17% 11 31468 7593 12%
c d 21.57 40 22 54 20565 455007 37497 17% 11 31468 7587 12%
c 3 21.58 40 22 54 20565 455007 40863 17% 11 31468 7587 12%
c 3 21.58 40 22 54 20565 455007 41865 17% 11 31468 7587 12%
c d 21.59 40 22 54 20565 455007 41840 17% 11 31468 7585 12%
c 2 21.59 40 22 54 20565 455007 41837 17% 11 31468 7585 12%
c p 21.61 40 22 54 20565 455007 47102 17% 11 31468 7585 12%
c d 21.61 40 22 54 20565 455007 47070 17% 11 31468 7580 12%
c - 21.93 40 22 55 20860 462271 30491 17% 11 31468 7580 12%
c B 22.00 40 21 55 20865 465065 32560 17% 11 31468 7580 12%
c - 22.39 40 21 56 21877 479071 31326 17% 11 31468 7580 12%
c s 23.05 40 22 56 22966 492761 41624 17% 11 31456 7580 12%
c 
c  seconds  reductions        redundant   irredundant
c         MB      restarts           trail      variables
c          level       conflicts         glue        remaining
c 
c v 23.08 40 22 56 22966 492761 41624 17% 11 31450 7580 12%
c w 23.09 40 22 56 22966 492761 41616 17% 11 31450 7580 12%
c t 23.09 40 22 56 22966 492761 41612 17% 11 31447 7580 12%
c e 23.09 40 22 56 22966 492761 41612 17% 11 31446 7547 12%
c s 23.11 40 22 56 22966 492761 41577 17% 11 31446 7547 12%
c ^ 23.11 40 22 56 22966 492761 41577 17% 11 31446 7547 12%
c W 23.36 40 22 56 23223 496067 44398 17% 11 31446 7547 12%
c - 23.38 40 22 57 23223 496171 32093 17% 11 31446 7547 12%
c } 23.80 40 21 57 23641 511009 44282 17% 11 31446 7547 12%
c [ 23.80 40 70 57 23641 511009 44282 40% 37 31446 7547 12%
c - 23.89 40 69 58 23641 513573 32483 39% 36 31446 7547 12%
c d 24.64 40 67 58 23641 525011 42284 39% 35 31445 7542 12%
c 3 24.64 40 67 58 23641 525011 45599 39% 35 31445 7542 12%
c 3 24.65 40 67 58 23641 525011 46601 39% 35 31445 7542 12%
c d 24.66 40 67 58 23641 525011 46571 39% 35 31445 7539 12%
c 2 24.66 40 67 58 23641 525011 46571 39% 35 31443 7539 12%
c p 24.69 40 67 58 23641 525011 51840 39% 35 31443 7539 12%
c d 24.70 40 67 58 23641 525011 51836 39% 35 31443 7538 12%
c W 25.10 40 69 58 23641 528071 54722 40% 36 31443 7538 12%
c - 25.34 48 69 59 23641 531273 34338 39% 36 31443 7538 12%
c 
c  seconds  reductions        redundant   irredundant
c         MB      restarts           trail      variables
c          level       conflicts         glue        remaining
c 
c - 26.62 47 70 60 23647 549273 33569 39% 37 31443 7538 12%
c s 27.29 47 71 60 23652 558650 40852 39% 38 31443 7538 12%
c v 27.32 47 71 60 23652 558650 40852 39% 38 31419 7538 12%
c w 27.34 47 71 60 23652 558650 40851 39% 38 31419 7538 12%
c e 27.37 47 71 60 23652 558650 14793 39% 38 31709 7015 11%
c s 27.39 47 71 60 23652 558650 14616 39% 38 31677 7015 11%
c I 27.49 40 71 60 23654 561072 16846 25% 38 31677 7015 11%
c - 27.66 40 70 61 23656 567577 18387 22% 37 31677 7015 11%
c - 28.61 41 74 62 23663 586179 27445 33% 38 31677 7015 11%
c B 29.29 41 76 62 23669 595079 35299 36% 41 31677 7015 11%
c d 29.61 41 77 62 23671 600012 39950 37% 41 31677 7013 11%
c 3 29.61 41 77 62 23671 600012 43270 37% 41 31677 7013 11%
c 3 29.62 41 77 62 23671 600012 44151 37% 41 31677 7013 11%
c 2 29.62 41 77 62 23671 600012 44150 37% 41 31677 7013 11%
c p 29.64 41 77 62 23671 600012 48833 37% 41 31677 7013 11%
c - 30.06 50 78 63 23671 605079 31058 38% 42 31677 7013 11%
c - 31.57 51 82 64 23672 624280 33190 40% 44 31677 7013 11%
c W 32.27 51 82 64 23677 630080 38654 41% 44 31677 7013 11%
c s 32.44 51 81 64 23678 632598 40764 41% 44 31671 7013 11%
c v 32.48 51 81 64 23678 632598 40764 41% 44 31524 7013 11%
c 
c  seconds  reductions        redundant   irredundant
c         MB      restarts           trail      variables
c          level       conflicts         glue        remaining
c 
c w 32.50 51 81 64 23678 632598 40757 41% 44 31524 7013 11%
c t 32.50 51 81 64 23678 632598 40757 41% 44 31522 7013 11%
c e 32.51 51 81 64 23678 632598 40753 41% 44 31517 6999 11%
c s 32.55 51 81 64 23678 632598 40701 41% 44 31496 6999 11%
c e 32.56 51 81 64 23678 632598 40671 41% 44 31496 6998 11%
c - 33.37 50 82 65 23685 643780 35137 41% 44 31496 6998 11%
c - 34.66 42 81 66 23692 663583 34330 42% 42 31496 6998 11%
c O 34.84 42 80 66 23694 666083 36653 42% 42 31496 6998 11%
c d 35.61 42 79 66 23701 680013 49739 41% 41 31496 6996 11%
c 3 35.62 42 79 66 23701 680013 51625 41% 41 31496 6996 11%
c 3 35.62 42 79 66 23701 680013 52637 41% 41 31496 6996 11%
c p 35.65 42 79 66 23701 680013 57133 41% 41 31496 6996 11%
c - 36.00 50 79 67 23702 683683 34370 42% 41 31496 6996 11%
c B 37.68 50 81 67 23703 703084 52632 43% 43 31496 6996 11%
c - 37.79 60 81 68 23703 704083 35278 43% 43 31496 6996 11%
c s 38.16 60 82 68 23704 710724 41128 43% 44 31490 6996 11%
c v 38.20 60 82 68 23704 710724 41128 43% 44 31411 6996 11%
c w 38.22 60 82 68 23704 710724 41123 43% 44 31411 6996 11%
c e 38.23 60 82 68 23704 710724 40868 43% 44 31401 6982 11%
c s 38.25 60 82 68 23704 710724 40799 43% 44 31401 6982 11%
c 
c  seconds  reductions        redundant   irredundant
c         MB      restarts           trail      variables
c          level       conflicts         glue        remaining
c 
c - 38.87 50 80 69 23704 724785 34249 40% 43 31401 6982 11%
c W 40.43 50 81 69 23705 741086 49682 40% 44 31401 6982 11%
c - 40.76 51 81 70 23705 745788 35777 40% 44 31401 6982 11%
c d 42.16 51 81 70 23705 765014 54129 41% 43 31401 6974 11%
c 3 42.17 51 81 70 23705 765014 57000 41% 43 31401 6974 11%
c 2 42.18 51 81 70 23705 765014 56999 41% 43 31401 6974 11%
c p 42.21 51 81 70 23705 765014 61619 41% 43 31401 6974 11%
c - 42.50 60 81 71 23705 767090 36765 41% 44 31401 6974 11%
c I 43.65 60 80 71 23705 780087 48983 41% 44 31401 6974 11%
c - 44.19 60 80 72 23705 788690 37845 41% 44 31401 6974 11%
c s 44.45 60 79 72 23705 793150 41688 41% 44 31401 6974 11%
c v 44.49 60 79 72 23705 793150 41688 41% 44 31211 6974 11%
c w 44.51 60 79 72 23705 793150 41687 41% 44 31211 6974 11%
c e 44.52 60 79 72 23705 793150 41687 41% 44 31213 6972 11%
c s 44.53 60 79 72 23705 793150 41649 41% 44 31212 6972 11%
c - 45.58 60 77 73 23708 810591 37228 41% 44 31212 6972 11%
c B 46.09 60 77 73 23713 820090 45902 41% 43 31212 6972 11%
c - 47.02 60 76 74 23720 832791 36395 40% 43 31212 6972 11%
c d 49.01 60 73 74 23729 855016 56483 41% 43 31212 6971 11%
c 3 49.02 60 73 74 23729 855016 58976 41% 43 31212 6971 11%
c 
c  seconds  reductions        redundant   irredundant
c         MB      restarts           trail      variables
c          level       conflicts         glue        remaining
c 
c p 49.05 60 73 74 23729 855016 63654 41% 43 31212 6971 11%
c - 49.12 60 73 75 23729 855291 37710 41% 43 31212 6971 11%
c W 49.75 60 74 75 23733 861093 43152 41% 43 31212 6971 11%
c - 51.33 45 74 76 23736 878092 38715 42% 44 31212 6971 11%
c s 51.51 45 74 76 23736 879649 40046 42% 44 31209 6971 11%
c v 51.55 45 74 76 23736 879649 40046 42% 44 31178 6971 11%
c w 51.57 45 74 76 23736 879649 40044 42% 44 31178 6971 11%
c t 51.57 45 74 76 23736 879649 40043 42% 44 31178 6971 11%
c e 51.58 45 74 76 23736 879649 40034 42% 44 31180 6968 11%
c s 51.59 45 74 76 23736 879649 40019 42% 44 31180 6968 11%
c - 53.73 45 74 77 23743 901192 41067 43% 44 31180 6968 11%
c O 53.91 45 73 77 23743 903094 42730 43% 44 31180 6968 11%
c - 54.58 34 66 78 23752 924593 39122 38% 40 31180 6968 11%
c B 55.25 34 59 78 23765 946095 57538 35% 36 31180 6968 11%
c - 55.41 41 60 79 23765 948293 38073 35% 36 31180 6968 11%
c 3 55.51 41 60 79 23766 950016 42150 35% 36 31180 6968 11%
c 2 55.51 41 60 79 23766 950016 42149 35% 36 31180 6968 11%
c p 55.53 41 60 79 23766 950016 46869 35% 36 31180 6968 11%
c d 55.54 41 60 79 23766 950016 46862 35% 36 31180 6967 11%
c s 56.37 41 57 79 23767 970445 65195 33% 34 31178 6967 11%
c 
c  seconds  reductions        redundant   irredundant
c         MB      restarts           trail      variables
c          level       conflicts         glue        remaining
c 
c v 56.41 41 57 79 23767 970445 65195 33% 34 31140 6967 11%
c w 56.43 41 57 79 23767 970445 65190 33% 34 31140 6967 11%
c t 56.43 41 57 79 23767 970445 65189 33% 34 31140 6967 11%
c s 56.45 41 57 79 23767 970445 65177 33% 34 31140 6967 11%
c - 56.59 41 57 80 23767 972295 39452 33% 34 31140 6967 11%
c W 58.24 41 61 80 23768 990096 56525 35% 34 31140 6967 11%
c - 58.76 45 62 81 23768 996596 40792 35% 34 31140 6967 11%
c - 60.01 52 63 82 23777 1021196 40752 34% 34 31140 6967 11%
c ] 60.13 52 64 82 23778 1023009 42481 34% 34 31140 6967 11%
c { 60.13 52 21 82 23778 1023009 42481 19% 11 31140 6967 11%
c # 60.56 52 22 82 26458 1035097 52744 19% 11 31140 6967 11%
c - 61.13 52 22 83 28231 1046096 39948 19% 11 31140 6967 11%
c d 61.22 52 22 83 29232 1050016 43052 19% 11 31140 6963 11%
c 3 61.23 52 22 83 29232 1050016 44731 19% 11 31140 6963 11%
c d 61.24 52 22 83 29232 1050016 45562 19% 11 31140 6962 11%
c 2 61.24 52 22 83 29232 1050016 45558 19% 11 31140 6962 11%
c p 61.26 52 22 83 29232 1050016 50059 19% 11 31140 6962 11%
c s 62.18 52 23 83 30435 1065493 61113 19% 11 31133 6962 11%
c v 62.22 52 23 83 30435 1065493 61113 19% 11 31131 6962 11%
c w 62.25 52 23 83 30435 1065493 61101 19% 11 31131 6962 11%
c 
c  seconds  reductions         redundant   irredundant
c         MB      restarts            trail      variables
c          level        conflicts         glue        remaining
c 
c t 62.25 52 23 83 30435 1065493 61098 19% 11 31131 6962 11%
c e 62.25 52 23 83 30435 1065493 61061 19% 11 31130 6961 11%
c s 62.31 52 23 83 30435 1065493 60819 19% 11 31130 6961 11%
c - 62.77 52 24 84 31147 1071296 42126 20% 11 31130 6961 11%
c B 63.04 52 24 84 31503 1081103 50393 20% 11 31130 6961 11%
c - 63.76 52 24 85 32568 1096798 43091 20% 11 31130 6961 11%
c - 64.51 52 23 86 33559 1122598 42363 20% 11 31130 6961 11%
c W 65.00 52 24 86 33944 1128110 47227 20% 11 31130 6961 11%
c - 65.74 52 24 87 35363 1148699 43408 19% 11 31130 6961 11%
c d 66.03 52 24 87 35804 1155016 48851 19% 11 31130 6950 11%
c 3 66.04 52 24 87 35804 1155016 50855 19% 11 31130 6950 11%
c d 66.06 52 24 87 35804 1155016 51666 19% 11 31130 6949 11%
c 2 66.06 52 24 87 35804 1155016 51662 19% 11 31130 6949 11%
c p 66.08 52 24 87 35804 1155016 55732 19% 11 31130 6949 11%
c s 66.78 52 26 87 37758 1164897 61747 20% 12 31123 6949 11%
c v 66.81 52 26 87 37758 1164897 61747 20% 12 31120 6949 11%
c w 66.84 52 26 87 37758 1164897 61741 20% 12 31120 6949 11%
c t 66.84 52 26 87 37758 1164897 61739 20% 12 31120 6949 11%
c s 66.88 52 26 87 37758 1164897 61586 20% 12 31120 6949 11%
c - 67.17 52 25 88 38056 1175099 45890 20% 12 31120 6949 11%
c 
c  seconds  reductions         redundant   irredundant
c         MB      restarts            trail      variables
c          level        conflicts         glue        remaining
c 
c F 67.20 52 25 88 38062 1176113 46778 20% 12 31120 6949 11%
c - 68.40 52 25 89 40164 1201799 46969 20% 12 31120 6949 11%
c 
c caught signal 15 (SIGTERM)
c 
c --- [ result ] -------------------------------------------------------------
c 
c UNKNOWN
c 
c --- [ run-time profiling ] -------------------------------------------------
c 
c process time taken by individual solving procedures
c (percentage relative to process time for solving)
c 
c        65.55   95.58% search
c        44.34   64.66% stable
c        19.27   28.09% unstable
c         3.03    4.42% simplify
c         1.94    2.83% walk
c         0.87    1.27% subsume
c         0.81    1.17% vivify
c         0.39    0.57% elim
c         0.33    0.48% probe
c         0.25    0.37% ternary
c         0.05    0.08% parse
c         0.01    0.01% lucky
c   =================================
c        68.58   99.92% solve
c 
c last line shows process time for solving
c (percentage relative to total process time)
c 
c --- [ statistics ] ---------------------------------------------------------
c 
c blocked:                       0         0.00 %  of irredundant clauses
c   blockings:                   0         0.00    internal
c   candidates:                  0         0.00    per blocking 
c   blockres:                    0         0.00    per candidate
c   pure:                        0         0.00 %  of all variables
c   pureclauses:                 0         0.00    per pure literal
c chronological:            277752        22.99 %  of conflicts
c compacts:                      3    402692.00    interval
c conflicts:               1208076     17614.85    per second
c   backtracked:           1589434       131.57 %  of conflicts
c conditioned:                   0         0.00 %  of irredundant clauses
c   conditionings:               0         0.00    interval
c   condcands:                   0         0.00    candidate clauses
c   condassinit:                 0.0       0.00 %  initial assigned
c   condcondinit:                0.0       0.00 %  initial condition
c   condautinit:                 0.0       0.00 %  initial autarky
c   condassrem:                  0.0       0.00 %  final assigned
c   condcondrem:                 0.000     0.00 %  final conditional
c   condautrem:                  0.000     0.00 %  final autarky
c   condprops:                   0         0.00    per candidate
c covered:                       0         0.00 %  of irredundant clauses
c   coverings:                   0         0.00    interval
c   asymmetric:                  0         0.00 %  of covered clauses
c   blocked:                     0         0.00 %  of covered clauses
c decisions:               2709323     39504.41    per second
c   searched:             10151290         3.75    per decision
c eliminated:                49392        78.16 %  of all variables
c   elimphases:                 23     52525.04    interval
c   elimrounds:                 45         1.96    per phase
c   elimtried:               80237        61.56 %  eliminated
c   elimgates:               12209        15.22 %  gates per tried
c   elimequivs:                135         1.11 %  equivalence gates
c   elimands:                12072        98.88 %  and gates
c   elimites:                    2         0.02 %  if-then-else gates
c   elimxors:                    0         0.00 %  xor gates
c   elimsubst:                1125         2.28 %  substituted
c   elimres:                531976        10.77    per eliminated
c   elimrestried:           478296        89.91 %  per resolution
c ext.prop. calls:               0         0.00 %  of queries
c   propagating:                 0         0.00 %  per eprop-call
c   explained:                   0         0.00 %  per eprop-call
c   falsified:                   0         0.00 %  per eprop-call
c ext.clause calls:              0         0.00 %  of queries
c   learned:                     0         0.00 %  per called
c   conflicting:                 0         0.00 %  per learned
c   propagating:                 0         0.00 %  per learned
c ext.final check:               0         0.00 %  of queries
c fixed:                      6678        10.57 %  of all variables
c   failed:                     69         0.11 %  of all variables
c   probefailed:                58        84.06 %  per failed
c   transredunits:               9        13.04 %  per failed
c   probingphases:              21     57527.43    interval
c   probesuccess:               21       100.00 %  phases
c   probingrounds:              21         1.00    per phase
c   probed:                  67670       980.72    per failed
c   hbrs:                   118367         1.75    per probed
c   hbrsizes:               480355         4.06    per hbr
c   hbreds:                 114375        96.63 %  per hbr
c   hbrsubs:                   547         0.46 %  per hbr
c   units:                      32     37752.38    interval
c   binaries:                 1080      1118.59    interval
c flushed:                       0         0.00 %  per conflict
c   hyper:                       0         0.00 %  per conflict
c   flushings:                   0         0.00    interval
c instantiated:                  0         0.00 %  of tried
c   instrounds:                  0         0.00 %  of elimrounds
c learned:                 1181955        97.84 %  per conflict
c   bumped:               34568916        29.25    per learned
c   recomputed:            4770135       403.58 %  per learned
c   promoted1:                9060         0.77 %  per learned
c   promoted2:               26199         2.22 %  per learned
c   improvedglue:           462001        39.09 %  per learned
c lucky:                         0         0.00 %  of tried
c   constantzero                 0         0.00 %  of tried
c   constantone                  0         0.00 %  of tried
c   backwardone                  0         0.00 %  of tried
c   backwardzero                 0         0.00 %  of tried
c   forwardone                   0         0.00 %  of tried
c   forwardzero                  0         0.00 %  of tried
c   positivehorn                 0         0.00 %  of tried
c   negativehorn                 0         0.00 %  of tried
c   extendbytes:           3118460         2.97    bytes and MB
c learned_lits:           96357610       100.00 %  learned literals
c minimized:                     0         0.00 %  learned literals
c shrunken:               23788171        24.69 %  learned literals
c minishrunken:           12175100        12.64 %  learned literals
c otfs:                       3117         0.26 %  of conflict
c   subsumed                   175         0.01 %  of conflict
c   strengthened              2942         0.24 %  of conflict
c propagations:          398899989         5.82 M  per second
c   coverprops:                  0         0.00 %  of propagations
c   probeprops:            2553725         0.64 %  of propagations
c   searchprops:         348417932        87.34 %  of propagations
c   transredprops:         1093021         0.27 %  of propagations
c   vivifyprops:           7275922         1.82 %  of propagations
c   walkprops:            39559389         9.92 %  of propagations
c reactivated:                   0         0.00 %  of all variables
c reduced:                  970042        80.30 %  per conflict
c   reductions:                 89     13573.89    interval
c   collections:                93     12990.06    interval
c rephased:                     48     25168.25    interval
c   rephasedbest:               15        31.25 %  rephased best
c   rephasedflip:                5        10.42 %  rephased flipping
c   rephasedinv:                 4         8.33 %  rephased inverted
c   rephasedorig:                5        10.42 %  rephased original
c   rephasedrand:                4         8.33 %  rephased random
c   rephasedwalk:               15        31.25 %  rephased walk
c rescored:                     99     12202.79    interval
c restarts:                  40653        29.72    interval
c   reused:                  28776        70.78 %  per restart
c   reusedlevels:           276007        18.39 %  per restart levels
c restored:                      0         0.00 %  per weakened
c   restorations:                0         0.00 %  per extension
c   literals:                    0         0.00    per restored clause
c stabilizing:                   5        56.45 %  of conflicts
c   restartstab:               199         0.49 %  of all restarts
c   reusedstab:                180        90.45 %  per stable restarts
c substituted:                 177         0.28 %  of all variables
c   decompositions:            106         5.05    per phase
c subsumed:                 138153         4.38 %  of all clauses
c   subsumephases:              23     52525.04    interval
c   subsumerounds:              46         2.00    per phase
c   deduplicated:               58         0.04 %  per subsumed
c   transreds:                  23     52525.04    interval
c   transitive:                610         0.44 %  per subsumed
c   subirr:                   7576         5.48 %  of subsumed
c   subred:                  13114         9.49 %  of subsumed
c   subtried:              1489998        10.79    tried per subsumed
c   subchecks:            68755474        46.14    per tried
c   subchecks2:            3927688         5.71 %  per subcheck
c   elimotfsub:                  0         0.00 %  of subsumed
c   elimbwsub:                1213         0.88 %  of subsumed
c   eagersub:               113879        82.43 %  of subsumed
c   eagertried:           26002306       228.33    tried per eagersub
c strengthened:              35448         1.12 %  of all clauses
c   elimotfstr:               4113        11.60 %  of strengthened
c   elimbwstr:                 145         0.41 %  of strengthened
c ternary:                   91372         1.47 %  of resolved
c   phases:                     42     28763.71    interval
c   htr3:                    91275        99.89 %  ternary hyper ternres
c   htr2:                       97         0.11 %  binary hyper ternres
c vivified:                   3187         0.10 %  of all clauses
c   vivifications:              23     52525.04    interval
c   vivifychecks:            96011         7.95 %  per conflict
c   vivifysched:            910050        10.55 %  checks per scheduled
c   vivifyunits:                 0         0.00 %  per vivify check
c   vivifyinst:                401         0.42 %  per vivify check
c   vivifysubs:               2209         1.60 %  per subsumed
c   vivifystrs:                978         2.76 %  per strengthened
c   vivifystrirr:              581        59.41 %  per vivifystrs
c   vivifystred1:                8         0.82 %  per vivifystrs
c   vivifystred2:              175        17.89 %  per vivifystrs
c   vivifystred3:              214        21.88 %  per vivifystrs
c   vivifydecs:             385933         4.02    per checks
c   vivifyreused:           117306        30.40 %  per decision
c walked:                       15     80538.40    interval
c   flips:                 2338611         1.21 M  per second
c   minimum:                    25         0.01 %  clauses
c   broken:              134472418        57.50    per flip
c weakened:                 121792         3.40    average size
c   extensions:                  0         0.00    interval
c   flipped:                     0         0.00    per weakened
c 
c seconds are measured in process time for solving
c 
c --- [ resources ] ----------------------------------------------------------
c 
c total process time since initialization:        68.63    seconds
c total real time since initialization:           68.68    seconds
c maximum resident set size of process:           70.72    MB
c 
c raising signal 15 (SIGTERM)
